Archive member included to satisfy reference by file (symbol)

C:/ST/STM32CubeIDE_1.15.1/STM32CubeIDE/plugins/com.st.stm32cube.ide.mcu.externaltools.gnu-tools-for-stm32.12.3.rel1.win32_1.0.100.202403111256/tools/bin/../lib/gcc/arm-none-eabi/12.3.1/../../../../arm-none-eabi/lib/thumb/v7e-m+dp/hard\libstdc++_nano.a(del_ops.o)
                              ./Core/Src/Codec.o (operator delete(void*, unsigned int))
C:/ST/STM32CubeIDE_1.15.1/STM32CubeIDE/plugins/com.st.stm32cube.ide.mcu.externaltools.gnu-tools-for-stm32.12.3.rel1.win32_1.0.100.202403111256/tools/bin/../lib/gcc/arm-none-eabi/12.3.1/../../../../arm-none-eabi/lib/thumb/v7e-m+dp/hard\libstdc++_nano.a(del_op.o)
                              C:/ST/STM32CubeIDE_1.15.1/STM32CubeIDE/plugins/com.st.stm32cube.ide.mcu.externaltools.gnu-tools-for-stm32.12.3.rel1.win32_1.0.100.202403111256/tools/bin/../lib/gcc/arm-none-eabi/12.3.1/../../../../arm-none-eabi/lib/thumb/v7e-m+dp/hard\libstdc++_nano.a(del_ops.o) (operator delete(void*))
C:/ST/STM32CubeIDE_1.15.1/STM32CubeIDE/plugins/com.st.stm32cube.ide.mcu.externaltools.gnu-tools-for-stm32.12.3.rel1.win32_1.0.100.202403111256/tools/bin/../lib/gcc/arm-none-eabi/12.3.1/../../../../arm-none-eabi/lib/thumb/v7e-m+dp/hard\libc_nano.a(libc_a-exit.o)
                              C:/ST/STM32CubeIDE_1.15.1/STM32CubeIDE/plugins/com.st.stm32cube.ide.mcu.externaltools.gnu-tools-for-stm32.12.3.rel1.win32_1.0.100.202403111256/tools/bin/../lib/gcc/arm-none-eabi/12.3.1/../../../../arm-none-eabi/lib/thumb/v7e-m+dp/hard/crt0.o (exit)
C:/ST/STM32CubeIDE_1.15.1/STM32CubeIDE/plugins/com.st.stm32cube.ide.mcu.externaltools.gnu-tools-for-stm32.12.3.rel1.win32_1.0.100.202403111256/tools/bin/../lib/gcc/arm-none-eabi/12.3.1/../../../../arm-none-eabi/lib/thumb/v7e-m+dp/hard\libc_nano.a(libc_a-malloc.o)
                              C:/ST/STM32CubeIDE_1.15.1/STM32CubeIDE/plugins/com.st.stm32cube.ide.mcu.externaltools.gnu-tools-for-stm32.12.3.rel1.win32_1.0.100.202403111256/tools/bin/../lib/gcc/arm-none-eabi/12.3.1/../../../../arm-none-eabi/lib/thumb/v7e-m+dp/hard\libstdc++_nano.a(del_op.o) (free)
C:/ST/STM32CubeIDE_1.15.1/STM32CubeIDE/plugins/com.st.stm32cube.ide.mcu.externaltools.gnu-tools-for-stm32.12.3.rel1.win32_1.0.100.202403111256/tools/bin/../lib/gcc/arm-none-eabi/12.3.1/../../../../arm-none-eabi/lib/thumb/v7e-m+dp/hard\libc_nano.a(libc_a-mallocr.o)
                              C:/ST/STM32CubeIDE_1.15.1/STM32CubeIDE/plugins/com.st.stm32cube.ide.mcu.externaltools.gnu-tools-for-stm32.12.3.rel1.win32_1.0.100.202403111256/tools/bin/../lib/gcc/arm-none-eabi/12.3.1/../../../../arm-none-eabi/lib/thumb/v7e-m+dp/hard\libc_nano.a(libc_a-malloc.o) (_malloc_r)
C:/ST/STM32CubeIDE_1.15.1/STM32CubeIDE/plugins/com.st.stm32cube.ide.mcu.externaltools.gnu-tools-for-stm32.12.3.rel1.win32_1.0.100.202403111256/tools/bin/../lib/gcc/arm-none-eabi/12.3.1/../../../../arm-none-eabi/lib/thumb/v7e-m+dp/hard\libc_nano.a(libc_a-mlock.o)
                              C:/ST/STM32CubeIDE_1.15.1/STM32CubeIDE/plugins/com.st.stm32cube.ide.mcu.externaltools.gnu-tools-for-stm32.12.3.rel1.win32_1.0.100.202403111256/tools/bin/../lib/gcc/arm-none-eabi/12.3.1/../../../../arm-none-eabi/lib/thumb/v7e-m+dp/hard\libc_nano.a(libc_a-mallocr.o) (__malloc_lock)
C:/ST/STM32CubeIDE_1.15.1/STM32CubeIDE/plugins/com.st.stm32cube.ide.mcu.externaltools.gnu-tools-for-stm32.12.3.rel1.win32_1.0.100.202403111256/tools/bin/../lib/gcc/arm-none-eabi/12.3.1/../../../../arm-none-eabi/lib/thumb/v7e-m+dp/hard\libc_nano.a(libc_a-findfp.o)
                              C:/ST/STM32CubeIDE_1.15.1/STM32CubeIDE/plugins/com.st.stm32cube.ide.mcu.externaltools.gnu-tools-for-stm32.12.3.rel1.win32_1.0.100.202403111256/tools/bin/../lib/gcc/arm-none-eabi/12.3.1/../../../../arm-none-eabi/lib/thumb/v7e-m+dp/hard\libc_nano.a(libc_a-exit.o) (__stdio_exit_handler)
C:/ST/STM32CubeIDE_1.15.1/STM32CubeIDE/plugins/com.st.stm32cube.ide.mcu.externaltools.gnu-tools-for-stm32.12.3.rel1.win32_1.0.100.202403111256/tools/bin/../lib/gcc/arm-none-eabi/12.3.1/../../../../arm-none-eabi/lib/thumb/v7e-m+dp/hard\libc_nano.a(libc_a-fwalk.o)
                              C:/ST/STM32CubeIDE_1.15.1/STM32CubeIDE/plugins/com.st.stm32cube.ide.mcu.externaltools.gnu-tools-for-stm32.12.3.rel1.win32_1.0.100.202403111256/tools/bin/../lib/gcc/arm-none-eabi/12.3.1/../../../../arm-none-eabi/lib/thumb/v7e-m+dp/hard\libc_nano.a(libc_a-findfp.o) (_fwalk_sglue)
C:/ST/STM32CubeIDE_1.15.1/STM32CubeIDE/plugins/com.st.stm32cube.ide.mcu.externaltools.gnu-tools-for-stm32.12.3.rel1.win32_1.0.100.202403111256/tools/bin/../lib/gcc/arm-none-eabi/12.3.1/../../../../arm-none-eabi/lib/thumb/v7e-m+dp/hard\libc_nano.a(libc_a-stdio.o)
                              C:/ST/STM32CubeIDE_1.15.1/STM32CubeIDE/plugins/com.st.stm32cube.ide.mcu.externaltools.gnu-tools-for-stm32.12.3.rel1.win32_1.0.100.202403111256/tools/bin/../lib/gcc/arm-none-eabi/12.3.1/../../../../arm-none-eabi/lib/thumb/v7e-m+dp/hard\libc_nano.a(libc_a-findfp.o) (__sread)
[...]
Memory Configuration

Name             Origin             Length             Attributes
ITCMRAM          0x00000000         0x00010000         xrw
DTCMRAM          0x20000000         0x00020000         xrw
FLASH            0x08000000         0x00100000         xr
RAM_D1           0x24000000         0x00050000         xrw
RAM_D2           0x30000000         0x00008000         xrw
RAM_D3           0x38000000         0x00004000         xrw
*default*        0x00000000         0xffffffff

Linker script and memory map

LOAD C:/ST/STM32CubeIDE_1.15.1/STM32CubeIDE/plugins/com.st.stm32cube.ide.mcu.externaltools.gnu-tools-for-stm32.12.3.rel1.win32_1.0.100.202403111256/tools/bin/../lib/gcc/arm-none-eabi/12.3.1/thumb/v7e-m+dp/hard/crti.o
LOAD C:/ST/STM32CubeIDE_1.15.1/STM32CubeIDE/plugins/com.st.stm32cube.ide.mcu.externaltools.gnu-tools-for-stm32.12.3.rel1.win32_1.0.100.202403111256/tools/bin/../lib/gcc/arm-none-eabi/12.3.1/thumb/v7e-m+dp/hard/crtbegin.o
LOAD C:/ST/STM32CubeIDE_1.15.1/STM32CubeIDE/plugins/com.st.stm32cube.ide.mcu.externaltools.gnu-tools-for-stm32.12.3.rel1.win32_1.0.100.202403111256/tools/bin/../lib/gcc/arm-none-eabi/12.3.1/../../../../arm-none-eabi/lib/thumb/v7e-m+dp/hard/crt0.o
LOAD ./Core/Src/Codec.o
LOAD ./Core/Src/Synth.o
LOAD ./Core/Src/dma.o
LOAD ./Core/Src/gpio.o
LOAD ./Core/Src/i2c.o
LOAD ./Core/Src/i2s.o
LOAD ./Core/Src/led.o
LOAD ./Core/Src/main.o
LOAD ./Core/Src/stm32h7xx_hal_msp.o
LOAD ./Core/Src/stm32h7xx_it.o
LOAD ./Core/Src/syscalls.o
LOAD ./Core/Src/sysmem.o
LOAD ./Core/Src/system_stm32h7xx.o
LOAD ./Core/Startup/startup_stm32h723vgtx.o
LOAD ./Drivers/STM32H7xx_HAL_Driver/Src/stm32h7xx_hal.o
LOAD ./Drivers/STM32H7xx_HAL_Driver/Src/stm32h7xx_hal_cortex.o
LOAD ./Drivers/STM32H7xx_HAL_Driver/Src/stm32h7xx_hal_dma.o
LOAD ./Drivers/STM32H7xx_HAL_Driver/Src/stm32h7xx_hal_dma_ex.o
LOAD ./Drivers/STM32H7xx_HAL_Driver/Src/stm32h7xx_hal_exti.o
LOAD ./Drivers/STM32H7xx_HAL_Driver/Src/stm32h7xx_hal_flash.o
LOAD ./Drivers/STM32H7xx_HAL_Driver/Src/stm32h7xx_hal_flash_ex.o
LOAD ./Drivers/STM32H7xx_HAL_Driver/Src/stm32h7xx_hal_gpio.o
LOAD ./Drivers/STM32H7xx_HAL_Driver/Src/stm32h7xx_hal_hsem.o
LOAD ./Drivers/STM32H7xx_HAL_Driver/Src/stm32h7xx_hal_i2c.o
LOAD ./Drivers/STM32H7xx_HAL_Driver/Src/stm32h7xx_hal_i2c_ex.o
LOAD ./Drivers/STM32H7xx_HAL_Driver/Src/stm32h7xx_hal_i2s.o
LOAD ./Drivers/STM32H7xx_HAL_Driver/Src/stm32h7xx_hal_i2s_ex.o
LOAD ./Drivers/STM32H7xx_HAL_Driver/Src/stm32h7xx_hal_mdma.o
LOAD ./Drivers/STM32H7xx_HAL_Driver/Src/stm32h7xx_hal_pwr.o
LOAD ./Drivers/STM32H7xx_HAL_Driver/Src/stm32h7xx_hal_pwr_ex.o
LOAD ./Drivers/STM32H7xx_HAL_Driver/Src/stm32h7xx_hal_rcc.o
LOAD ./Drivers/STM32H7xx_HAL_Driver/Src/stm32h7xx_hal_rcc_ex.o
LOAD ./Drivers/STM32H7xx_HAL_Driver/Src/stm32h7xx_hal_tim.o
LOAD ./Drivers/STM32H7xx_HAL_Driver/Src/stm32h7xx_hal_tim_ex.o
START GROUP
LOAD C:/ST/STM32CubeIDE_1.15.1/STM32CubeIDE/plugins/com.st.stm32cube.ide.mcu.externaltools.gnu-tools-for-stm32.12.3.rel1.win32_1.0.100.202403111256/tools/bin/../lib/gcc/arm-none-eabi/12.3.1/../../../../arm-none-eabi/lib/thumb/v7e-m+dp/hard\libstdc++_nano.a
LOAD C:/ST/STM32CubeIDE_1.15.1/STM32CubeIDE/plugins/com.st.stm32cube.ide.mcu.externaltools.gnu-tools-for-stm32.12.3.rel1.win32_1.0.100.202403111256/tools/bin/../lib/gcc/arm-none-eabi/12.3.1/../../../../arm-none-eabi/lib/thumb/v7e-m+dp/hard\libsupc++_nano.a
END GROUP
LOAD C:/ST/STM32CubeIDE_1.15.1/STM32CubeIDE/plugins/com.st.stm32cube.ide.mcu.externaltools.gnu-tools-for-stm32.12.3.rel1.win32_1.0.100.202403111256/tools/bin/../lib/gcc/arm-none-eabi/12.3.1/../../../../arm-none-eabi/lib/thumb/v7e-m+dp/hard\libstdc++_nano.a
LOAD C:/ST/STM32CubeIDE_1.15.1/STM32CubeIDE/plugins/com.st.stm32cube.ide.mcu.externaltools.gnu-tools-for-stm32.12.3.rel1.win32_1.0.100.202403111256/tools/bin/../lib/gcc/arm-none-eabi/12.3.1/../../../../arm-none-eabi/lib/thumb/v7e-m+dp/hard\libm.a
LOAD C:/ST/STM32CubeIDE_1.15.1/STM32CubeIDE/plugins/com.st.stm32cube.ide.mcu.externaltools.gnu-tools-for-stm32.12.3.rel1.win32_1.0.100.202403111256/tools/bin/../lib/gcc/arm-none-eabi/12.3.1/../../../../arm-none-eabi/lib/thumb/v7e-m+dp/hard\libc_nano.a
START GROUP
LOAD C:/ST/STM32CubeIDE_1.15.1/STM32CubeIDE/plugins/com.st.stm32cube.ide.mcu.externaltools.gnu-tools-for-stm32.12.3.rel1.win32_1.0.100.202403111256/tools/bin/../lib/gcc/arm-none-eabi/12.3.1/thumb/v7e-m+dp/hard\libgcc.a
LOAD C:/ST/STM32CubeIDE_1.15.1/STM32CubeIDE/plugins/com.st.stm32cube.ide.mcu.externaltools.gnu-tools-for-stm32.12.3.rel1.win32_1.0.100.202403111256/tools/bin/../lib/gcc/arm-none-eabi/12.3.1/../../../../arm-none-eabi/lib/thumb/v7e-m+dp/hard\libc_nano.a
END GROUP
START GROUP
LOAD C:/ST/STM32CubeIDE_1.15.1/STM32CubeIDE/plugins/com.st.stm32cube.ide.mcu.externaltools.gnu-tools-for-stm32.12.3.rel1.win32_1.0.100.202403111256/tools/bin/../lib/gcc/arm-none-eabi/12.3.1/thumb/v7e-m+dp/hard\libgcc.a
LOAD C:/ST/STM32CubeIDE_1.15.1/STM32CubeIDE/plugins/com.st.stm32cube.ide.mcu.externaltools.gnu-tools-for-stm32.12.3.rel1.win32_1.0.100.202403111256/tools/bin/../lib/gcc/arm-none-eabi/12.3.1/../../../../arm-none-eabi/lib/thumb/v7e-m+dp/hard\libc_nano.a
LOAD C:/ST/STM32CubeIDE_1.15.1/STM32CubeIDE/plugins/com.st.stm32cube.ide.mcu.externaltools.gnu-tools-for-stm32.12.3.rel1.win32_1.0.100.202403111256/tools/bin/../lib/gcc/arm-none-eabi/12.3.1/../../../../arm-none-eabi/lib/thumb/v7e-m+dp/hard\libnosys.a
END GROUP
START GROUP
LOAD C:/ST/STM32CubeIDE_1.15.1/STM32CubeIDE/plugins/com.st.stm32cube.ide.mcu.externaltools.gnu-tools-for-stm32.12.3.rel1.win32_1.0.100.202403111256/tools/bin/../lib/gcc/arm-none-eabi/12.3.1/thumb/v7e-m+dp/hard\libgcc.a
LOAD C:/ST/STM32CubeIDE_1.15.1/STM32CubeIDE/plugins/com.st.stm32cube.ide.mcu.externaltools.gnu-tools-for-stm32.12.3.rel1.win32_1.0.100.202403111256/tools/bin/../lib/gcc/arm-none-eabi/12.3.1/../../../../arm-none-eabi/lib/thumb/v7e-m+dp/hard\libc_nano.a
LOAD C:/ST/STM32CubeIDE_1.15.1/STM32CubeIDE/plugins/com.st.stm32cube.ide.mcu.externaltools.gnu-tools-for-stm32.12.3.rel1.win32_1.0.100.202403111256/tools/bin/../lib/gcc/arm-none-eabi/12.3.1/../../../../arm-none-eabi/lib/thumb/v7e-m+dp/hard\libnosys.a
END GROUP
LOAD C:/ST/STM32CubeIDE_1.15.1/STM32CubeIDE/plugins/com.st.stm32cube.ide.mcu.externaltools.gnu-tools-for-stm32.12.3.rel1.win32_1.0.100.202403111256/tools/bin/../lib/gcc/arm-none-eabi/12.3.1/thumb/v7e-m+dp/hard/crtend.o
LOAD C:/ST/STM32CubeIDE_1.15.1/STM32CubeIDE/plugins/com.st.stm32cube.ide.mcu.externaltools.gnu-tools-for-stm32.12.3.rel1.win32_1.0.100.202403111256/tools/bin/../lib/gcc/arm-none-eabi/12.3.1/thumb/v7e-m+dp/hard/crtn.o
                0x24050000                        _estack = (ORIGIN (RAM_D1) + LENGTH (RAM_D1))
                0x00000200                        _Min_Heap_Size = 0x200
                0x00000400                        _Min_Stack_Size = 0x400

.isr_vector     0x08000000      0x2cc
                0x08000000                        . = ALIGN (0x4)
 *(.isr_vector)
 .isr_vector    0x08000000      0x2cc ./Core/Startup/startup_stm32h723vgtx.o
                0x08000000                g_pfnVectors
                0x080002cc                        . = ALIGN (0x4)

.text           0x080002cc     0x74f4
                0x080002cc                        . = ALIGN (0x4)
 *(.text)
 .text          0x080002cc       0x40 C:/ST/STM32CubeIDE_1.15.1/STM32CubeIDE/plugins/com.st.stm32cube.ide.mcu.externaltools.gnu-tools-for-stm32.12.3.rel1.win32_1.0.100.202403111256/tools/bin/../lib/gcc/arm-none-eabi/12.3.1/thumb/v7e-m+dp/hard/crtbegin.o
 *(.text*)
 .text._ZN5CodecC2Ev
                0x0800030c       0x20 ./Core/Src/Codec.o
                0x0800030c                Codec::Codec()
                0x0800030c                Codec::Codec()
 .text._ZN5CodecD2Ev
                0x0800032c       0x20 ./Core/Src/Codec.o
                0x0800032c                Codec::~Codec()
                0x0800032c                Codec::~Codec()
 .text._ZN5CodecD0Ev
                0x0800034c       0x20 ./Core/Src/Codec.o
                0x0800034c                Codec::~Codec()
 .text._ZN5SynthC2Ev
                0x0800036c       0x38 ./Core/Src/Synth.o
                0x0800036c                Synth::Synth()
                0x0800036c                Synth::Synth()
 .text._ZN5SynthD2Ev
                0x080003a4       0x20 ./Core/Src/Synth.o
                0x080003a4                Synth::~Synth()
                0x080003a4                Synth::~Synth()
 .text._ZN5SynthD0Ev
                0x080003c4       0x20 ./Core/Src/Synth.o
                0x080003c4                Synth::~Synth()
 .text._ZN5Synth19calculate_oscilatorEv
                0x080003e4      0x15c ./Core/Src/Synth.o
                0x080003e4                Synth::calculate_oscilator()
 .text.MX_DMA_Init
                0x08000540       0x40 ./Core/Src/dma.o
                0x08000540                MX_DMA_Init
 .text.MX_GPIO_Init
                0x08000580       0xe4 ./Core/Src/gpio.o
                0x08000580                MX_GPIO_Init
 .text.MX_I2C1_Init
                0x08000664       0x80 ./Core/Src/i2c.o
                0x08000664                MX_I2C1_Init
 .text.HAL_I2C_MspInit
                0x080006e4       0xd0 ./Core/Src/i2c.o
                0x080006e4                HAL_I2C_MspInit
 .text.MX_I2S3_Init
                0x080007b4       0x64 ./Core/Src/i2s.o
                0x080007b4                MX_I2S3_Init
 .text.HAL_I2S_MspInit
                0x08000818      0x1f8 ./Core/Src/i2s.o
                0x08000818                HAL_I2S_MspInit
 .text.ledInit  0x08000a10       0x6c ./Core/Src/led.o
                0x08000a10                ledInit
 .text.ledToggle
                0x08000a7c       0x20 ./Core/Src/led.o
                0x08000a7c                ledToggle
 .text.ledBlink
                0x08000a9c       0x34 ./Core/Src/led.o
                0x08000a9c                ledBlink
 .text._Z10make_soundt
                0x08000ad0       0x74 ./Core/Src/main.o
                0x08000ad0                make_sound(unsigned short)
 .text.HAL_I2S_TxHalfCpltCallback
                0x08000b44       0x16 ./Core/Src/main.o
                0x08000b44                HAL_I2S_TxHalfCpltCallback
 *fill*         0x08000b5a        0x2 
 .text.main     0x08000b5c       0x50 ./Core/Src/main.o
                0x08000b5c                main
 .text._Z18SystemClock_Configv
                0x08000bac       0xf8 ./Core/Src/main.o
                0x08000bac                SystemClock_Config()
 .text._ZL10MPU_Configv
                0x08000ca4       0x58 ./Core/Src/main.o
 .text.Error_Handler
                0x08000cfc        0xc ./Core/Src/main.o
                0x08000cfc                Error_Handler
 .text._Z41__static_initialization_and_destruction_0ii
                0x08000d08       0x54 ./Core/Src/main.o
 .text._GLOBAL__sub_I_codec
                0x08000d5c       0x10 ./Core/Src/main.o
 .text._GLOBAL__sub_D_codec
                0x08000d6c       0x10 ./Core/Src/main.o
 .text.HAL_MspInit
                0x08000d7c       0x34 ./Core/Src/stm32h7xx_hal_msp.o
                0x08000d7c                HAL_MspInit
 .text.NMI_Handler
                0x08000db0        0x8 ./Core/Src/stm32h7xx_it.o
                0x08000db0                NMI_Handler
 .text.HardFault_Handler
                0x08000db8        0x8 ./Core/Src/stm32h7xx_it.o
                0x08000db8                HardFault_Handler
 .text.MemManage_Handler
                0x08000dc0        0x8 ./Core/Src/stm32h7xx_it.o
                0x08000dc0                MemManage_Handler
 .text.BusFault_Handler
                0x08000dc8        0x8 ./Core/Src/stm32h7xx_it.o
                0x08000dc8                BusFault_Handler
 .text.UsageFault_Handler
                0x08000dd0        0x8 ./Core/Src/stm32h7xx_it.o
                0x08000dd0                UsageFault_Handler
 .text.SVC_Handler
                0x08000dd8        0xe ./Core/Src/stm32h7xx_it.o
                0x08000dd8                SVC_Handler
 .text.DebugMon_Handler
                0x08000de6        0xe ./Core/Src/stm32h7xx_it.o
                0x08000de6                DebugMon_Handler
 .text.PendSV_Handler
                0x08000df4        0xe ./Core/Src/stm32h7xx_it.o
                0x08000df4                PendSV_Handler
 .text.SysTick_Handler
                0x08000e02        0xc ./Core/Src/stm32h7xx_it.o
                0x08000e02                SysTick_Handler
 *fill*         0x08000e0e        0x2 
 .text.DMA1_Stream0_IRQHandler
                0x08000e10       0x14 ./Core/Src/stm32h7xx_it.o
                0x08000e10                DMA1_Stream0_IRQHandler
 .text.SystemInit
                0x08000e24       0xf0 ./Core/Src/system_stm32h7xx.o
                0x08000e24                SystemInit
 .text.Reset_Handler
                0x08000f14       0x50 ./Core/Startup/startup_stm32h723vgtx.o
                0x08000f14                Reset_Handler
 .text.Default_Handler
                0x08000f64        0x2 ./Core/Startup/startup_stm32h723vgtx.o
                0x08000f64                RTC_Alarm_IRQHandler
                0x08000f64                EXTI2_IRQHandler
                0x08000f64                TIM8_CC_IRQHandler
                0x08000f64                UART8_IRQHandler
                0x08000f64                SPI4_IRQHandler
                0x08000f64                FDCAN3_IT0_IRQHandler
                0x08000f64                TIM1_CC_IRQHandler
                0x08000f64                BDMA_Channel6_IRQHandler
                0x08000f64                DMA2_Stream5_IRQHandler
                0x08000f64                DMA1_Stream5_IRQHandler
                0x08000f64                CORDIC_IRQHandler
                0x08000f64                BDMA_Channel1_IRQHandler
                0x08000f64                TAMP_STAMP_IRQHandler
                0x08000f64                EXTI3_IRQHandler
                0x08000f64                LPTIM4_IRQHandler
                0x08000f64                TIM8_TRG_COM_TIM14_IRQHandler
                0x08000f64                LPTIM2_IRQHandler
                0x08000f64                DFSDM1_FLT1_IRQHandler
                0x08000f64                DMAMUX2_OVR_IRQHandler
                0x08000f64                TIM8_UP_TIM13_IRQHandler
                0x08000f64                I2C3_ER_IRQHandler
                0x08000f64                DFSDM1_FLT2_IRQHandler
                0x08000f64                I2C5_EV_IRQHandler
                0x08000f64                USART10_IRQHandler
                0x08000f64                MDMA_IRQHandler
                0x08000f64                LPTIM3_IRQHandler
                0x08000f64                HSEM1_IRQHandler
                0x08000f64                EXTI0_IRQHandler
                0x08000f64                I2C2_EV_IRQHandler
                0x08000f64                DMA1_Stream2_IRQHandler
                0x08000f64                FPU_IRQHandler
                0x08000f64                OTG_HS_WKUP_IRQHandler
                0x08000f64                FDCAN1_IT1_IRQHandler
                0x08000f64                LTDC_ER_IRQHandler
                0x08000f64                DMA2_Stream2_IRQHandler
                0x08000f64                SPI1_IRQHandler
                0x08000f64                OCTOSPI1_IRQHandler
                0x08000f64                TIM6_DAC_IRQHandler
                0x08000f64                DMA2_Stream3_IRQHandler
                0x08000f64                OCTOSPI2_IRQHandler
                0x08000f64                DFSDM1_FLT3_IRQHandler
                0x08000f64                TIM23_IRQHandler
                0x08000f64                USART6_IRQHandler
                0x08000f64                TIM17_IRQHandler
                0x08000f64                USART3_IRQHandler
                0x08000f64                BDMA_Channel7_IRQHandler
                0x08000f64                LPTIM5_IRQHandler
                0x08000f64                UART5_IRQHandler
                0x08000f64                ADC3_IRQHandler
                0x08000f64                DMA2_Stream0_IRQHandler
                0x08000f64                TIM4_IRQHandler
                0x08000f64                BDMA_Channel2_IRQHandler
                0x08000f64                I2C1_EV_IRQHandler
                0x08000f64                DMA1_Stream6_IRQHandler
                0x08000f64                DMAMUX1_OVR_IRQHandler
                0x08000f64                DMA1_Stream1_IRQHandler
                0x08000f64                TIM16_IRQHandler
                0x08000f64                UART4_IRQHandler
                0x08000f64                BDMA_Channel5_IRQHandler
                0x08000f64                TIM3_IRQHandler
                0x08000f64                RCC_IRQHandler
                0x08000f64                UART9_IRQHandler
                0x08000f64                TIM8_BRK_TIM12_IRQHandler
                0x08000f64                TIM1_TRG_COM_IRQHandler
                0x08000f64                Default_Handler
                0x08000f64                ECC_IRQHandler
                0x08000f64                FMAC_IRQHandler
                0x08000f64                CEC_IRQHandler
                0x08000f64                EXTI15_10_IRQHandler
                0x08000f64                BDMA_Channel0_IRQHandler
                0x08000f64                ADC_IRQHandler
                0x08000f64                I2C5_ER_IRQHandler
                0x08000f64                DMA1_Stream7_IRQHandler
                0x08000f64                SPI5_IRQHandler
                0x08000f64                TIM7_IRQHandler
                0x08000f64                FDCAN3_IT1_IRQHandler
                0x08000f64                SDMMC1_IRQHandler
                0x08000f64                TIM5_IRQHandler
                0x08000f64                DMA2_Stream7_IRQHandler
                0x08000f64                TIM15_IRQHandler
                0x08000f64                PVD_AVD_IRQHandler
                0x08000f64                I2C3_EV_IRQHandler
                0x08000f64                EXTI9_5_IRQHandler
                0x08000f64                RTC_WKUP_IRQHandler
                0x08000f64                LTDC_IRQHandler
                0x08000f64                ETH_WKUP_IRQHandler
                0x08000f64                SPDIF_RX_IRQHandler
                0x08000f64                SPI2_IRQHandler
                0x08000f64                OTG_HS_EP1_IN_IRQHandler
                0x08000f64                TIM24_IRQHandler
                0x08000f64                CRS_IRQHandler
                0x08000f64                EXTI4_IRQHandler
                0x08000f64                RNG_IRQHandler
                0x08000f64                FDCAN2_IT1_IRQHandler
                0x08000f64                ETH_IRQHandler
                0x08000f64                TIM1_UP_IRQHandler
                0x08000f64                BDMA_Channel4_IRQHandler
                0x08000f64                OTG_HS_EP1_OUT_IRQHandler
                0x08000f64                WWDG_IRQHandler
                0x08000f64                SPI6_IRQHandler
                0x08000f64                MDIOS_IRQHandler
                0x08000f64                I2C4_EV_IRQHandler
                0x08000f64                FDCAN2_IT0_IRQHandler
                0x08000f64                LPUART1_IRQHandler
                0x08000f64                FDCAN1_IT0_IRQHandler
                0x08000f64                TIM2_IRQHandler
                0x08000f64                OTG_HS_IRQHandler
                0x08000f64                DMA2D_IRQHandler
                0x08000f64                TIM1_BRK_IRQHandler
                0x08000f64                EXTI1_IRQHandler
                0x08000f64                SDMMC2_IRQHandler
                0x08000f64                BDMA_Channel3_IRQHandler
                0x08000f64                DTS_IRQHandler
                0x08000f64                UART7_IRQHandler
                0x08000f64                MDIOS_WKUP_IRQHandler
                0x08000f64                USART2_IRQHandler
                0x08000f64                DFSDM1_FLT0_IRQHandler
                0x08000f64                SAI4_IRQHandler
                0x08000f64                I2C2_ER_IRQHandler
                0x08000f64                DMA2_Stream1_IRQHandler
                0x08000f64                FLASH_IRQHandler
                0x08000f64                DMA2_Stream4_IRQHandler
                0x08000f64                USART1_IRQHandler
                0x08000f64                SPI3_IRQHandler
                0x08000f64                WAKEUP_PIN_IRQHandler
                0x08000f64                DMA1_Stream4_IRQHandler
                0x08000f64                I2C1_ER_IRQHandler
                0x08000f64                FMC_IRQHandler
                0x08000f64                FDCAN_CAL_IRQHandler
                0x08000f64                SWPMI1_IRQHandler
                0x08000f64                COMP1_IRQHandler
                0x08000f64                LPTIM1_IRQHandler
                0x08000f64                DCMI_PSSI_IRQHandler
                0x08000f64                I2C4_ER_IRQHandler
                0x08000f64                DMA2_Stream6_IRQHandler
                0x08000f64                SAI1_IRQHandler
                0x08000f64                DMA1_Stream3_IRQHandler
 *fill*         0x08000f66        0x2 
 .text.HAL_Init
                0x08000f68       0x78 ./Drivers/STM32H7xx_HAL_Driver/Src/stm32h7xx_hal.o
                0x08000f68                HAL_Init
 .text.HAL_InitTick
                0x08000fe0       0x6c ./Drivers/STM32H7xx_HAL_Driver/Src/stm32h7xx_hal.o
                0x08000fe0                HAL_InitTick
 .text.HAL_IncTick
                0x0800104c       0x28 ./Drivers/STM32H7xx_HAL_Driver/Src/stm32h7xx_hal.o
                0x0800104c                HAL_IncTick
 .text.HAL_GetTick
                0x08001074       0x18 ./Drivers/STM32H7xx_HAL_Driver/Src/stm32h7xx_hal.o
                0x08001074                HAL_GetTick
 .text.__NVIC_SetPriorityGrouping
                0x0800108c       0x48 ./Drivers/STM32H7xx_HAL_Driver/Src/stm32h7xx_hal_cortex.o
 .text.__NVIC_GetPriorityGrouping
                0x080010d4       0x1c ./Drivers/STM32H7xx_HAL_Driver/Src/stm32h7xx_hal_cortex.o
 .text.__NVIC_EnableIRQ
                0x080010f0       0x3c ./Drivers/STM32H7xx_HAL_Driver/Src/stm32h7xx_hal_cortex.o
 .text.__NVIC_SetPriority
                0x0800112c       0x54 ./Drivers/STM32H7xx_HAL_Driver/Src/stm32h7xx_hal_cortex.o
 .text.NVIC_EncodePriority
                0x08001180       0x66 ./Drivers/STM32H7xx_HAL_Driver/Src/stm32h7xx_hal_cortex.o
 *fill*         0x080011e6        0x2 
 .text.SysTick_Config
                0x080011e8       0x44 ./Drivers/STM32H7xx_HAL_Driver/Src/stm32h7xx_hal_cortex.o
 .text.HAL_NVIC_SetPriorityGrouping
                0x0800122c       0x16 ./Drivers/STM32H7xx_HAL_Driver/Src/stm32h7xx_hal_cortex.o
                0x0800122c                HAL_NVIC_SetPriorityGrouping
 .text.HAL_NVIC_SetPriority
                0x08001242       0x34 ./Drivers/STM32H7xx_HAL_Driver/Src/stm32h7xx_hal_cortex.o
                0x08001242                HAL_NVIC_SetPriority
 .text.HAL_NVIC_EnableIRQ
                0x08001276       0x1c ./Drivers/STM32H7xx_HAL_Driver/Src/stm32h7xx_hal_cortex.o
                0x08001276                HAL_NVIC_EnableIRQ
 .text.HAL_SYSTICK_Config
                0x08001292       0x18 ./Drivers/STM32H7xx_HAL_Driver/Src/stm32h7xx_hal_cortex.o
                0x08001292                HAL_SYSTICK_Config
 *fill*         0x080012aa        0x2 
 .text.HAL_MPU_Disable
                0x080012ac       0x30 ./Drivers/STM32H7xx_HAL_Driver/Src/stm32h7xx_hal_cortex.o
                0x080012ac                HAL_MPU_Disable
 .text.HAL_MPU_Enable
                0x080012dc       0x40 ./Drivers/STM32H7xx_HAL_Driver/Src/stm32h7xx_hal_cortex.o
                0x080012dc                HAL_MPU_Enable
 .text.HAL_MPU_ConfigRegion
                0x0800131c       0x80 ./Drivers/STM32H7xx_HAL_Driver/Src/stm32h7xx_hal_cortex.o
                0x0800131c                HAL_MPU_ConfigRegion
 .text.HAL_DMA_Init
                0x0800139c      0x6b0 ./Drivers/STM32H7xx_HAL_Driver/Src/stm32h7xx_hal_dma.o
                0x0800139c                HAL_DMA_Init
 .text.HAL_DMA_Start_IT
                0x08001a4c      0x4d4 ./Drivers/STM32H7xx_HAL_Driver/Src/stm32h7xx_hal_dma.o
                0x08001a4c                HAL_DMA_Start_IT
 .text.HAL_DMA_IRQHandler
                0x08001f20      0xe54 ./Drivers/STM32H7xx_HAL_Driver/Src/stm32h7xx_hal_dma.o
                0x08001f20                HAL_DMA_IRQHandler
 .text.DMA_SetConfig
                0x08002d74      0x358 ./Drivers/STM32H7xx_HAL_Driver/Src/stm32h7xx_hal_dma.o
 .text.DMA_CalcBaseAndBitshift
                0x080030cc      0x164 ./Drivers/STM32H7xx_HAL_Driver/Src/stm32h7xx_hal_dma.o
 .text.DMA_CheckFifoParam
                0x08003230       0xf8 ./Drivers/STM32H7xx_HAL_Driver/Src/stm32h7xx_hal_dma.o
 .text.DMA_CalcDMAMUXChannelBaseAndMask
                0x08003328      0x134 ./Drivers/STM32H7xx_HAL_Driver/Src/stm32h7xx_hal_dma.o
 .text.DMA_CalcDMAMUXRequestGenBaseAndMask
                0x0800345c       0xe8 ./Drivers/STM32H7xx_HAL_Driver/Src/stm32h7xx_hal_dma.o
 .text.HAL_GPIO_Init
                0x08003544      0x350 ./Drivers/STM32H7xx_HAL_Driver/Src/stm32h7xx_hal_gpio.o
                0x08003544                HAL_GPIO_Init
 .text.HAL_GPIO_WritePin
                0x08003894       0x32 ./Drivers/STM32H7xx_HAL_Driver/Src/stm32h7xx_hal_gpio.o
                0x08003894                HAL_GPIO_WritePin
 *fill*         0x080038c6        0x2 
 .text.HAL_I2C_Init
                0x080038c8      0x138 ./Drivers/STM32H7xx_HAL_Driver/Src/stm32h7xx_hal_i2c.o
                0x080038c8                HAL_I2C_Init
 .text.HAL_I2CEx_ConfigAnalogFilter
                0x08003a00       0x96 ./Drivers/STM32H7xx_HAL_Driver/Src/stm32h7xx_hal_i2c_ex.o
                0x08003a00                HAL_I2CEx_ConfigAnalogFilter
 .text.HAL_I2CEx_ConfigDigitalFilter
                0x08003a96       0x98 ./Drivers/STM32H7xx_HAL_Driver/Src/stm32h7xx_hal_i2c_ex.o
                0x08003a96                HAL_I2CEx_ConfigDigitalFilter
 *fill*         0x08003b2e        0x2 
 .text.HAL_I2S_Init
                0x08003b30      0x260 ./Drivers/STM32H7xx_HAL_Driver/Src/stm32h7xx_hal_i2s.o
                0x08003b30                HAL_I2S_Init
 .text.HAL_I2S_Transmit_DMA
                0x08003d90      0x144 ./Drivers/STM32H7xx_HAL_Driver/Src/stm32h7xx_hal_i2s.o
                0x08003d90                HAL_I2S_Transmit_DMA
 .text.HAL_I2S_TxCpltCallback
                0x08003ed4       0x14 ./Drivers/STM32H7xx_HAL_Driver/Src/stm32h7xx_hal_i2s.o
                0x08003ed4                HAL_I2S_TxCpltCallback
 .text.HAL_I2S_ErrorCallback
                0x08003ee8       0x14 ./Drivers/STM32H7xx_HAL_Driver/Src/stm32h7xx_hal_i2s.o
                0x08003ee8                HAL_I2S_ErrorCallback
 .text.I2S_DMATxCplt
                0x08003efc       0x42 ./Drivers/STM32H7xx_HAL_Driver/Src/stm32h7xx_hal_i2s.o
 .text.I2S_DMATxHalfCplt
                0x08003f3e       0x1c ./Drivers/STM32H7xx_HAL_Driver/Src/stm32h7xx_hal_i2s.o
 .text.I2S_DMAError
                0x08003f5a       0x4c ./Drivers/STM32H7xx_HAL_Driver/Src/stm32h7xx_hal_i2s.o
 *fill*         0x08003fa6        0x2 
 .text.HAL_PWREx_ConfigSupply
                0x08003fa8       0x74 ./Drivers/STM32H7xx_HAL_Driver/Src/stm32h7xx_hal_pwr_ex.o
                0x08003fa8                HAL_PWREx_ConfigSupply
 .text.HAL_RCC_OscConfig
                0x0800401c      0x7b4 ./Drivers/STM32H7xx_HAL_Driver/Src/stm32h7xx_hal_rcc.o
                0x0800401c                HAL_RCC_OscConfig
 .text.HAL_RCC_ClockConfig
                0x080047d0      0x36c ./Drivers/STM32H7xx_HAL_Driver/Src/stm32h7xx_hal_rcc.o
                0x080047d0                HAL_RCC_ClockConfig
 .text.HAL_RCC_GetSysClockFreq
                0x08004b3c      0x2f4 ./Drivers/STM32H7xx_HAL_Driver/Src/stm32h7xx_hal_rcc.o
                0x08004b3c                HAL_RCC_GetSysClockFreq
 .text.HAL_RCC_GetHCLKFreq
                0x08004e30       0x60 ./Drivers/STM32H7xx_HAL_Driver/Src/stm32h7xx_hal_rcc.o
                0x08004e30                HAL_RCC_GetHCLKFreq
 .text.HAL_RCC_GetPCLK1Freq
                0x08004e90       0x2c ./Drivers/STM32H7xx_HAL_Driver/Src/stm32h7xx_hal_rcc.o
                0x08004e90                HAL_RCC_GetPCLK1Freq
 .text.HAL_RCCEx_PeriphCLKConfig
                0x08004ebc     0x1340 ./Drivers/STM32H7xx_HAL_Driver/Src/stm32h7xx_hal_rcc_ex.o
                0x08004ebc                HAL_RCCEx_PeriphCLKConfig
 .text.HAL_RCCEx_GetPeriphCLKFreq
                0x080061fc      0x9a4 ./Drivers/STM32H7xx_HAL_Driver/Src/stm32h7xx_hal_rcc_ex.o
                0x080061fc                HAL_RCCEx_GetPeriphCLKFreq
 .text.HAL_RCCEx_GetD3PCLK1Freq
                0x08006ba0       0x2c ./Drivers/STM32H7xx_HAL_Driver/Src/stm32h7xx_hal_rcc_ex.o
                0x08006ba0                HAL_RCCEx_GetD3PCLK1Freq
 .text.HAL_RCCEx_GetPLL2ClockFreq
                0x08006bcc      0x2a8 ./Drivers/STM32H7xx_HAL_Driver/Src/stm32h7xx_hal_rcc_ex.o
                0x08006bcc                HAL_RCCEx_GetPLL2ClockFreq
 .text.HAL_RCCEx_GetPLL3ClockFreq
                0x08006e74      0x2a8 ./Drivers/STM32H7xx_HAL_Driver/Src/stm32h7xx_hal_rcc_ex.o
                0x08006e74                HAL_RCCEx_GetPLL3ClockFreq
 .text.HAL_RCCEx_GetPLL1ClockFreq
                0x0800711c      0x2a4 ./Drivers/STM32H7xx_HAL_Driver/Src/stm32h7xx_hal_rcc_ex.o
                0x0800711c                HAL_RCCEx_GetPLL1ClockFreq
 .text.RCCEx_PLL2_Config
                0x080073c0      0x164 ./Drivers/STM32H7xx_HAL_Driver/Src/stm32h7xx_hal_rcc_ex.o
 .text.RCCEx_PLL3_Config
                0x08007524      0x164 ./Drivers/STM32H7xx_HAL_Driver/Src/stm32h7xx_hal_rcc_ex.o
 .text._ZdlPvj  0x08007688        0x4 C:/ST/STM32CubeIDE_1.15.1/STM32CubeIDE/plugins/com.st.stm32cube.ide.mcu.externaltools.gnu-tools-for-stm32.12.3.rel1.win32_1.0.100.202403111256/tools/bin/../lib/gcc/arm-none-eabi/12.3.1/../../../../arm-none-eabi/lib/thumb/v7e-m+dp/hard\libstdc++_nano.a(del_ops.o)
                0x08007688                operator delete(void*, unsigned int)
 .text._ZdlPv   0x0800768c        0x4 C:/ST/STM32CubeIDE_1.15.1/STM32CubeIDE/plugins/com.st.stm32cube.ide.mcu.externaltools.gnu-tools-for-stm32.12.3.rel1.win32_1.0.100.202403111256/tools/bin/../lib/gcc/arm-none-eabi/12.3.1/../../../../arm-none-eabi/lib/thumb/v7e-m+dp/hard\libstdc++_nano.a(del_op.o)
                0x0800768c                operator delete(void*)
 .text.free     0x08007690       0x10 C:/ST/STM32CubeIDE_1.15.1/STM32CubeIDE/plugins/com.st.stm32cube.ide.mcu.externaltools.gnu-tools-for-stm32.12.3.rel1.win32_1.0.100.202403111256/tools/bin/../lib/gcc/arm-none-eabi/12.3.1/../../../../arm-none-eabi/lib/thumb/v7e-m+dp/hard\libc_nano.a(libc_a-malloc.o)
                0x08007690                free
 .text.__malloc_lock
                0x080076a0        0xc C:/ST/STM32CubeIDE_1.15.1/STM32CubeIDE/plugins/com.st.stm32cube.ide.mcu.externaltools.gnu-tools-for-stm32.12.3.rel1.win32_1.0.100.202403111256/tools/bin/../lib/gcc/arm-none-eabi/12.3.1/../../../../arm-none-eabi/lib/thumb/v7e-m+dp/hard\libc_nano.a(libc_a-mlock.o)
                0x080076a0                __malloc_lock
 .text.__malloc_unlock
                0x080076ac        0xc C:/ST/STM32CubeIDE_1.15.1/STM32CubeIDE/plugins/com.st.stm32cube.ide.mcu.externaltools.gnu-tools-for-stm32.12.3.rel1.win32_1.0.100.202403111256/tools/bin/../lib/gcc/arm-none-eabi/12.3.1/../../../../arm-none-eabi/lib/thumb/v7e-m+dp/hard\libc_nano.a(libc_a-mlock.o)
                0x080076ac                __malloc_unlock
 .text.memset   0x080076b8       0x10 C:/ST/STM32CubeIDE_1.15.1/STM32CubeIDE/plugins/com.st.stm32cube.ide.mcu.externaltools.gnu-tools-for-stm32.12.3.rel1.win32_1.0.100.202403111256/tools/bin/../lib/gcc/arm-none-eabi/12.3.1/../../../../arm-none-eabi/lib/thumb/v7e-m+dp/hard\libc_nano.a(libc_a-memset.o)
                0x080076b8                memset
 .text.__libc_init_array
                0x080076c8       0x48 C:/ST/STM32CubeIDE_1.15.1/STM32CubeIDE/plugins/com.st.stm32cube.ide.mcu.externaltools.gnu-tools-for-stm32.12.3.rel1.win32_1.0.100.202403111256/tools/bin/../lib/gcc/arm-none-eabi/12.3.1/../../../../arm-none-eabi/lib/thumb/v7e-m+dp/hard\libc_nano.a(libc_a-init.o)
                0x080076c8                __libc_init_array
 .text.__retarget_lock_acquire_recursive
                0x08007710        0x2 C:/ST/STM32CubeIDE_1.15.1/STM32CubeIDE/plugins/com.st.stm32cube.ide.mcu.externaltools.gnu-tools-for-stm32.12.3.rel1.win32_1.0.100.202403111256/tools/bin/../lib/gcc/arm-none-eabi/12.3.1/../../../../arm-none-eabi/lib/thumb/v7e-m+dp/hard\libc_nano.a(libc_a-lock.o)
                0x08007710                __retarget_lock_acquire_recursive
 .text.__retarget_lock_release_recursive
                0x08007712        0x2 C:/ST/STM32CubeIDE_1.15.1/STM32CubeIDE/plugins/com.st.stm32cube.ide.mcu.externaltools.gnu-tools-for-stm32.12.3.rel1.win32_1.0.100.202403111256/tools/bin/../lib/gcc/arm-none-eabi/12.3.1/../../../../arm-none-eabi/lib/thumb/v7e-m+dp/hard\libc_nano.a(libc_a-lock.o)
                0x08007712                __retarget_lock_release_recursive
 .text._free_r  0x08007714       0x94 C:/ST/STM32CubeIDE_1.15.1/STM32CubeIDE/plugins/com.st.stm32cube.ide.mcu.externaltools.gnu-tools-for-stm32.12.3.rel1.win32_1.0.100.202403111256/tools/bin/../lib/gcc/arm-none-eabi/12.3.1/../../../../arm-none-eabi/lib/thumb/v7e-m+dp/hard\libc_nano.a(libc_a-freer.o)
                0x08007714                _free_r
 *(.glue_7)
 .glue_7        0x080077a8        0x0 linker stubs
 *(.glue_7t)
 .glue_7t       0x080077a8        0x0 linker stubs
 *(.eh_frame)
 .eh_frame      0x080077a8        0x0 C:/ST/STM32CubeIDE_1.15.1/STM32CubeIDE/plugins/com.st.stm32cube.ide.mcu.externaltools.gnu-tools-for-stm32.12.3.rel1.win32_1.0.100.202403111256/tools/bin/../lib/gcc/arm-none-eabi/12.3.1/thumb/v7e-m+dp/hard/crtbegin.o
 *(.init)
 .init          0x080077a8        0x4 C:/ST/STM32CubeIDE_1.15.1/STM32CubeIDE/plugins/com.st.stm32cube.ide.mcu.externaltools.gnu-tools-for-stm32.12.3.rel1.win32_1.0.100.202403111256/tools/bin/../lib/gcc/arm-none-eabi/12.3.1/thumb/v7e-m+dp/hard/crti.o
                0x080077a8                _init
 .init          0x080077ac        0x8 C:/ST/STM32CubeIDE_1.15.1/STM32CubeIDE/plugins/com.st.stm32cube.ide.mcu.externaltools.gnu-tools-for-stm32.12.3.rel1.win32_1.0.100.202403111256/tools/bin/../lib/gcc/arm-none-eabi/12.3.1/thumb/v7e-m+dp/hard/crtn.o
 *(.fini)
 .fini          0x080077b4        0x4 C:/ST/STM32CubeIDE_1.15.1/STM32CubeIDE/plugins/com.st.stm32cube.ide.mcu.externaltools.gnu-tools-for-stm32.12.3.rel1.win32_1.0.100.202403111256/tools/bin/../lib/gcc/arm-none-eabi/12.3.1/thumb/v7e-m+dp/hard/crti.o
                0x080077b4                _fini
 .fini          0x080077b8        0x8 C:/ST/STM32CubeIDE_1.15.1/STM32CubeIDE/plugins/com.st.stm32cube.ide.mcu.externaltools.gnu-tools-for-stm32.12.3.rel1.win32_1.0.100.202403111256/tools/bin/../lib/gcc/arm-none-eabi/12.3.1/thumb/v7e-m+dp/hard/crtn.o
                0x080077c0                        . = ALIGN (0x4)
                0x080077c0                        _etext = .

.vfp11_veneer   0x080077c0        0x0
 .vfp11_veneer  0x080077c0        0x0 linker stubs

.v4_bx          0x080077c0        0x0
 .v4_bx         0x080077c0        0x0 linker stubs

.iplt           0x080077c0        0x0
 .iplt          0x080077c0        0x0 C:/ST/STM32CubeIDE_1.15.1/STM32CubeIDE/plugins/com.st.stm32cube.ide.mcu.externaltools.gnu-tools-for-stm32.12.3.rel1.win32_1.0.100.202403111256/tools/bin/../lib/gcc/arm-none-eabi/12.3.1/thumb/v7e-m+dp/hard/crtbegin.o

.rodata         0x080077c0     0x1038
                0x080077c0                        . = ALIGN (0x4)
 *(.rodata)
 *(.rodata*)
 .rodata._ZTV5Codec
                0x080077c0       0x10 ./Core/Src/Codec.o
                0x080077c0                vtable for Codec
 .rodata._ZL8triangle
                0x080077d0     0x1000 ./Core/Src/Synth.o
 .rodata._ZTV5Synth
                0x080087d0       0x10 ./Core/Src/Synth.o
                0x080087d0                vtable for Synth
 .rodata.D1CorePrescTable
                0x080087e0       0x10 ./Core/Src/system_stm32h7xx.o
                0x080087e0                D1CorePrescTable
 .rodata.flagBitshiftOffset.0
                0x080087f0        0x8 ./Drivers/STM32H7xx_HAL_Driver/Src/stm32h7xx_hal_dma.o
                0x080087f8                        . = ALIGN (0x4)

.ARM.extab
 *(.ARM.extab* .gnu.linkonce.armextab.*)

.ARM            0x080087f8        0x0
                0x080087f8                        __exidx_start = .
 *(.ARM.exidx*)
                0x080087f8                        __exidx_end = .

.preinit_array  0x080087f8        0x0
                0x080087f8                        PROVIDE (__preinit_array_start = .)
 *(.preinit_array*)
                0x080087f8                        PROVIDE (__preinit_array_end = .)

.init_array     0x080087f8        0x8
                0x080087f8                        PROVIDE (__init_array_start = .)
 *(SORT_BY_NAME(.init_array.*))
 *(.init_array*)
 .init_array    0x080087f8        0x4 C:/ST/STM32CubeIDE_1.15.1/STM32CubeIDE/plugins/com.st.stm32cube.ide.mcu.externaltools.gnu-tools-for-stm32.12.3.rel1.win32_1.0.100.202403111256/tools/bin/../lib/gcc/arm-none-eabi/12.3.1/thumb/v7e-m+dp/hard/crtbegin.o
 .init_array    0x080087fc        0x4 ./Core/Src/main.o
                0x08008800                        PROVIDE (__init_array_end = .)

.fini_array     0x08008800        0x8
                [!provide]                        PROVIDE (__fini_array_start = .)
 *(SORT_BY_NAME(.fini_array.*))
 *(.fini_array*)
 .fini_array    0x08008800        0x4 C:/ST/STM32CubeIDE_1.15.1/STM32CubeIDE/plugins/com.st.stm32cube.ide.mcu.externaltools.gnu-tools-for-stm32.12.3.rel1.win32_1.0.100.202403111256/tools/bin/../lib/gcc/arm-none-eabi/12.3.1/thumb/v7e-m+dp/hard/crtbegin.o
 .fini_array    0x08008804        0x4 ./Core/Src/main.o
                [!provide]                        PROVIDE (__fini_array_end = .)
                0x08008808                        _sidata = LOADADDR (.data)

.rel.dyn        0x08008808        0x0
 .rel.iplt      0x08008808        0x0 C:/ST/STM32CubeIDE_1.15.1/STM32CubeIDE/plugins/com.st.stm32cube.ide.mcu.externaltools.gnu-tools-for-stm32.12.3.rel1.win32_1.0.100.202403111256/tools/bin/../lib/gcc/arm-none-eabi/12.3.1/thumb/v7e-m+dp/hard/crtbegin.o

.data           0x24000000       0x60 load address 0x08008808
                0x24000000                        . = ALIGN (0x4)
                0x24000000                        _sdata = .
 *(.data)
 *(.data*)
 .data.SystemCoreClock
                0x24000000        0x4 ./Core/Src/system_stm32h7xx.o
                0x24000000                SystemCoreClock
 .data.SystemD2Clock
                0x24000004        0x4 ./Core/Src/system_stm32h7xx.o
                0x24000004                SystemD2Clock
 .data.uwTickPrio
                0x24000008        0x4 ./Drivers/STM32H7xx_HAL_Driver/Src/stm32h7xx_hal.o
                0x24000008                uwTickPrio
 .data.uwTickFreq
                0x2400000c        0x1 ./Drivers/STM32H7xx_HAL_Driver/Src/stm32h7xx_hal.o
                0x2400000c                uwTickFreq
 *fill*         0x2400000d        0x3 
 .data._impure_ptr
                0x24000010        0x4 C:/ST/STM32CubeIDE_1.15.1/STM32CubeIDE/plugins/com.st.stm32cube.ide.mcu.externaltools.gnu-tools-for-stm32.12.3.rel1.win32_1.0.100.202403111256/tools/bin/../lib/gcc/arm-none-eabi/12.3.1/../../../../arm-none-eabi/lib/thumb/v7e-m+dp/hard\libc_nano.a(libc_a-impure.o)
                0x24000010                _impure_ptr
 .data._impure_data
                0x24000014       0x4c C:/ST/STM32CubeIDE_1.15.1/STM32CubeIDE/plugins/com.st.stm32cube.ide.mcu.externaltools.gnu-tools-for-stm32.12.3.rel1.win32_1.0.100.202403111256/tools/bin/../lib/gcc/arm-none-eabi/12.3.1/../../../../arm-none-eabi/lib/thumb/v7e-m+dp/hard\libc_nano.a(libc_a-impure.o)
                0x24000014                _impure_data
 *(.RamFunc)
 *(.RamFunc*)
                0x24000060                        . = ALIGN (0x4)
                0x24000060                        _edata = .

.igot.plt       0x24000060        0x0 load address 0x08008868
 .igot.plt      0x24000060        0x0 C:/ST/STM32CubeIDE_1.15.1/STM32CubeIDE/plugins/com.st.stm32cube.ide.mcu.externaltools.gnu-tools-for-stm32.12.3.rel1.win32_1.0.100.202403111256/tools/bin/../lib/gcc/arm-none-eabi/12.3.1/thumb/v7e-m+dp/hard/crtbegin.o
                0x24000060                        . = ALIGN (0x4)

.bss            0x24000060      0x49c load address 0x08008868
                0x24000060                        _sbss = .
                0x24000060                        __bss_start__ = _sbss
 *(.bss)
 .bss           0x24000060       0x1c C:/ST/STM32CubeIDE_1.15.1/STM32CubeIDE/plugins/com.st.stm32cube.ide.mcu.externaltools.gnu-tools-for-stm32.12.3.rel1.win32_1.0.100.202403111256/tools/bin/../lib/gcc/arm-none-eabi/12.3.1/thumb/v7e-m+dp/hard/crtbegin.o
 *(.bss*)
 .bss.hi2c1     0x2400007c       0x54 ./Core/Src/i2c.o
                0x2400007c                hi2c1
 .bss.hi2s3     0x240000d0       0x54 ./Core/Src/i2s.o
                0x240000d0                hi2s3
 .bss.hdma_spi3_tx
                0x24000124       0x78 ./Core/Src/i2s.o
                0x24000124                hdma_spi3_tx
 .bss.tickStart.0
                0x2400019c        0x4 ./Core/Src/led.o
 .bss.codec     0x240001a0        0x4 ./Core/Src/main.o
                0x240001a0                codec
 .bss.synth     0x240001a4       0x14 ./Core/Src/main.o
                0x240001a4                synth
 .bss.audio_buff
                0x240001b8      0x200 ./Core/Src/main.o
                0x240001b8                audio_buff
 .bss.uwTick    0x240003b8        0x4 ./Drivers/STM32H7xx_HAL_Driver/Src/stm32h7xx_hal.o
                0x240003b8                uwTick
 .bss.__malloc_free_list
                0x240003bc        0x4 C:/ST/STM32CubeIDE_1.15.1/STM32CubeIDE/plugins/com.st.stm32cube.ide.mcu.externaltools.gnu-tools-for-stm32.12.3.rel1.win32_1.0.100.202403111256/tools/bin/../lib/gcc/arm-none-eabi/12.3.1/../../../../arm-none-eabi/lib/thumb/v7e-m+dp/hard\libc_nano.a(libc_a-mallocr.o)
                0x240003bc                __malloc_free_list
 .bss.__sf      0x240003c0      0x138 C:/ST/STM32CubeIDE_1.15.1/STM32CubeIDE/plugins/com.st.stm32cube.ide.mcu.externaltools.gnu-tools-for-stm32.12.3.rel1.win32_1.0.100.202403111256/tools/bin/../lib/gcc/arm-none-eabi/12.3.1/../../../../arm-none-eabi/lib/thumb/v7e-m+dp/hard\libc_nano.a(libc_a-findfp.o)
                0x240003c0                __sf
 .bss.__lock___malloc_recursive_mutex
                0x240004f8        0x1 C:/ST/STM32CubeIDE_1.15.1/STM32CubeIDE/plugins/com.st.stm32cube.ide.mcu.externaltools.gnu-tools-for-stm32.12.3.rel1.win32_1.0.100.202403111256/tools/bin/../lib/gcc/arm-none-eabi/12.3.1/../../../../arm-none-eabi/lib/thumb/v7e-m+dp/hard\libc_nano.a(libc_a-lock.o)
                0x240004f8                __lock___malloc_recursive_mutex
 *(COMMON)
                0x240004fc                        . = ALIGN (0x4)
 *fill*         0x240004f9        0x3 
                0x240004fc                        _ebss = .
                0x240004fc                        __bss_end__ = _ebss

._user_heap_stack
                0x240004fc      0x604 load address 0x08008868
                0x24000500                        . = ALIGN (0x8)
 *fill*         0x240004fc        0x4 
                [!provide]                        PROVIDE (end = .)
                0x24000500                        PROVIDE (_end = .)
                0x24000700                        . = (. + _Min_Heap_Size)
 *fill*         0x24000500      0x200 
                0x24000b00                        . = (. + _Min_Stack_Size)
 *fill*         0x24000700      0x400 
                0x24000b00                        . = ALIGN (0x8)

/DISCARD/
 libc.a(*)
 libm.a(*)
 libgcc.a(*)

.ARM.attributes
                0x00000000       0x2e
 *(.ARM.attributes)
 .ARM.attributes
                0x00000000       0x20 C:/ST/STM32CubeIDE_1.15.1/STM32CubeIDE/plugins/com.st.stm32cube.ide.mcu.externaltools.gnu-tools-for-stm32.12.3.rel1.win32_1.0.100.202403111256/tools/bin/../lib/gcc/arm-none-eabi/12.3.1/thumb/v7e-m+dp/hard/crti.o
 .ARM.attributes
                0x00000020       0x32 C:/ST/STM32CubeIDE_1.15.1/STM32CubeIDE/plugins/com.st.stm32cube.ide.mcu.externaltools.gnu-tools-for-stm32.12.3.rel1.win32_1.0.100.202403111256/tools/bin/../lib/gcc/arm-none-eabi/12.3.1/thumb/v7e-m+dp/hard/crtbegin.o
 .ARM.attributes
                0x00000052       0x32 ./Core/Src/Codec.o
 .ARM.attributes
                0x00000084       0x32 ./Core/Src/Synth.o
 .ARM.attributes
                0x000000b6       0x32 ./Core/Src/dma.o
 .ARM.attributes
                0x000000e8       0x32 ./Core/Src/gpio.o
 .ARM.attributes
                0x0000011a       0x32 ./Core/Src/i2c.o
 .ARM.attributes
                0x0000014c       0x32 ./Core/Src/i2s.o
 .ARM.attributes
                0x0000017e       0x32 ./Core/Src/led.o
 .ARM.attributes
                0x000001b0       0x32 ./Core/Src/main.o
 .ARM.attributes
                0x000001e2       0x32 ./Core/Src/stm32h7xx_hal_msp.o
 .ARM.attributes
                0x00000214       0x32 ./Core/Src/stm32h7xx_it.o
 .ARM.attributes
                0x00000246       0x32 ./Core/Src/system_stm32h7xx.o
 .ARM.attributes
                0x00000278       0x21 ./Core/Startup/startup_stm32h723vgtx.o
 .ARM.attributes
                0x00000299       0x32 ./Drivers/STM32H7xx_HAL_Driver/Src/stm32h7xx_hal.o
 .ARM.attributes
                0x000002cb       0x32 ./Drivers/STM32H7xx_HAL_Driver/Src/stm32h7xx_hal_cortex.o
 .ARM.attributes
                0x000002fd       0x32 ./Drivers/STM32H7xx_HAL_Driver/Src/stm32h7xx_hal_dma.o
 .ARM.attributes
                0x0000032f       0x32 ./Drivers/STM32H7xx_HAL_Driver/Src/stm32h7xx_hal_gpio.o
 .ARM.attributes
                0x00000361       0x32 ./Drivers/STM32H7xx_HAL_Driver/Src/stm32h7xx_hal_i2c.o
 .ARM.attributes
                0x00000393       0x32 ./Drivers/STM32H7xx_HAL_Driver/Src/stm32h7xx_hal_i2c_ex.o
 .ARM.attributes
                0x000003c5       0x32 ./Drivers/STM32H7xx_HAL_Driver/Src/stm32h7xx_hal_i2s.o
 .ARM.attributes
                0x000003f7       0x32 ./Drivers/STM32H7xx_HAL_Driver/Src/stm32h7xx_hal_pwr_ex.o
 .ARM.attributes
                0x00000429       0x32 ./Drivers/STM32H7xx_HAL_Driver/Src/stm32h7xx_hal_rcc.o
 .ARM.attributes
                0x0000045b       0x32 ./Drivers/STM32H7xx_HAL_Driver/Src/stm32h7xx_hal_rcc_ex.o
 .ARM.attributes
                0x0000048d       0x32 C:/ST/STM32CubeIDE_1.15.1/STM32CubeIDE/plugins/com.st.stm32cube.ide.mcu.externaltools.gnu-tools-for-stm32.12.3.rel1.win32_1.0.100.202403111256/tools/bin/../lib/gcc/arm-none-eabi/12.3.1/../../../../arm-none-eabi/lib/thumb/v7e-m+dp/hard\libstdc++_nano.a(del_ops.o)
 .ARM.attributes
                0x000004bf       0x32 C:/ST/STM32CubeIDE_1.15.1/STM32CubeIDE/plugins/com.st.stm32cube.ide.mcu.externaltools.gnu-tools-for-stm32.12.3.rel1.win32_1.0.100.202403111256/tools/bin/../lib/gcc/arm-none-eabi/12.3.1/../../../../arm-none-eabi/lib/thumb/v7e-m+dp/hard\libstdc++_nano.a(del_op.o)
 .ARM.attributes
                0x000004f1       0x32 C:/ST/STM32CubeIDE_1.15.1/STM32CubeIDE/plugins/com.st.stm32cube.ide.mcu.externaltools.gnu-tools-for-stm32.12.3.rel1.win32_1.0.100.202403111256/tools/bin/../lib/gcc/arm-none-eabi/12.3.1/../../../../arm-none-eabi/lib/thumb/v7e-m+dp/hard\libc_nano.a(libc_a-malloc.o)
 .ARM.attributes
                0x00000523       0x32 C:/ST/STM32CubeIDE_1.15.1/STM32CubeIDE/plugins/com.st.stm32cube.ide.mcu.externaltools.gnu-tools-for-stm32.12.3.rel1.win32_1.0.100.202403111256/tools/bin/../lib/gcc/arm-none-eabi/12.3.1/../../../../arm-none-eabi/lib/thumb/v7e-m+dp/hard\libc_nano.a(libc_a-mallocr.o)
 .ARM.attributes
                0x00000555       0x32 C:/ST/STM32CubeIDE_1.15.1/STM32CubeIDE/plugins/com.st.stm32cube.ide.mcu.externaltools.gnu-tools-for-stm32.12.3.rel1.win32_1.0.100.202403111256/tools/bin/../lib/gcc/arm-none-eabi/12.3.1/../../../../arm-none-eabi/lib/thumb/v7e-m+dp/hard\libc_nano.a(libc_a-mlock.o)
 .ARM.attributes
                0x00000587       0x32 C:/ST/STM32CubeIDE_1.15.1/STM32CubeIDE/plugins/com.st.stm32cube.ide.mcu.externaltools.gnu-tools-for-stm32.12.3.rel1.win32_1.0.100.202403111256/tools/bin/../lib/gcc/arm-none-eabi/12.3.1/../../../../arm-none-eabi/lib/thumb/v7e-m+dp/hard\libc_nano.a(libc_a-findfp.o)
 .ARM.attributes
                0x000005b9       0x32 C:/ST/STM32CubeIDE_1.15.1/STM32CubeIDE/plugins/com.st.stm32cube.ide.mcu.externaltools.gnu-tools-for-stm32.12.3.rel1.win32_1.0.100.202403111256/tools/bin/../lib/gcc/arm-none-eabi/12.3.1/../../../../arm-none-eabi/lib/thumb/v7e-m+dp/hard\libc_nano.a(libc_a-memset.o)
 .ARM.attributes
                0x000005eb       0x32 C:/ST/STM32CubeIDE_1.15.1/STM32CubeIDE/plugins/com.st.stm32cube.ide.mcu.externaltools.gnu-tools-for-stm32.12.3.rel1.win32_1.0.100.202403111256/tools/bin/../lib/gcc/arm-none-eabi/12.3.1/../../../../arm-none-eabi/lib/thumb/v7e-m+dp/hard\libc_nano.a(libc_a-impure.o)
 .ARM.attributes
                0x0000061d       0x32 C:/ST/STM32CubeIDE_1.15.1/STM32CubeIDE/plugins/com.st.stm32cube.ide.mcu.externaltools.gnu-tools-for-stm32.12.3.rel1.win32_1.0.100.202403111256/tools/bin/../lib/gcc/arm-none-eabi/12.3.1/../../../../arm-none-eabi/lib/thumb/v7e-m+dp/hard\libc_nano.a(libc_a-init.o)
 .ARM.attributes
                0x0000064f       0x32 C:/ST/STM32CubeIDE_1.15.1/STM32CubeIDE/plugins/com.st.stm32cube.ide.mcu.externaltools.gnu-tools-for-stm32.12.3.rel1.win32_1.0.100.202403111256/tools/bin/../lib/gcc/arm-none-eabi/12.3.1/../../../../arm-none-eabi/lib/thumb/v7e-m+dp/hard\libc_nano.a(libc_a-lock.o)
 .ARM.attributes
                0x00000681       0x32 C:/ST/STM32CubeIDE_1.15.1/STM32CubeIDE/plugins/com.st.stm32cube.ide.mcu.externaltools.gnu-tools-for-stm32.12.3.rel1.win32_1.0.100.202403111256/tools/bin/../lib/gcc/arm-none-eabi/12.3.1/../../../../arm-none-eabi/lib/thumb/v7e-m+dp/hard\libc_nano.a(libc_a-freer.o)
 .ARM.attributes
                0x000006b3       0x20 C:/ST/STM32CubeIDE_1.15.1/STM32CubeIDE/plugins/com.st.stm32cube.ide.mcu.externaltools.gnu-tools-for-stm32.12.3.rel1.win32_1.0.100.202403111256/tools/bin/../lib/gcc/arm-none-eabi/12.3.1/thumb/v7e-m+dp/hard/crtn.o
OUTPUT(basic_synth.elf elf32-littlearm)
LOAD linker stubs
LOAD C:/ST/STM32CubeIDE_1.15.1/STM32CubeIDE/plugins/com.st.stm32cube.ide.mcu.externaltools.gnu-tools-for-stm32.12.3.rel1.win32_1.0.100.202403111256/tools/bin/../lib/gcc/arm-none-eabi/12.3.1/../../../../arm-none-eabi/lib/thumb/v7e-m+dp/hard\libc.a
LOAD C:/ST/STM32CubeIDE_1.15.1/STM32CubeIDE/plugins/com.st.stm32cube.ide.mcu.externaltools.gnu-tools-for-stm32.12.3.rel1.win32_1.0.100.202403111256/tools/bin/../lib/gcc/arm-none-eabi/12.3.1/../../../../arm-none-eabi/lib/thumb/v7e-m+dp/hard\libm.a
LOAD C:/ST/STM32CubeIDE_1.15.1/STM32CubeIDE/plugins/com.st.stm32cube.ide.mcu.externaltools.gnu-tools-for-stm32.12.3.rel1.win32_1.0.100.202403111256/tools/bin/../lib/gcc/arm-none-eabi/12.3.1/thumb/v7e-m+dp/hard\libgcc.a

.debug_info     0x00000000    0x14b5b
 .debug_info    0x00000000     0x1e63 ./Core/Src/Codec.o
 .debug_info    0x00001e63     0x1801 ./Core/Src/Synth.o
 .debug_info    0x00003664      0x817 ./Core/Src/dma.o
 .debug_info    0x00003e7b      0x64b ./Core/Src/gpio.o
 .debug_info    0x000044c6      0xfd7 ./Core/Src/i2c.o
 .debug_info    0x0000549d     0x10ac ./Core/Src/i2s.o
 .debug_info    0x00006549      0x137 ./Core/Src/led.o
 .debug_info    0x00006680     0x2387 ./Core/Src/main.o
 .debug_info    0x00008a07      0x464 ./Core/Src/stm32h7xx_hal_msp.o
 .debug_info    0x00008e6b      0x449 ./Core/Src/stm32h7xx_it.o
 .debug_info    0x000092b4      0xb2e ./Core/Src/system_stm32h7xx.o
 .debug_info    0x00009de2       0x30 ./Core/Startup/startup_stm32h723vgtx.o
 .debug_info    0x00009e12     0x1698 ./Drivers/STM32H7xx_HAL_Driver/Src/stm32h7xx_hal.o
 .debug_info    0x0000b4aa     0x10a0 ./Drivers/STM32H7xx_HAL_Driver/Src/stm32h7xx_hal_cortex.o
 .debug_info    0x0000c54a      0xb67 ./Drivers/STM32H7xx_HAL_Driver/Src/stm32h7xx_hal_dma.o
 .debug_info    0x0000d0b1      0xc5c ./Drivers/STM32H7xx_HAL_Driver/Src/stm32h7xx_hal_gpio.o
 .debug_info    0x0000dd0d     0x22a1 ./Drivers/STM32H7xx_HAL_Driver/Src/stm32h7xx_hal_i2c.o
 .debug_info    0x0000ffae      0xd95 ./Drivers/STM32H7xx_HAL_Driver/Src/stm32h7xx_hal_i2c_ex.o
 .debug_info    0x00010d43     0x10e5 ./Drivers/STM32H7xx_HAL_Driver/Src/stm32h7xx_hal_i2s.o
 .debug_info    0x00011e28      0xdc4 ./Drivers/STM32H7xx_HAL_Driver/Src/stm32h7xx_hal_pwr_ex.o
 .debug_info    0x00012bec      0xd73 ./Drivers/STM32H7xx_HAL_Driver/Src/stm32h7xx_hal_rcc.o
 .debug_info    0x0001395f     0x11fc ./Drivers/STM32H7xx_HAL_Driver/Src/stm32h7xx_hal_rcc_ex.o

.debug_abbrev   0x00000000     0x2e91
 .debug_abbrev  0x00000000      0x361 ./Core/Src/Codec.o
 .debug_abbrev  0x00000361      0x304 ./Core/Src/Synth.o
 .debug_abbrev  0x00000665      0x11e ./Core/Src/dma.o
 .debug_abbrev  0x00000783      0x182 ./Core/Src/gpio.o
 .debug_abbrev  0x00000905      0x245 ./Core/Src/i2c.o
 .debug_abbrev  0x00000b4a      0x23b ./Core/Src/i2s.o
 .debug_abbrev  0x00000d85       0xa7 ./Core/Src/led.o
 .debug_abbrev  0x00000e2c      0x45e ./Core/Src/main.o
 .debug_abbrev  0x0000128a       0xdb ./Core/Src/stm32h7xx_hal_msp.o
 .debug_abbrev  0x00001365      0x16d ./Core/Src/stm32h7xx_it.o
 .debug_abbrev  0x000014d2      0x13a ./Core/Src/system_stm32h7xx.o
 .debug_abbrev  0x0000160c       0x24 ./Core/Startup/startup_stm32h723vgtx.o
 .debug_abbrev  0x00001630      0x29e ./Drivers/STM32H7xx_HAL_Driver/Src/stm32h7xx_hal.o
 .debug_abbrev  0x000018ce      0x339 ./Drivers/STM32H7xx_HAL_Driver/Src/stm32h7xx_hal_cortex.o
 .debug_abbrev  0x00001c07      0x248 ./Drivers/STM32H7xx_HAL_Driver/Src/stm32h7xx_hal_dma.o
 .debug_abbrev  0x00001e4f      0x1fe ./Drivers/STM32H7xx_HAL_Driver/Src/stm32h7xx_hal_gpio.o
 .debug_abbrev  0x0000204d      0x25d ./Drivers/STM32H7xx_HAL_Driver/Src/stm32h7xx_hal_i2c.o
 .debug_abbrev  0x000022aa      0x1f5 ./Drivers/STM32H7xx_HAL_Driver/Src/stm32h7xx_hal_i2c_ex.o
 .debug_abbrev  0x0000249f      0x243 ./Drivers/STM32H7xx_HAL_Driver/Src/stm32h7xx_hal_i2s.o
 .debug_abbrev  0x000026e2      0x295 ./Drivers/STM32H7xx_HAL_Driver/Src/stm32h7xx_hal_pwr_ex.o
 .debug_abbrev  0x00002977      0x2b1 ./Drivers/STM32H7xx_HAL_Driver/Src/stm32h7xx_hal_rcc.o
 .debug_abbrev  0x00002c28      0x269 ./Drivers/STM32H7xx_HAL_Driver/Src/stm32h7xx_hal_rcc_ex.o

.debug_aranges  0x00000000      0xd80
 .debug_aranges
                0x00000000       0x40 ./Core/Src/Codec.o
 .debug_aranges
                0x00000040       0x38 ./Core/Src/Synth.o
 .debug_aranges
                0x00000078       0x20 ./Core/Src/dma.o
 .debug_aranges
                0x00000098       0x20 ./Core/Src/gpio.o
 .debug_aranges
                0x000000b8       0x30 ./Core/Src/i2c.o
 .debug_aranges
                0x000000e8       0x30 ./Core/Src/i2s.o
 .debug_aranges
                0x00000118       0x40 ./Core/Src/led.o
 .debug_aranges
                0x00000158       0x68 ./Core/Src/main.o
 .debug_aranges
                0x000001c0       0x20 ./Core/Src/stm32h7xx_hal_msp.o
 .debug_aranges
                0x000001e0       0x68 ./Core/Src/stm32h7xx_it.o
 .debug_aranges
                0x00000248       0x28 ./Core/Src/system_stm32h7xx.o
 .debug_aranges
                0x00000270       0x28 ./Core/Startup/startup_stm32h723vgtx.o
 .debug_aranges
                0x00000298      0x1c8 ./Drivers/STM32H7xx_HAL_Driver/Src/stm32h7xx_hal.o
 .debug_aranges
                0x00000460      0x130 ./Drivers/STM32H7xx_HAL_Driver/Src/stm32h7xx_hal_cortex.o
 .debug_aranges
                0x00000590       0xa0 ./Drivers/STM32H7xx_HAL_Driver/Src/stm32h7xx_hal_dma.o
 .debug_aranges
                0x00000630       0x58 ./Drivers/STM32H7xx_HAL_Driver/Src/stm32h7xx_hal_gpio.o
 .debug_aranges
                0x00000688      0x2a0 ./Drivers/STM32H7xx_HAL_Driver/Src/stm32h7xx_hal_i2c.o
 .debug_aranges
                0x00000928       0x48 ./Drivers/STM32H7xx_HAL_Driver/Src/stm32h7xx_hal_i2c_ex.o
 .debug_aranges
                0x00000970      0x148 ./Drivers/STM32H7xx_HAL_Driver/Src/stm32h7xx_hal_i2s.o
 .debug_aranges
                0x00000ab8      0x148 ./Drivers/STM32H7xx_HAL_Driver/Src/stm32h7xx_hal_pwr_ex.o
 .debug_aranges
                0x00000c00       0x88 ./Drivers/STM32H7xx_HAL_Driver/Src/stm32h7xx_hal_rcc.o
 .debug_aranges
                0x00000c88       0xf8 ./Drivers/STM32H7xx_HAL_Driver/Src/stm32h7xx_hal_rcc_ex.o

.debug_rnglists
                0x00000000      0xa31
 .debug_rnglists
                0x00000000       0x2b ./Core/Src/Codec.o
 .debug_rnglists
                0x0000002b       0x26 ./Core/Src/Synth.o
 .debug_rnglists
                0x00000051       0x13 ./Core/Src/dma.o
 .debug_rnglists
                0x00000064       0x14 ./Core/Src/gpio.o
 .debug_rnglists
                0x00000078       0x21 ./Core/Src/i2c.o
 .debug_rnglists
                0x00000099       0x20 ./Core/Src/i2s.o
 .debug_rnglists
                0x000000b9       0x2b ./Core/Src/led.o
 .debug_rnglists
                0x000000e4       0x4a ./Core/Src/main.o
 .debug_rnglists
                0x0000012e       0x13 ./Core/Src/stm32h7xx_hal_msp.o
 .debug_rnglists
                0x00000141       0x49 ./Core/Src/stm32h7xx_it.o
 .debug_rnglists
                0x0000018a       0x1b ./Core/Src/system_stm32h7xx.o
 .debug_rnglists
                0x000001a5       0x19 ./Core/Startup/startup_stm32h723vgtx.o
 .debug_rnglists
                0x000001be      0x155 ./Drivers/STM32H7xx_HAL_Driver/Src/stm32h7xx_hal.o
 .debug_rnglists
                0x00000313       0xe0 ./Drivers/STM32H7xx_HAL_Driver/Src/stm32h7xx_hal_cortex.o
 .debug_rnglists
                0x000003f3       0x82 ./Drivers/STM32H7xx_HAL_Driver/Src/stm32h7xx_hal_dma.o
 .debug_rnglists
                0x00000475       0x3f ./Drivers/STM32H7xx_HAL_Driver/Src/stm32h7xx_hal_gpio.o
 .debug_rnglists
                0x000004b4      0x22a ./Drivers/STM32H7xx_HAL_Driver/Src/stm32h7xx_hal_i2c.o
 .debug_rnglists
                0x000006de       0x35 ./Drivers/STM32H7xx_HAL_Driver/Src/stm32h7xx_hal_i2c_ex.o
 .debug_rnglists
                0x00000713      0x101 ./Drivers/STM32H7xx_HAL_Driver/Src/stm32h7xx_hal_i2s.o
 .debug_rnglists
                0x00000814       0xf5 ./Drivers/STM32H7xx_HAL_Driver/Src/stm32h7xx_hal_pwr_ex.o
 .debug_rnglists
                0x00000909       0x68 ./Drivers/STM32H7xx_HAL_Driver/Src/stm32h7xx_hal_rcc.o
 .debug_rnglists
                0x00000971       0xc0 ./Drivers/STM32H7xx_HAL_Driver/Src/stm32h7xx_hal_rcc_ex.o

.debug_macro    0x00000000    0x35619
 .debug_macro   0x00000000      0x353 ./Core/Src/Codec.o
 .debug_macro   0x00000353      0xba4 ./Core/Src/Codec.o
 .debug_macro   0x00000ef7      0x232 ./Core/Src/Codec.o
 .debug_macro   0x00001129       0x2e ./Core/Src/Codec.o
 .debug_macro   0x00001157       0x3b ./Core/Src/Codec.o
 .debug_macro   0x00001192       0x1c ./Core/Src/Codec.o
 .debug_macro   0x000011ae       0x22 ./Core/Src/Codec.o
 .debug_macro   0x000011d0       0x8e ./Core/Src/Codec.o
 .debug_macro   0x0000125e       0x51 ./Core/Src/Codec.o
 .debug_macro   0x000012af      0x103 ./Core/Src/Codec.o
 .debug_macro   0x000013b2       0x6a ./Core/Src/Codec.o
 .debug_macro   0x0000141c      0x1df ./Core/Src/Codec.o
 .debug_macro   0x000015fb       0x1c ./Core/Src/Codec.o
 .debug_macro   0x00001617       0x22 ./Core/Src/Codec.o
 .debug_macro   0x00001639       0xfb ./Core/Src/Codec.o
 .debug_macro   0x00001734     0x1305 ./Core/Src/Codec.o
 .debug_macro   0x00002a39      0x11f ./Core/Src/Codec.o
 .debug_macro   0x00002b58       0x27 ./Core/Src/Codec.o
 .debug_macro   0x00002b7f    0x2127f ./Core/Src/Codec.o
 .debug_macro   0x00023dfe       0x6d ./Core/Src/Codec.o
 .debug_macro   0x00023e6b     0x3d64 ./Core/Src/Codec.o
 .debug_macro   0x00027bcf      0x190 ./Core/Src/Codec.o
 .debug_macro   0x00027d5f      0x1d6 ./Core/Src/Codec.o
 .debug_macro   0x00027f35       0x10 ./Core/Src/Codec.o
 .debug_macro   0x00027f45      0x417 ./Core/Src/Codec.o
 .debug_macro   0x0002835c       0x18 ./Core/Src/Codec.o
 .debug_macro   0x00028374       0x61 ./Core/Src/Codec.o
 .debug_macro   0x000283d5       0x29 ./Core/Src/Codec.o
 .debug_macro   0x000283fe       0x43 ./Core/Src/Codec.o
 .debug_macro   0x00028441       0x34 ./Core/Src/Codec.o
 .debug_macro   0x00028475       0x16 ./Core/Src/Codec.o
 .debug_macro   0x0002848b       0x43 ./Core/Src/Codec.o
 .debug_macro   0x000284ce       0x34 ./Core/Src/Codec.o
 .debug_macro   0x00028502       0x10 ./Core/Src/Codec.o
 .debug_macro   0x00028512       0x58 ./Core/Src/Codec.o
 .debug_macro   0x0002856a       0x8e ./Core/Src/Codec.o
 .debug_macro   0x000285f8       0x16 ./Core/Src/Codec.o
 .debug_macro   0x0002860e      0x177 ./Core/Src/Codec.o
 .debug_macro   0x00028785      0x38c ./Core/Src/Codec.o
 .debug_macro   0x00028b11      0x194 ./Core/Src/Codec.o
 .debug_macro   0x00028ca5       0x10 ./Core/Src/Codec.o
 .debug_macro   0x00028cb5       0x16 ./Core/Src/Codec.o
 .debug_macro   0x00028ccb       0x35 ./Core/Src/Codec.o
 .debug_macro   0x00028d00       0x16 ./Core/Src/Codec.o
 .debug_macro   0x00028d16       0x29 ./Core/Src/Codec.o
 .debug_macro   0x00028d3f       0x10 ./Core/Src/Codec.o
 .debug_macro   0x00028d4f      0x3c7 ./Core/Src/Codec.o
 .debug_macro   0x00029116       0x5d ./Core/Src/Codec.o
 .debug_macro   0x00029173     0x2462 ./Core/Src/Codec.o
 .debug_macro   0x0002b5d5     0x1079 ./Core/Src/Codec.o
 .debug_macro   0x0002c64e      0x154 ./Core/Src/Codec.o
 .debug_macro   0x0002c7a2      0x114 ./Core/Src/Codec.o
 .debug_macro   0x0002c8b6      0x3fc ./Core/Src/Codec.o
 .debug_macro   0x0002ccb2       0xac ./Core/Src/Codec.o
 .debug_macro   0x0002cd5e      0x788 ./Core/Src/Codec.o
 .debug_macro   0x0002d4e6      0x228 ./Core/Src/Codec.o
 .debug_macro   0x0002d70e       0x66 ./Core/Src/Codec.o
 .debug_macro   0x0002d774      0x3a6 ./Core/Src/Codec.o
 .debug_macro   0x0002db1a      0x3f9 ./Core/Src/Codec.o
 .debug_macro   0x0002df13      0x275 ./Core/Src/Codec.o
 .debug_macro   0x0002e188      0x3ca ./Core/Src/Codec.o
 .debug_macro   0x0002e552      0x45c ./Core/Src/Codec.o
 .debug_macro   0x0002e9ae       0x3c ./Core/Src/Codec.o
 .debug_macro   0x0002e9ea       0x4a ./Core/Src/Codec.o
 .debug_macro   0x0002ea34      0x22c ./Core/Src/Codec.o
 .debug_macro   0x0002ec60       0x67 ./Core/Src/Codec.o
 .debug_macro   0x0002ecc7       0xa5 ./Core/Src/Codec.o
 .debug_macro   0x0002ed6c      0x25d ./Core/Src/Codec.o
 .debug_macro   0x0002efc9      0x1c4 ./Core/Src/Codec.o
 .debug_macro   0x0002f18d      0x22a ./Core/Src/Codec.o
 .debug_macro   0x0002f3b7       0x35 ./Core/Src/Codec.o
 .debug_macro   0x0002f3ec      0x5e6 ./Core/Src/Codec.o
 .debug_macro   0x0002f9d2       0x16 ./Core/Src/Codec.o
 .debug_macro   0x0002f9e8      0x33f ./Core/Src/Synth.o
 .debug_macro   0x0002fd27       0x22 ./Core/Src/Synth.o
 .debug_macro   0x0002fd49      0x2a3 ./Core/Src/dma.o
 .debug_macro   0x0002ffec      0xacc ./Core/Src/dma.o
 .debug_macro   0x00030ab8     0x1305 ./Core/Src/dma.o
 .debug_macro   0x00031dbd      0x189 ./Core/Src/dma.o
 .debug_macro   0x00031f46       0x34 ./Core/Src/dma.o
 .debug_macro   0x00031f7a       0x43 ./Core/Src/dma.o
 .debug_macro   0x00031fbd       0x1c ./Core/Src/dma.o
 .debug_macro   0x00031fd9      0x369 ./Core/Src/dma.o
 .debug_macro   0x00032342      0x19b ./Core/Src/dma.o
 .debug_macro   0x000324dd       0x10 ./Core/Src/dma.o
 .debug_macro   0x000324ed      0x2a3 ./Core/Src/gpio.o
 .debug_macro   0x00032790      0x2a3 ./Core/Src/i2c.o
 .debug_macro   0x00032a33      0x2a3 ./Core/Src/i2s.o
 .debug_macro   0x00032cd6      0x2b8 ./Core/Src/led.o
 .debug_macro   0x00032f8e      0x37d ./Core/Src/main.o
 .debug_macro   0x0003330b       0x10 ./Core/Src/main.o
 .debug_macro   0x0003331b      0x299 ./Core/Src/stm32h7xx_hal_msp.o
 .debug_macro   0x000335b4      0x2a3 ./Core/Src/stm32h7xx_it.o
 .debug_macro   0x00033857      0x28a ./Core/Src/system_stm32h7xx.o
 .debug_macro   0x00033ae1      0x2b4 ./Drivers/STM32H7xx_HAL_Driver/Src/stm32h7xx_hal.o
 .debug_macro   0x00033d95      0x28a ./Drivers/STM32H7xx_HAL_Driver/Src/stm32h7xx_hal_cortex.o
 .debug_macro   0x0003401f      0x2de ./Drivers/STM32H7xx_HAL_Driver/Src/stm32h7xx_hal_dma.o
 .debug_macro   0x000342fd      0x291 ./Drivers/STM32H7xx_HAL_Driver/Src/stm32h7xx_hal_gpio.o
 .debug_macro   0x0003458e      0x356 ./Drivers/STM32H7xx_HAL_Driver/Src/stm32h7xx_hal_i2c.o
 .debug_macro   0x000348e4      0x28a ./Drivers/STM32H7xx_HAL_Driver/Src/stm32h7xx_hal_i2c_ex.o
 .debug_macro   0x00034b6e      0x292 ./Drivers/STM32H7xx_HAL_Driver/Src/stm32h7xx_hal_i2s.o
 .debug_macro   0x00034e00      0x2c3 ./Drivers/STM32H7xx_HAL_Driver/Src/stm32h7xx_hal_pwr_ex.o
 .debug_macro   0x000350c3      0x2ae ./Drivers/STM32H7xx_HAL_Driver/Src/stm32h7xx_hal_rcc.o
 .debug_macro   0x00035371      0x2a8 ./Drivers/STM32H7xx_HAL_Driver/Src/stm32h7xx_hal_rcc_ex.o

.debug_line     0x00000000    0x167ea
 .debug_line    0x00000000      0xdf9 ./Core/Src/Codec.o
 .debug_line    0x00000df9      0xe41 ./Core/Src/Synth.o
 .debug_line    0x00001c3a      0x893 ./Core/Src/dma.o
 .debug_line    0x000024cd      0x8a8 ./Core/Src/gpio.o
 .debug_line    0x00002d75      0x926 ./Core/Src/i2c.o
 .debug_line    0x0000369b      0x973 ./Core/Src/i2s.o
 .debug_line    0x0000400e      0x919 ./Core/Src/led.o
 .debug_line    0x00004927      0xfc8 ./Core/Src/main.o
 .debug_line    0x000058ef      0x896 ./Core/Src/stm32h7xx_hal_msp.o
 .debug_line    0x00006185      0x972 ./Core/Src/stm32h7xx_it.o
 .debug_line    0x00006af7      0xa48 ./Core/Src/system_stm32h7xx.o
 .debug_line    0x0000753f       0x7a ./Core/Startup/startup_stm32h723vgtx.o
 .debug_line    0x000075b9      0xed9 ./Drivers/STM32H7xx_HAL_Driver/Src/stm32h7xx_hal.o
 .debug_line    0x00008492      0xe77 ./Drivers/STM32H7xx_HAL_Driver/Src/stm32h7xx_hal_cortex.o
 .debug_line    0x00009309     0x27ae ./Drivers/STM32H7xx_HAL_Driver/Src/stm32h7xx_hal_dma.o
 .debug_line    0x0000bab7      0xd0c ./Drivers/STM32H7xx_HAL_Driver/Src/stm32h7xx_hal_gpio.o
 .debug_line    0x0000c7c3     0x3eb4 ./Drivers/STM32H7xx_HAL_Driver/Src/stm32h7xx_hal_i2c.o
 .debug_line    0x00010677      0xab5 ./Drivers/STM32H7xx_HAL_Driver/Src/stm32h7xx_hal_i2c_ex.o
 .debug_line    0x0001112c     0x184b ./Drivers/STM32H7xx_HAL_Driver/Src/stm32h7xx_hal_i2s.o
 .debug_line    0x00012977      0xec6 ./Drivers/STM32H7xx_HAL_Driver/Src/stm32h7xx_hal_pwr_ex.o
 .debug_line    0x0001383d     0x136f ./Drivers/STM32H7xx_HAL_Driver/Src/stm32h7xx_hal_rcc.o
 .debug_line    0x00014bac     0x1c3e ./Drivers/STM32H7xx_HAL_Driver/Src/stm32h7xx_hal_rcc_ex.o

.debug_str      0x00000000   0x13de97
 .debug_str     0x00000000   0x13896f ./Core/Src/Codec.o
                             0x13904a (size before relaxing)
 .debug_str     0x0013896f      0x230 ./Core/Src/Synth.o
                             0x1389f7 (size before relaxing)
 .debug_str     0x00138b9f      0xcc3 ./Core/Src/dma.o
                             0x136482 (size before relaxing)
 .debug_str     0x00139862       0x5f ./Core/Src/gpio.o
                             0x135d40 (size before relaxing)
 .debug_str     0x001398c1      0x36d ./Core/Src/i2c.o
                             0x1366c0 (size before relaxing)
 .debug_str     0x00139c2e      0x225 ./Core/Src/i2s.o
                             0x136655 (size before relaxing)
 .debug_str     0x00139e53      0x18d ./Core/Src/led.o
                             0x135b6b (size before relaxing)
 .debug_str     0x00139fe0      0x4af ./Core/Src/main.o
                             0x1395ee (size before relaxing)
 .debug_str     0x0013a48f       0x2c ./Core/Src/stm32h7xx_hal_msp.o
                             0x135c75 (size before relaxing)
 .debug_str     0x0013a4bb       0xf4 ./Core/Src/stm32h7xx_it.o
                             0x135e2f (size before relaxing)
 .debug_str     0x0013a5af      0x2a6 ./Core/Src/system_stm32h7xx.o
                             0x135edf (size before relaxing)
 .debug_str     0x0013a855       0x44 ./Core/Startup/startup_stm32h723vgtx.o
                                 0x84 (size before relaxing)
 .debug_str     0x0013a899      0x948 ./Drivers/STM32H7xx_HAL_Driver/Src/stm32h7xx_hal.o
                             0x136f69 (size before relaxing)
 .debug_str     0x0013b1e1      0x2c4 ./Drivers/STM32H7xx_HAL_Driver/Src/stm32h7xx_hal_cortex.o
                             0x136883 (size before relaxing)
 .debug_str     0x0013b4a5      0x8ad ./Drivers/STM32H7xx_HAL_Driver/Src/stm32h7xx_hal_dma.o
                             0x136694 (size before relaxing)
 .debug_str     0x0013bd52       0xf1 ./Drivers/STM32H7xx_HAL_Driver/Src/stm32h7xx_hal_gpio.o
                             0x135f2a (size before relaxing)
 .debug_str     0x0013be43      0xdb5 ./Drivers/STM32H7xx_HAL_Driver/Src/stm32h7xx_hal_i2c.o
                             0x136fc0 (size before relaxing)
 .debug_str     0x0013cbf8       0xb8 ./Drivers/STM32H7xx_HAL_Driver/Src/stm32h7xx_hal_i2c_ex.o
                             0x13636f (size before relaxing)
 .debug_str     0x0013ccb0      0x3a3 ./Drivers/STM32H7xx_HAL_Driver/Src/stm32h7xx_hal_i2s.o
                             0x1363e1 (size before relaxing)
 .debug_str     0x0013d053      0x5ee ./Drivers/STM32H7xx_HAL_Driver/Src/stm32h7xx_hal_pwr_ex.o
                             0x136332 (size before relaxing)
 .debug_str     0x0013d641      0x22e ./Drivers/STM32H7xx_HAL_Driver/Src/stm32h7xx_hal_rcc.o
                             0x1362ad (size before relaxing)
 .debug_str     0x0013d86f      0x628 ./Drivers/STM32H7xx_HAL_Driver/Src/stm32h7xx_hal_rcc_ex.o
                             0x1367c5 (size before relaxing)

.comment        0x00000000       0x43
 .comment       0x00000000       0x43 ./Core/Src/Codec.o
                                 0x44 (size before relaxing)
 .comment       0x00000043       0x44 ./Core/Src/Synth.o
 .comment       0x00000043       0x44 ./Core/Src/dma.o
 .comment       0x00000043       0x44 ./Core/Src/gpio.o
 .comment       0x00000043       0x44 ./Core/Src/i2c.o
 .comment       0x00000043       0x44 ./Core/Src/i2s.o
 .comment       0x00000043       0x44 ./Core/Src/led.o
 .comment       0x00000043       0x44 ./Core/Src/main.o
 .comment       0x00000043       0x44 ./Core/Src/stm32h7xx_hal_msp.o
 .comment       0x00000043       0x44 ./Core/Src/stm32h7xx_it.o
 .comment       0x00000043       0x44 ./Core/Src/system_stm32h7xx.o
 .comment       0x00000043       0x44 ./Drivers/STM32H7xx_HAL_Driver/Src/stm32h7xx_hal.o
 .comment       0x00000043       0x44 ./Drivers/STM32H7xx_HAL_Driver/Src/stm32h7xx_hal_cortex.o
 .comment       0x00000043       0x44 ./Drivers/STM32H7xx_HAL_Driver/Src/stm32h7xx_hal_dma.o
 .comment       0x00000043       0x44 ./Drivers/STM32H7xx_HAL_Driver/Src/stm32h7xx_hal_gpio.o
 .comment       0x00000043       0x44 ./Drivers/STM32H7xx_HAL_Driver/Src/stm32h7xx_hal_i2c.o
 .comment       0x00000043       0x44 ./Drivers/STM32H7xx_HAL_Driver/Src/stm32h7xx_hal_i2c_ex.o
 .comment       0x00000043       0x44 ./Drivers/STM32H7xx_HAL_Driver/Src/stm32h7xx_hal_i2s.o
 .comment       0x00000043       0x44 ./Drivers/STM32H7xx_HAL_Driver/Src/stm32h7xx_hal_pwr_ex.o
 .comment       0x00000043       0x44 ./Drivers/STM32H7xx_HAL_Driver/Src/stm32h7xx_hal_rcc.o
 .comment       0x00000043       0x44 ./Drivers/STM32H7xx_HAL_Driver/Src/stm32h7xx_hal_rcc_ex.o

.debug_frame    0x00000000     0x389c
 .debug_frame   0x00000000       0xcc ./Core/Src/Codec.o
 .debug_frame   0x000000cc       0xac ./Core/Src/Synth.o
 .debug_frame   0x00000178       0x34 ./Core/Src/dma.o
 .debug_frame   0x000001ac       0x34 ./Core/Src/gpio.o
 .debug_frame   0x000001e0       0x78 ./Core/Src/i2c.o
 .debug_frame   0x00000258       0x78 ./Core/Src/i2s.o
 .debug_frame   0x000002d0       0xb4 ./Core/Src/led.o
 .debug_frame   0x00000384      0x154 ./Core/Src/main.o
 .debug_frame   0x000004d8       0x38 ./Core/Src/stm32h7xx_hal_msp.o
 .debug_frame   0x00000510      0x120 ./Core/Src/stm32h7xx_it.o
 .debug_frame   0x00000630       0x58 ./Core/Src/system_stm32h7xx.o
 .debug_frame   0x00000688      0x760 ./Drivers/STM32H7xx_HAL_Driver/Src/stm32h7xx_hal.o
 .debug_frame   0x00000de8      0x508 ./Drivers/STM32H7xx_HAL_Driver/Src/stm32h7xx_hal_cortex.o
 .debug_frame   0x000012f0      0x2b4 ./Drivers/STM32H7xx_HAL_Driver/Src/stm32h7xx_hal_dma.o
 .debug_frame   0x000015a4      0x14c ./Drivers/STM32H7xx_HAL_Driver/Src/stm32h7xx_hal_gpio.o
 .debug_frame   0x000016f0      0xc40 ./Drivers/STM32H7xx_HAL_Driver/Src/stm32h7xx_hal_i2c.o
 .debug_frame   0x00002330      0x100 ./Drivers/STM32H7xx_HAL_Driver/Src/stm32h7xx_hal_i2c_ex.o
 .debug_frame   0x00002430      0x5b4 ./Drivers/STM32H7xx_HAL_Driver/Src/stm32h7xx_hal_i2s.o
 .debug_frame   0x000029e4      0x540 ./Drivers/STM32H7xx_HAL_Driver/Src/stm32h7xx_hal_pwr_ex.o
 .debug_frame   0x00002f24      0x1fc ./Drivers/STM32H7xx_HAL_Driver/Src/stm32h7xx_hal_rcc.o
 .debug_frame   0x00003120      0x414 ./Drivers/STM32H7xx_HAL_Driver/Src/stm32h7xx_hal_rcc_ex.o
 .debug_frame   0x00003534       0x20 C:/ST/STM32CubeIDE_1.15.1/STM32CubeIDE/plugins/com.st.stm32cube.ide.mcu.externaltools.gnu-tools-for-stm32.12.3.rel1.win32_1.0.100.202403111256/tools/bin/../lib/gcc/arm-none-eabi/12.3.1/../../../../arm-none-eabi/lib/thumb/v7e-m+dp/hard\libstdc++_nano.a(del_ops.o)
 .debug_frame   0x00003554       0x20 C:/ST/STM32CubeIDE_1.15.1/STM32CubeIDE/plugins/com.st.stm32cube.ide.mcu.externaltools.gnu-tools-for-stm32.12.3.rel1.win32_1.0.100.202403111256/tools/bin/../lib/gcc/arm-none-eabi/12.3.1/../../../../arm-none-eabi/lib/thumb/v7e-m+dp/hard\libstdc++_nano.a(del_op.o)
 .debug_frame   0x00003574       0x30 C:/ST/STM32CubeIDE_1.15.1/STM32CubeIDE/plugins/com.st.stm32cube.ide.mcu.externaltools.gnu-tools-for-stm32.12.3.rel1.win32_1.0.100.202403111256/tools/bin/../lib/gcc/arm-none-eabi/12.3.1/../../../../arm-none-eabi/lib/thumb/v7e-m+dp/hard\libc_nano.a(libc_a-malloc.o)
 .debug_frame   0x000035a4       0x50 C:/ST/STM32CubeIDE_1.15.1/STM32CubeIDE/plugins/com.st.stm32cube.ide.mcu.externaltools.gnu-tools-for-stm32.12.3.rel1.win32_1.0.100.202403111256/tools/bin/../lib/gcc/arm-none-eabi/12.3.1/../../../../arm-none-eabi/lib/thumb/v7e-m+dp/hard\libc_nano.a(libc_a-mallocr.o)
 .debug_frame   0x000035f4       0x30 C:/ST/STM32CubeIDE_1.15.1/STM32CubeIDE/plugins/com.st.stm32cube.ide.mcu.externaltools.gnu-tools-for-stm32.12.3.rel1.win32_1.0.100.202403111256/tools/bin/../lib/gcc/arm-none-eabi/12.3.1/../../../../arm-none-eabi/lib/thumb/v7e-m+dp/hard\libc_nano.a(libc_a-mlock.o)
 .debug_frame   0x00003624      0x144 C:/ST/STM32CubeIDE_1.15.1/STM32CubeIDE/plugins/com.st.stm32cube.ide.mcu.externaltools.gnu-tools-for-stm32.12.3.rel1.win32_1.0.100.202403111256/tools/bin/../lib/gcc/arm-none-eabi/12.3.1/../../../../arm-none-eabi/lib/thumb/v7e-m+dp/hard\libc_nano.a(libc_a-findfp.o)
 .debug_frame   0x00003768       0x20 C:/ST/STM32CubeIDE_1.15.1/STM32CubeIDE/plugins/com.st.stm32cube.ide.mcu.externaltools.gnu-tools-for-stm32.12.3.rel1.win32_1.0.100.202403111256/tools/bin/../lib/gcc/arm-none-eabi/12.3.1/../../../../arm-none-eabi/lib/thumb/v7e-m+dp/hard\libc_nano.a(libc_a-memset.o)
 .debug_frame   0x00003788       0x2c C:/ST/STM32CubeIDE_1.15.1/STM32CubeIDE/plugins/com.st.stm32cube.ide.mcu.externaltools.gnu-tools-for-stm32.12.3.rel1.win32_1.0.100.202403111256/tools/bin/../lib/gcc/arm-none-eabi/12.3.1/../../../../arm-none-eabi/lib/thumb/v7e-m+dp/hard\libc_nano.a(libc_a-init.o)
 .debug_frame   0x000037b4       0xb0 C:/ST/STM32CubeIDE_1.15.1/STM32CubeIDE/plugins/com.st.stm32cube.ide.mcu.externaltools.gnu-tools-for-stm32.12.3.rel1.win32_1.0.100.202403111256/tools/bin/../lib/gcc/arm-none-eabi/12.3.1/../../../../arm-none-eabi/lib/thumb/v7e-m+dp/hard\libc_nano.a(libc_a-lock.o)
 .debug_frame   0x00003864       0x38 C:/ST/STM32CubeIDE_1.15.1/STM32CubeIDE/plugins/com.st.stm32cube.ide.mcu.externaltools.gnu-tools-for-stm32.12.3.rel1.win32_1.0.100.202403111256/tools/bin/../lib/gcc/arm-none-eabi/12.3.1/../../../../arm-none-eabi/lib/thumb/v7e-m+dp/hard\libc_nano.a(libc_a-freer.o)

.debug_line_str
                0x00000000       0x68
 .debug_line_str
                0x00000000       0x68 ./Core/Startup/startup_stm32h723vgtx.o
