Archive member included to satisfy reference by file (symbol)

C:/ST/STM32CubeIDE_1.15.1/STM32CubeIDE/plugins/com.st.stm32cube.ide.mcu.externaltools.gnu-tools-for-stm32.12.3.rel1.win32_1.0.100.202403111256/tools/bin/../lib/gcc/arm-none-eabi/12.3.1/../../../../arm-none-eabi/lib/thumb/v7e-m+dp/hard\libstdc++_nano.a(del_ops.o)
                              ./Core/Src/Codec.o (operator delete(void*, unsigned int))
C:/ST/STM32CubeIDE_1.15.1/STM32CubeIDE/plugins/com.st.stm32cube.ide.mcu.externaltools.gnu-tools-for-stm32.12.3.rel1.win32_1.0.100.202403111256/tools/bin/../lib/gcc/arm-none-eabi/12.3.1/../../../../arm-none-eabi/lib/thumb/v7e-m+dp/hard\libstdc++_nano.a(del_op.o)
                              C:/ST/STM32CubeIDE_1.15.1/STM32CubeIDE/plugins/com.st.stm32cube.ide.mcu.externaltools.gnu-tools-for-stm32.12.3.rel1.win32_1.0.100.202403111256/tools/bin/../lib/gcc/arm-none-eabi/12.3.1/../../../../arm-none-eabi/lib/thumb/v7e-m+dp/hard\libstdc++_nano.a(del_ops.o) (operator delete(void*))
C:/ST/STM32CubeIDE_1.15.1/STM32CubeIDE/plugins/com.st.stm32cube.ide.mcu.externaltools.gnu-tools-for-stm32.12.3.rel1.win32_1.0.100.202403111256/tools/bin/../lib/gcc/arm-none-eabi/12.3.1/../../../../arm-none-eabi/lib/thumb/v7e-m+dp/hard\libc_nano.a(libc_a-exit.o)
                              C:/ST/STM32CubeIDE_1.15.1/STM32CubeIDE/plugins/com.st.stm32cube.ide.mcu.externaltools.gnu-tools-for-stm32.12.3.rel1.win32_1.0.100.202403111256/tools/bin/../lib/gcc/arm-none-eabi/12.3.1/../../../../arm-none-eabi/lib/thumb/v7e-m+dp/hard/crt0.o (exit)
C:/ST/STM32CubeIDE_1.15.1/STM32CubeIDE/plugins/com.st.stm32cube.ide.mcu.externaltools.gnu-tools-for-stm32.12.3.rel1.win32_1.0.100.202403111256/tools/bin/../lib/gcc/arm-none-eabi/12.3.1/../../../../arm-none-eabi/lib/thumb/v7e-m+dp/hard\libc_nano.a(libc_a-malloc.o)
                              ./Core/Src/llist.o (malloc)
C:/ST/STM32CubeIDE_1.15.1/STM32CubeIDE/plugins/com.st.stm32cube.ide.mcu.externaltools.gnu-tools-for-stm32.12.3.rel1.win32_1.0.100.202403111256/tools/bin/../lib/gcc/arm-none-eabi/12.3.1/../../../../arm-none-eabi/lib/thumb/v7e-m+dp/hard\libc_nano.a(libc_a-mallocr.o)
                              C:/ST/STM32CubeIDE_1.15.1/STM32CubeIDE/plugins/com.st.stm32cube.ide.mcu.externaltools.gnu-tools-for-stm32.12.3.rel1.win32_1.0.100.202403111256/tools/bin/../lib/gcc/arm-none-eabi/12.3.1/../../../../arm-none-eabi/lib/thumb/v7e-m+dp/hard\libc_nano.a(libc_a-malloc.o) (_malloc_r)
C:/ST/STM32CubeIDE_1.15.1/STM32CubeIDE/plugins/com.st.stm32cube.ide.mcu.externaltools.gnu-tools-for-stm32.12.3.rel1.win32_1.0.100.202403111256/tools/bin/../lib/gcc/arm-none-eabi/12.3.1/../../../../arm-none-eabi/lib/thumb/v7e-m+dp/hard\libc_nano.a(libc_a-mlock.o)
                              C:/ST/STM32CubeIDE_1.15.1/STM32CubeIDE/plugins/com.st.stm32cube.ide.mcu.externaltools.gnu-tools-for-stm32.12.3.rel1.win32_1.0.100.202403111256/tools/bin/../lib/gcc/arm-none-eabi/12.3.1/../../../../arm-none-eabi/lib/thumb/v7e-m+dp/hard\libc_nano.a(libc_a-mallocr.o) (__malloc_lock)
C:/ST/STM32CubeIDE_1.15.1/STM32CubeIDE/plugins/com.st.stm32cube.ide.mcu.externaltools.gnu-tools-for-stm32.12.3.rel1.win32_1.0.100.202403111256/tools/bin/../lib/gcc/arm-none-eabi/12.3.1/../../../../arm-none-eabi/lib/thumb/v7e-m+dp/hard\libc_nano.a(libc_a-findfp.o)
                              C:/ST/STM32CubeIDE_1.15.1/STM32CubeIDE/plugins/com.st.stm32cube.ide.mcu.externaltools.gnu-tools-for-stm32.12.3.rel1.win32_1.0.100.202403111256/tools/bin/../lib/gcc/arm-none-eabi/12.3.1/../../../../arm-none-eabi/lib/thumb/v7e-m+dp/hard\libc_nano.a(libc_a-exit.o) (__stdio_exit_handler)
C:/ST/STM32CubeIDE_1.15.1/STM32CubeIDE/plugins/com.st.stm32cube.ide.mcu.externaltools.gnu-tools-for-stm32.12.3.rel1.win32_1.0.100.202403111256/tools/bin/../lib/gcc/arm-none-eabi/12.3.1/../../../../arm-none-eabi/lib/thumb/v7e-m+dp/hard\libc_nano.a(libc_a-fwalk.o)
                              C:/ST/STM32CubeIDE_1.15.1/STM32CubeIDE/plugins/com.st.stm32cube.ide.mcu.externaltools.gnu-tools-for-stm32.12.3.rel1.win32_1.0.100.202403111256/tools/bin/../lib/gcc/arm-none-eabi/12.3.1/../../../../arm-none-eabi/lib/thumb/v7e-m+dp/hard\libc_nano.a(libc_a-findfp.o) (_fwalk_sglue)
C:/ST/STM32CubeIDE_1.15.1/STM32CubeIDE/plugins/com.st.stm32cube.ide.mcu.externaltools.gnu-tools-for-stm32.12.3.rel1.win32_1.0.100.202403111256/tools/bin/../lib/gcc/arm-none-eabi/12.3.1/../../../../arm-none-eabi/lib/thumb/v7e-m+dp/hard\libc_nano.a(libc_a-printf.o)
                              ./Core/Src/llist.o (printf)
C:/ST/STM32CubeIDE_1.15.1/STM32CubeIDE/plugins/com.st.stm32cube.ide.mcu.externaltools.gnu-tools-for-stm32.12.3.rel1.win32_1.0.100.202403111256/tools/bin/../lib/gcc/arm-none-eabi/12.3.1/../../../../arm-none-eabi/lib/thumb/v7e-m+dp/hard\libc_nano.a(libc_a-stdio.o)
[...]
Memory Configuration

Name             Origin             Length             Attributes
ITCMRAM          0x00000000         0x00010000         xrw
DTCMRAM          0x20000000         0x00020000         xrw
FLASH            0x08000000         0x00100000         xr
RAM_D1           0x24000000         0x00050000         xrw
RAM_D2           0x30000000         0x00008000         xrw
RAM_D3           0x38000000         0x00004000         xrw
*default*        0x00000000         0xffffffff

Linker script and memory map

LOAD C:/ST/STM32CubeIDE_1.15.1/STM32CubeIDE/plugins/com.st.stm32cube.ide.mcu.externaltools.gnu-tools-for-stm32.12.3.rel1.win32_1.0.100.202403111256/tools/bin/../lib/gcc/arm-none-eabi/12.3.1/thumb/v7e-m+dp/hard/crti.o
LOAD C:/ST/STM32CubeIDE_1.15.1/STM32CubeIDE/plugins/com.st.stm32cube.ide.mcu.externaltools.gnu-tools-for-stm32.12.3.rel1.win32_1.0.100.202403111256/tools/bin/../lib/gcc/arm-none-eabi/12.3.1/thumb/v7e-m+dp/hard/crtbegin.o
LOAD C:/ST/STM32CubeIDE_1.15.1/STM32CubeIDE/plugins/com.st.stm32cube.ide.mcu.externaltools.gnu-tools-for-stm32.12.3.rel1.win32_1.0.100.202403111256/tools/bin/../lib/gcc/arm-none-eabi/12.3.1/../../../../arm-none-eabi/lib/thumb/v7e-m+dp/hard/crt0.o
LOAD ./Core/Src/Codec.o
LOAD ./Core/Src/dma.o
LOAD ./Core/Src/gpio.o
LOAD ./Core/Src/i2c.o
LOAD ./Core/Src/i2s.o
LOAD ./Core/Src/led.o
LOAD ./Core/Src/llist.o
LOAD ./Core/Src/main.o
LOAD ./Core/Src/stm32h7xx_hal_msp.o
LOAD ./Core/Src/stm32h7xx_it.o
LOAD ./Core/Src/synth.o
LOAD ./Core/Src/syscalls.o
LOAD ./Core/Src/sysmem.o
LOAD ./Core/Src/system_stm32h7xx.o
LOAD ./Core/Startup/startup_stm32h723vgtx.o
LOAD ./Drivers/STM32H7xx_HAL_Driver/Src/stm32h7xx_hal.o
LOAD ./Drivers/STM32H7xx_HAL_Driver/Src/stm32h7xx_hal_cortex.o
LOAD ./Drivers/STM32H7xx_HAL_Driver/Src/stm32h7xx_hal_dma.o
LOAD ./Drivers/STM32H7xx_HAL_Driver/Src/stm32h7xx_hal_dma_ex.o
LOAD ./Drivers/STM32H7xx_HAL_Driver/Src/stm32h7xx_hal_exti.o
LOAD ./Drivers/STM32H7xx_HAL_Driver/Src/stm32h7xx_hal_flash.o
LOAD ./Drivers/STM32H7xx_HAL_Driver/Src/stm32h7xx_hal_flash_ex.o
LOAD ./Drivers/STM32H7xx_HAL_Driver/Src/stm32h7xx_hal_gpio.o
LOAD ./Drivers/STM32H7xx_HAL_Driver/Src/stm32h7xx_hal_hsem.o
LOAD ./Drivers/STM32H7xx_HAL_Driver/Src/stm32h7xx_hal_i2c.o
LOAD ./Drivers/STM32H7xx_HAL_Driver/Src/stm32h7xx_hal_i2c_ex.o
LOAD ./Drivers/STM32H7xx_HAL_Driver/Src/stm32h7xx_hal_i2s.o
LOAD ./Drivers/STM32H7xx_HAL_Driver/Src/stm32h7xx_hal_i2s_ex.o
LOAD ./Drivers/STM32H7xx_HAL_Driver/Src/stm32h7xx_hal_mdma.o
LOAD ./Drivers/STM32H7xx_HAL_Driver/Src/stm32h7xx_hal_pwr.o
LOAD ./Drivers/STM32H7xx_HAL_Driver/Src/stm32h7xx_hal_pwr_ex.o
LOAD ./Drivers/STM32H7xx_HAL_Driver/Src/stm32h7xx_hal_rcc.o
LOAD ./Drivers/STM32H7xx_HAL_Driver/Src/stm32h7xx_hal_rcc_ex.o
LOAD ./Drivers/STM32H7xx_HAL_Driver/Src/stm32h7xx_hal_tim.o
LOAD ./Drivers/STM32H7xx_HAL_Driver/Src/stm32h7xx_hal_tim_ex.o
START GROUP
LOAD C:/ST/STM32CubeIDE_1.15.1/STM32CubeIDE/plugins/com.st.stm32cube.ide.mcu.externaltools.gnu-tools-for-stm32.12.3.rel1.win32_1.0.100.202403111256/tools/bin/../lib/gcc/arm-none-eabi/12.3.1/../../../../arm-none-eabi/lib/thumb/v7e-m+dp/hard\libstdc++_nano.a
LOAD C:/ST/STM32CubeIDE_1.15.1/STM32CubeIDE/plugins/com.st.stm32cube.ide.mcu.externaltools.gnu-tools-for-stm32.12.3.rel1.win32_1.0.100.202403111256/tools/bin/../lib/gcc/arm-none-eabi/12.3.1/../../../../arm-none-eabi/lib/thumb/v7e-m+dp/hard\libsupc++_nano.a
END GROUP
LOAD C:/ST/STM32CubeIDE_1.15.1/STM32CubeIDE/plugins/com.st.stm32cube.ide.mcu.externaltools.gnu-tools-for-stm32.12.3.rel1.win32_1.0.100.202403111256/tools/bin/../lib/gcc/arm-none-eabi/12.3.1/../../../../arm-none-eabi/lib/thumb/v7e-m+dp/hard\libstdc++_nano.a
LOAD C:/ST/STM32CubeIDE_1.15.1/STM32CubeIDE/plugins/com.st.stm32cube.ide.mcu.externaltools.gnu-tools-for-stm32.12.3.rel1.win32_1.0.100.202403111256/tools/bin/../lib/gcc/arm-none-eabi/12.3.1/../../../../arm-none-eabi/lib/thumb/v7e-m+dp/hard\libm.a
LOAD C:/ST/STM32CubeIDE_1.15.1/STM32CubeIDE/plugins/com.st.stm32cube.ide.mcu.externaltools.gnu-tools-for-stm32.12.3.rel1.win32_1.0.100.202403111256/tools/bin/../lib/gcc/arm-none-eabi/12.3.1/../../../../arm-none-eabi/lib/thumb/v7e-m+dp/hard\libc_nano.a
START GROUP
LOAD C:/ST/STM32CubeIDE_1.15.1/STM32CubeIDE/plugins/com.st.stm32cube.ide.mcu.externaltools.gnu-tools-for-stm32.12.3.rel1.win32_1.0.100.202403111256/tools/bin/../lib/gcc/arm-none-eabi/12.3.1/thumb/v7e-m+dp/hard\libgcc.a
LOAD C:/ST/STM32CubeIDE_1.15.1/STM32CubeIDE/plugins/com.st.stm32cube.ide.mcu.externaltools.gnu-tools-for-stm32.12.3.rel1.win32_1.0.100.202403111256/tools/bin/../lib/gcc/arm-none-eabi/12.3.1/../../../../arm-none-eabi/lib/thumb/v7e-m+dp/hard\libc_nano.a
END GROUP
START GROUP
LOAD C:/ST/STM32CubeIDE_1.15.1/STM32CubeIDE/plugins/com.st.stm32cube.ide.mcu.externaltools.gnu-tools-for-stm32.12.3.rel1.win32_1.0.100.202403111256/tools/bin/../lib/gcc/arm-none-eabi/12.3.1/thumb/v7e-m+dp/hard\libgcc.a
LOAD C:/ST/STM32CubeIDE_1.15.1/STM32CubeIDE/plugins/com.st.stm32cube.ide.mcu.externaltools.gnu-tools-for-stm32.12.3.rel1.win32_1.0.100.202403111256/tools/bin/../lib/gcc/arm-none-eabi/12.3.1/../../../../arm-none-eabi/lib/thumb/v7e-m+dp/hard\libc_nano.a
LOAD C:/ST/STM32CubeIDE_1.15.1/STM32CubeIDE/plugins/com.st.stm32cube.ide.mcu.externaltools.gnu-tools-for-stm32.12.3.rel1.win32_1.0.100.202403111256/tools/bin/../lib/gcc/arm-none-eabi/12.3.1/../../../../arm-none-eabi/lib/thumb/v7e-m+dp/hard\libnosys.a
END GROUP
START GROUP
LOAD C:/ST/STM32CubeIDE_1.15.1/STM32CubeIDE/plugins/com.st.stm32cube.ide.mcu.externaltools.gnu-tools-for-stm32.12.3.rel1.win32_1.0.100.202403111256/tools/bin/../lib/gcc/arm-none-eabi/12.3.1/thumb/v7e-m+dp/hard\libgcc.a
LOAD C:/ST/STM32CubeIDE_1.15.1/STM32CubeIDE/plugins/com.st.stm32cube.ide.mcu.externaltools.gnu-tools-for-stm32.12.3.rel1.win32_1.0.100.202403111256/tools/bin/../lib/gcc/arm-none-eabi/12.3.1/../../../../arm-none-eabi/lib/thumb/v7e-m+dp/hard\libc_nano.a
LOAD C:/ST/STM32CubeIDE_1.15.1/STM32CubeIDE/plugins/com.st.stm32cube.ide.mcu.externaltools.gnu-tools-for-stm32.12.3.rel1.win32_1.0.100.202403111256/tools/bin/../lib/gcc/arm-none-eabi/12.3.1/../../../../arm-none-eabi/lib/thumb/v7e-m+dp/hard\libnosys.a
END GROUP
LOAD C:/ST/STM32CubeIDE_1.15.1/STM32CubeIDE/plugins/com.st.stm32cube.ide.mcu.externaltools.gnu-tools-for-stm32.12.3.rel1.win32_1.0.100.202403111256/tools/bin/../lib/gcc/arm-none-eabi/12.3.1/thumb/v7e-m+dp/hard/crtend.o
LOAD C:/ST/STM32CubeIDE_1.15.1/STM32CubeIDE/plugins/com.st.stm32cube.ide.mcu.externaltools.gnu-tools-for-stm32.12.3.rel1.win32_1.0.100.202403111256/tools/bin/../lib/gcc/arm-none-eabi/12.3.1/thumb/v7e-m+dp/hard/crtn.o
                0x24050000                        _estack = (ORIGIN (RAM_D1) + LENGTH (RAM_D1))
                0x00000200                        _Min_Heap_Size = 0x200
                0x00000400                        _Min_Stack_Size = 0x400

.isr_vector     0x08000000      0x2cc
                0x08000000                        . = ALIGN (0x4)
 *(.isr_vector)
 .isr_vector    0x08000000      0x2cc ./Core/Startup/startup_stm32h723vgtx.o
                0x08000000                g_pfnVectors
                0x080002cc                        . = ALIGN (0x4)

.text           0x080002cc     0x8250
                0x080002cc                        . = ALIGN (0x4)
 *(.text)
 .text          0x080002cc       0x40 C:/ST/STM32CubeIDE_1.15.1/STM32CubeIDE/plugins/com.st.stm32cube.ide.mcu.externaltools.gnu-tools-for-stm32.12.3.rel1.win32_1.0.100.202403111256/tools/bin/../lib/gcc/arm-none-eabi/12.3.1/thumb/v7e-m+dp/hard/crtbegin.o
 *(.text*)
 .text._ZN5CodecC2Ev
                0x0800030c       0x20 ./Core/Src/Codec.o
                0x0800030c                Codec::Codec()
                0x0800030c                Codec::Codec()
 .text._ZN5CodecD2Ev
                0x0800032c       0x20 ./Core/Src/Codec.o
                0x0800032c                Codec::~Codec()
                0x0800032c                Codec::~Codec()
 .text._ZN5CodecD0Ev
                0x0800034c       0x20 ./Core/Src/Codec.o
                0x0800034c                Codec::~Codec()
 .text.MX_DMA_Init
                0x0800036c       0x40 ./Core/Src/dma.o
                0x0800036c                MX_DMA_Init
 .text.MX_GPIO_Init
                0x080003ac       0xe4 ./Core/Src/gpio.o
                0x080003ac                MX_GPIO_Init
 .text.MX_I2C1_Init
                0x08000490       0x80 ./Core/Src/i2c.o
                0x08000490                MX_I2C1_Init
 .text.HAL_I2C_MspInit
                0x08000510       0xd0 ./Core/Src/i2c.o
                0x08000510                HAL_I2C_MspInit
 .text.MX_I2S3_Init
                0x080005e0       0x64 ./Core/Src/i2s.o
                0x080005e0                MX_I2S3_Init
 .text.HAL_I2S_MspInit
                0x08000644      0x1f8 ./Core/Src/i2s.o
                0x08000644                HAL_I2S_MspInit
 .text.ledInit  0x0800083c       0x6c ./Core/Src/led.o
                0x0800083c                ledInit
 .text.ledToggle
                0x080008a8       0x20 ./Core/Src/led.o
                0x080008a8                ledToggle
 .text.ledBlink
                0x080008c8       0x34 ./Core/Src/led.o
                0x080008c8                ledBlink
 .text._Z13add_note_lastP4notehh
                0x080008fc       0x5a ./Core/Src/llist.o
                0x080008fc                add_note_last(note*, unsigned char, unsigned char)
 .text._Z13get_last_noteP4note
                0x08000956       0x34 ./Core/Src/llist.o
                0x08000956                get_last_note(note*)
 .text.HAL_I2S_TxHalfCpltCallback
                0x0800098a       0x16 ./Core/Src/main.o
                0x0800098a                HAL_I2S_TxHalfCpltCallback
 .text.main     0x080009a0      0x180 ./Core/Src/main.o
                0x080009a0                main
 .text._Z18SystemClock_Configv
                0x08000b20       0xf8 ./Core/Src/main.o
                0x08000b20                SystemClock_Config()
 .text._ZL10MPU_Configv
                0x08000c18       0x58 ./Core/Src/main.o
 .text.Error_Handler
                0x08000c70        0xc ./Core/Src/main.o
                0x08000c70                Error_Handler
 .text._Z41__static_initialization_and_destruction_0ii
                0x08000c7c       0x44 ./Core/Src/main.o
 .text._GLOBAL__sub_I_codec
                0x08000cc0       0x10 ./Core/Src/main.o
 .text._GLOBAL__sub_D_codec
                0x08000cd0       0x10 ./Core/Src/main.o
 .text.HAL_MspInit
                0x08000ce0       0x34 ./Core/Src/stm32h7xx_hal_msp.o
                0x08000ce0                HAL_MspInit
 .text.NMI_Handler
                0x08000d14        0x8 ./Core/Src/stm32h7xx_it.o
                0x08000d14                NMI_Handler
 .text.HardFault_Handler
                0x08000d1c        0x8 ./Core/Src/stm32h7xx_it.o
                0x08000d1c                HardFault_Handler
 .text.MemManage_Handler
                0x08000d24        0x8 ./Core/Src/stm32h7xx_it.o
                0x08000d24                MemManage_Handler
 .text.BusFault_Handler
                0x08000d2c        0x8 ./Core/Src/stm32h7xx_it.o
                0x08000d2c                BusFault_Handler
 .text.UsageFault_Handler
                0x08000d34        0x8 ./Core/Src/stm32h7xx_it.o
                0x08000d34                UsageFault_Handler
 .text.SVC_Handler
                0x08000d3c        0xe ./Core/Src/stm32h7xx_it.o
                0x08000d3c                SVC_Handler
 .text.DebugMon_Handler
                0x08000d4a        0xe ./Core/Src/stm32h7xx_it.o
                0x08000d4a                DebugMon_Handler
 .text.PendSV_Handler
                0x08000d58        0xe ./Core/Src/stm32h7xx_it.o
                0x08000d58                PendSV_Handler
 .text.SysTick_Handler
                0x08000d66        0xc ./Core/Src/stm32h7xx_it.o
                0x08000d66                SysTick_Handler
 *fill*         0x08000d72        0x2 
 .text.DMA1_Stream0_IRQHandler
                0x08000d74       0x14 ./Core/Src/stm32h7xx_it.o
                0x08000d74                DMA1_Stream0_IRQHandler
 .text._Z10Make_Soundt
                0x08000d88      0xc0c ./Core/Src/synth.o
                0x08000d88                Make_Sound(unsigned short)
 .text._sbrk    0x08001994       0x6c ./Core/Src/sysmem.o
                0x08001994                _sbrk
 .text.SystemInit
                0x08001a00       0xf0 ./Core/Src/system_stm32h7xx.o
                0x08001a00                SystemInit
 .text.Reset_Handler
                0x08001af0       0x50 ./Core/Startup/startup_stm32h723vgtx.o
                0x08001af0                Reset_Handler
 .text.Default_Handler
                0x08001b40        0x2 ./Core/Startup/startup_stm32h723vgtx.o
                0x08001b40                RTC_Alarm_IRQHandler
                0x08001b40                EXTI2_IRQHandler
                0x08001b40                TIM8_CC_IRQHandler
                0x08001b40                UART8_IRQHandler
                0x08001b40                SPI4_IRQHandler
                0x08001b40                FDCAN3_IT0_IRQHandler
                0x08001b40                TIM1_CC_IRQHandler
                0x08001b40                BDMA_Channel6_IRQHandler
                0x08001b40                DMA2_Stream5_IRQHandler
                0x08001b40                DMA1_Stream5_IRQHandler
                0x08001b40                CORDIC_IRQHandler
                0x08001b40                BDMA_Channel1_IRQHandler
                0x08001b40                TAMP_STAMP_IRQHandler
                0x08001b40                EXTI3_IRQHandler
                0x08001b40                LPTIM4_IRQHandler
                0x08001b40                TIM8_TRG_COM_TIM14_IRQHandler
                0x08001b40                LPTIM2_IRQHandler
                0x08001b40                DFSDM1_FLT1_IRQHandler
                0x08001b40                DMAMUX2_OVR_IRQHandler
                0x08001b40                TIM8_UP_TIM13_IRQHandler
                0x08001b40                I2C3_ER_IRQHandler
                0x08001b40                DFSDM1_FLT2_IRQHandler
                0x08001b40                I2C5_EV_IRQHandler
                0x08001b40                USART10_IRQHandler
                0x08001b40                MDMA_IRQHandler
                0x08001b40                LPTIM3_IRQHandler
                0x08001b40                HSEM1_IRQHandler
                0x08001b40                EXTI0_IRQHandler
                0x08001b40                I2C2_EV_IRQHandler
                0x08001b40                DMA1_Stream2_IRQHandler
                0x08001b40                FPU_IRQHandler
                0x08001b40                OTG_HS_WKUP_IRQHandler
                0x08001b40                FDCAN1_IT1_IRQHandler
                0x08001b40                LTDC_ER_IRQHandler
                0x08001b40                DMA2_Stream2_IRQHandler
                0x08001b40                SPI1_IRQHandler
                0x08001b40                OCTOSPI1_IRQHandler
                0x08001b40                TIM6_DAC_IRQHandler
                0x08001b40                DMA2_Stream3_IRQHandler
                0x08001b40                OCTOSPI2_IRQHandler
                0x08001b40                DFSDM1_FLT3_IRQHandler
                0x08001b40                TIM23_IRQHandler
                0x08001b40                USART6_IRQHandler
                0x08001b40                TIM17_IRQHandler
                0x08001b40                USART3_IRQHandler
                0x08001b40                BDMA_Channel7_IRQHandler
                0x08001b40                LPTIM5_IRQHandler
                0x08001b40                UART5_IRQHandler
                0x08001b40                ADC3_IRQHandler
                0x08001b40                DMA2_Stream0_IRQHandler
                0x08001b40                TIM4_IRQHandler
                0x08001b40                BDMA_Channel2_IRQHandler
                0x08001b40                I2C1_EV_IRQHandler
                0x08001b40                DMA1_Stream6_IRQHandler
                0x08001b40                DMAMUX1_OVR_IRQHandler
                0x08001b40                DMA1_Stream1_IRQHandler
                0x08001b40                TIM16_IRQHandler
                0x08001b40                UART4_IRQHandler
                0x08001b40                BDMA_Channel5_IRQHandler
                0x08001b40                TIM3_IRQHandler
                0x08001b40                RCC_IRQHandler
                0x08001b40                UART9_IRQHandler
                0x08001b40                TIM8_BRK_TIM12_IRQHandler
                0x08001b40                TIM1_TRG_COM_IRQHandler
                0x08001b40                Default_Handler
                0x08001b40                ECC_IRQHandler
                0x08001b40                FMAC_IRQHandler
                0x08001b40                CEC_IRQHandler
                0x08001b40                EXTI15_10_IRQHandler
                0x08001b40                BDMA_Channel0_IRQHandler
                0x08001b40                ADC_IRQHandler
                0x08001b40                I2C5_ER_IRQHandler
                0x08001b40                DMA1_Stream7_IRQHandler
                0x08001b40                SPI5_IRQHandler
                0x08001b40                TIM7_IRQHandler
                0x08001b40                FDCAN3_IT1_IRQHandler
                0x08001b40                SDMMC1_IRQHandler
                0x08001b40                TIM5_IRQHandler
                0x08001b40                DMA2_Stream7_IRQHandler
                0x08001b40                TIM15_IRQHandler
                0x08001b40                PVD_AVD_IRQHandler
                0x08001b40                I2C3_EV_IRQHandler
                0x08001b40                EXTI9_5_IRQHandler
                0x08001b40                RTC_WKUP_IRQHandler
                0x08001b40                LTDC_IRQHandler
                0x08001b40                ETH_WKUP_IRQHandler
                0x08001b40                SPDIF_RX_IRQHandler
                0x08001b40                SPI2_IRQHandler
                0x08001b40                OTG_HS_EP1_IN_IRQHandler
                0x08001b40                TIM24_IRQHandler
                0x08001b40                CRS_IRQHandler
                0x08001b40                EXTI4_IRQHandler
                0x08001b40                RNG_IRQHandler
                0x08001b40                FDCAN2_IT1_IRQHandler
                0x08001b40                ETH_IRQHandler
                0x08001b40                TIM1_UP_IRQHandler
                0x08001b40                BDMA_Channel4_IRQHandler
                0x08001b40                OTG_HS_EP1_OUT_IRQHandler
                0x08001b40                WWDG_IRQHandler
                0x08001b40                SPI6_IRQHandler
                0x08001b40                MDIOS_IRQHandler
                0x08001b40                I2C4_EV_IRQHandler
                0x08001b40                FDCAN2_IT0_IRQHandler
                0x08001b40                LPUART1_IRQHandler
                0x08001b40                FDCAN1_IT0_IRQHandler
                0x08001b40                TIM2_IRQHandler
                0x08001b40                OTG_HS_IRQHandler
                0x08001b40                DMA2D_IRQHandler
                0x08001b40                TIM1_BRK_IRQHandler
                0x08001b40                EXTI1_IRQHandler
                0x08001b40                SDMMC2_IRQHandler
                0x08001b40                BDMA_Channel3_IRQHandler
                0x08001b40                DTS_IRQHandler
                0x08001b40                UART7_IRQHandler
                0x08001b40                MDIOS_WKUP_IRQHandler
                0x08001b40                USART2_IRQHandler
                0x08001b40                DFSDM1_FLT0_IRQHandler
                0x08001b40                SAI4_IRQHandler
                0x08001b40                I2C2_ER_IRQHandler
                0x08001b40                DMA2_Stream1_IRQHandler
                0x08001b40                FLASH_IRQHandler
                0x08001b40                DMA2_Stream4_IRQHandler
                0x08001b40                USART1_IRQHandler
                0x08001b40                SPI3_IRQHandler
                0x08001b40                WAKEUP_PIN_IRQHandler
                0x08001b40                DMA1_Stream4_IRQHandler
                0x08001b40                I2C1_ER_IRQHandler
                0x08001b40                FMC_IRQHandler
                0x08001b40                FDCAN_CAL_IRQHandler
                0x08001b40                SWPMI1_IRQHandler
                0x08001b40                COMP1_IRQHandler
                0x08001b40                LPTIM1_IRQHandler
                0x08001b40                DCMI_PSSI_IRQHandler
                0x08001b40                I2C4_ER_IRQHandler
                0x08001b40                DMA2_Stream6_IRQHandler
                0x08001b40                SAI1_IRQHandler
                0x08001b40                DMA1_Stream3_IRQHandler
 *fill*         0x08001b42        0x2 
 .text.HAL_Init
                0x08001b44       0x78 ./Drivers/STM32H7xx_HAL_Driver/Src/stm32h7xx_hal.o
                0x08001b44                HAL_Init
 .text.HAL_InitTick
                0x08001bbc       0x6c ./Drivers/STM32H7xx_HAL_Driver/Src/stm32h7xx_hal.o
                0x08001bbc                HAL_InitTick
 .text.HAL_IncTick
                0x08001c28       0x28 ./Drivers/STM32H7xx_HAL_Driver/Src/stm32h7xx_hal.o
                0x08001c28                HAL_IncTick
 .text.HAL_GetTick
                0x08001c50       0x18 ./Drivers/STM32H7xx_HAL_Driver/Src/stm32h7xx_hal.o
                0x08001c50                HAL_GetTick
 .text.__NVIC_SetPriorityGrouping
                0x08001c68       0x48 ./Drivers/STM32H7xx_HAL_Driver/Src/stm32h7xx_hal_cortex.o
 .text.__NVIC_GetPriorityGrouping
                0x08001cb0       0x1c ./Drivers/STM32H7xx_HAL_Driver/Src/stm32h7xx_hal_cortex.o
 .text.__NVIC_EnableIRQ
                0x08001ccc       0x3c ./Drivers/STM32H7xx_HAL_Driver/Src/stm32h7xx_hal_cortex.o
 .text.__NVIC_SetPriority
                0x08001d08       0x54 ./Drivers/STM32H7xx_HAL_Driver/Src/stm32h7xx_hal_cortex.o
 .text.NVIC_EncodePriority
                0x08001d5c       0x66 ./Drivers/STM32H7xx_HAL_Driver/Src/stm32h7xx_hal_cortex.o
 *fill*         0x08001dc2        0x2 
 .text.SysTick_Config
                0x08001dc4       0x44 ./Drivers/STM32H7xx_HAL_Driver/Src/stm32h7xx_hal_cortex.o
 .text.HAL_NVIC_SetPriorityGrouping
                0x08001e08       0x16 ./Drivers/STM32H7xx_HAL_Driver/Src/stm32h7xx_hal_cortex.o
                0x08001e08                HAL_NVIC_SetPriorityGrouping
 .text.HAL_NVIC_SetPriority
                0x08001e1e       0x34 ./Drivers/STM32H7xx_HAL_Driver/Src/stm32h7xx_hal_cortex.o
                0x08001e1e                HAL_NVIC_SetPriority
 .text.HAL_NVIC_EnableIRQ
                0x08001e52       0x1c ./Drivers/STM32H7xx_HAL_Driver/Src/stm32h7xx_hal_cortex.o
                0x08001e52                HAL_NVIC_EnableIRQ
 .text.HAL_SYSTICK_Config
                0x08001e6e       0x18 ./Drivers/STM32H7xx_HAL_Driver/Src/stm32h7xx_hal_cortex.o
                0x08001e6e                HAL_SYSTICK_Config
 *fill*         0x08001e86        0x2 
 .text.HAL_MPU_Disable
                0x08001e88       0x30 ./Drivers/STM32H7xx_HAL_Driver/Src/stm32h7xx_hal_cortex.o
                0x08001e88                HAL_MPU_Disable
 .text.HAL_MPU_Enable
                0x08001eb8       0x40 ./Drivers/STM32H7xx_HAL_Driver/Src/stm32h7xx_hal_cortex.o
                0x08001eb8                HAL_MPU_Enable
 .text.HAL_MPU_ConfigRegion
                0x08001ef8       0x80 ./Drivers/STM32H7xx_HAL_Driver/Src/stm32h7xx_hal_cortex.o
                0x08001ef8                HAL_MPU_ConfigRegion
 .text.HAL_DMA_Init
                0x08001f78      0x6b0 ./Drivers/STM32H7xx_HAL_Driver/Src/stm32h7xx_hal_dma.o
                0x08001f78                HAL_DMA_Init
 .text.HAL_DMA_Start_IT
                0x08002628      0x4d4 ./Drivers/STM32H7xx_HAL_Driver/Src/stm32h7xx_hal_dma.o
                0x08002628                HAL_DMA_Start_IT
 .text.HAL_DMA_IRQHandler
                0x08002afc      0xe54 ./Drivers/STM32H7xx_HAL_Driver/Src/stm32h7xx_hal_dma.o
                0x08002afc                HAL_DMA_IRQHandler
 .text.DMA_SetConfig
                0x08003950      0x358 ./Drivers/STM32H7xx_HAL_Driver/Src/stm32h7xx_hal_dma.o
 .text.DMA_CalcBaseAndBitshift
                0x08003ca8      0x164 ./Drivers/STM32H7xx_HAL_Driver/Src/stm32h7xx_hal_dma.o
 .text.DMA_CheckFifoParam
                0x08003e0c       0xf8 ./Drivers/STM32H7xx_HAL_Driver/Src/stm32h7xx_hal_dma.o
 .text.DMA_CalcDMAMUXChannelBaseAndMask
                0x08003f04      0x134 ./Drivers/STM32H7xx_HAL_Driver/Src/stm32h7xx_hal_dma.o
 .text.DMA_CalcDMAMUXRequestGenBaseAndMask
                0x08004038       0xe8 ./Drivers/STM32H7xx_HAL_Driver/Src/stm32h7xx_hal_dma.o
 .text.HAL_GPIO_Init
                0x08004120      0x350 ./Drivers/STM32H7xx_HAL_Driver/Src/stm32h7xx_hal_gpio.o
                0x08004120                HAL_GPIO_Init
 .text.HAL_GPIO_WritePin
                0x08004470       0x32 ./Drivers/STM32H7xx_HAL_Driver/Src/stm32h7xx_hal_gpio.o
                0x08004470                HAL_GPIO_WritePin
 *fill*         0x080044a2        0x2 
 .text.HAL_I2C_Init
                0x080044a4      0x138 ./Drivers/STM32H7xx_HAL_Driver/Src/stm32h7xx_hal_i2c.o
                0x080044a4                HAL_I2C_Init
 .text.HAL_I2CEx_ConfigAnalogFilter
                0x080045dc       0x96 ./Drivers/STM32H7xx_HAL_Driver/Src/stm32h7xx_hal_i2c_ex.o
                0x080045dc                HAL_I2CEx_ConfigAnalogFilter
 .text.HAL_I2CEx_ConfigDigitalFilter
                0x08004672       0x98 ./Drivers/STM32H7xx_HAL_Driver/Src/stm32h7xx_hal_i2c_ex.o
                0x08004672                HAL_I2CEx_ConfigDigitalFilter
 *fill*         0x0800470a        0x2 
 .text.HAL_I2S_Init
                0x0800470c      0x260 ./Drivers/STM32H7xx_HAL_Driver/Src/stm32h7xx_hal_i2s.o
                0x0800470c                HAL_I2S_Init
 .text.HAL_I2S_Transmit_DMA
                0x0800496c      0x144 ./Drivers/STM32H7xx_HAL_Driver/Src/stm32h7xx_hal_i2s.o
                0x0800496c                HAL_I2S_Transmit_DMA
 .text.HAL_I2S_TxCpltCallback
                0x08004ab0       0x14 ./Drivers/STM32H7xx_HAL_Driver/Src/stm32h7xx_hal_i2s.o
                0x08004ab0                HAL_I2S_TxCpltCallback
 .text.HAL_I2S_ErrorCallback
                0x08004ac4       0x14 ./Drivers/STM32H7xx_HAL_Driver/Src/stm32h7xx_hal_i2s.o
                0x08004ac4                HAL_I2S_ErrorCallback
 .text.I2S_DMATxCplt
                0x08004ad8       0x42 ./Drivers/STM32H7xx_HAL_Driver/Src/stm32h7xx_hal_i2s.o
 .text.I2S_DMATxHalfCplt
                0x08004b1a       0x1c ./Drivers/STM32H7xx_HAL_Driver/Src/stm32h7xx_hal_i2s.o
 .text.I2S_DMAError
                0x08004b36       0x4c ./Drivers/STM32H7xx_HAL_Driver/Src/stm32h7xx_hal_i2s.o
 *fill*         0x08004b82        0x2 
 .text.HAL_PWREx_ConfigSupply
                0x08004b84       0x74 ./Drivers/STM32H7xx_HAL_Driver/Src/stm32h7xx_hal_pwr_ex.o
                0x08004b84                HAL_PWREx_ConfigSupply
 .text.HAL_RCC_OscConfig
                0x08004bf8      0x7b4 ./Drivers/STM32H7xx_HAL_Driver/Src/stm32h7xx_hal_rcc.o
                0x08004bf8                HAL_RCC_OscConfig
 .text.HAL_RCC_ClockConfig
                0x080053ac      0x36c ./Drivers/STM32H7xx_HAL_Driver/Src/stm32h7xx_hal_rcc.o
                0x080053ac                HAL_RCC_ClockConfig
 .text.HAL_RCC_GetSysClockFreq
                0x08005718      0x2f4 ./Drivers/STM32H7xx_HAL_Driver/Src/stm32h7xx_hal_rcc.o
                0x08005718                HAL_RCC_GetSysClockFreq
 .text.HAL_RCC_GetHCLKFreq
                0x08005a0c       0x60 ./Drivers/STM32H7xx_HAL_Driver/Src/stm32h7xx_hal_rcc.o
                0x08005a0c                HAL_RCC_GetHCLKFreq
 .text.HAL_RCC_GetPCLK1Freq
                0x08005a6c       0x2c ./Drivers/STM32H7xx_HAL_Driver/Src/stm32h7xx_hal_rcc.o
                0x08005a6c                HAL_RCC_GetPCLK1Freq
 .text.HAL_RCCEx_PeriphCLKConfig
                0x08005a98     0x1340 ./Drivers/STM32H7xx_HAL_Driver/Src/stm32h7xx_hal_rcc_ex.o
                0x08005a98                HAL_RCCEx_PeriphCLKConfig
 .text.HAL_RCCEx_GetPeriphCLKFreq
                0x08006dd8      0x9a4 ./Drivers/STM32H7xx_HAL_Driver/Src/stm32h7xx_hal_rcc_ex.o
                0x08006dd8                HAL_RCCEx_GetPeriphCLKFreq
 .text.HAL_RCCEx_GetD3PCLK1Freq
                0x0800777c       0x2c ./Drivers/STM32H7xx_HAL_Driver/Src/stm32h7xx_hal_rcc_ex.o
                0x0800777c                HAL_RCCEx_GetD3PCLK1Freq
 .text.HAL_RCCEx_GetPLL2ClockFreq
                0x080077a8      0x2a8 ./Drivers/STM32H7xx_HAL_Driver/Src/stm32h7xx_hal_rcc_ex.o
                0x080077a8                HAL_RCCEx_GetPLL2ClockFreq
 .text.HAL_RCCEx_GetPLL3ClockFreq
                0x08007a50      0x2a8 ./Drivers/STM32H7xx_HAL_Driver/Src/stm32h7xx_hal_rcc_ex.o
                0x08007a50                HAL_RCCEx_GetPLL3ClockFreq
 .text.HAL_RCCEx_GetPLL1ClockFreq
                0x08007cf8      0x2a4 ./Drivers/STM32H7xx_HAL_Driver/Src/stm32h7xx_hal_rcc_ex.o
                0x08007cf8                HAL_RCCEx_GetPLL1ClockFreq
 .text.RCCEx_PLL2_Config
                0x08007f9c      0x164 ./Drivers/STM32H7xx_HAL_Driver/Src/stm32h7xx_hal_rcc_ex.o
 .text.RCCEx_PLL3_Config
                0x08008100      0x164 ./Drivers/STM32H7xx_HAL_Driver/Src/stm32h7xx_hal_rcc_ex.o
 .text._ZdlPvj  0x08008264        0x4 C:/ST/STM32CubeIDE_1.15.1/STM32CubeIDE/plugins/com.st.stm32cube.ide.mcu.externaltools.gnu-tools-for-stm32.12.3.rel1.win32_1.0.100.202403111256/tools/bin/../lib/gcc/arm-none-eabi/12.3.1/../../../../arm-none-eabi/lib/thumb/v7e-m+dp/hard\libstdc++_nano.a(del_ops.o)
                0x08008264                operator delete(void*, unsigned int)
 .text._ZdlPv   0x08008268        0x4 C:/ST/STM32CubeIDE_1.15.1/STM32CubeIDE/plugins/com.st.stm32cube.ide.mcu.externaltools.gnu-tools-for-stm32.12.3.rel1.win32_1.0.100.202403111256/tools/bin/../lib/gcc/arm-none-eabi/12.3.1/../../../../arm-none-eabi/lib/thumb/v7e-m+dp/hard\libstdc++_nano.a(del_op.o)
                0x08008268                operator delete(void*)
 .text.malloc   0x0800826c       0x10 C:/ST/STM32CubeIDE_1.15.1/STM32CubeIDE/plugins/com.st.stm32cube.ide.mcu.externaltools.gnu-tools-for-stm32.12.3.rel1.win32_1.0.100.202403111256/tools/bin/../lib/gcc/arm-none-eabi/12.3.1/../../../../arm-none-eabi/lib/thumb/v7e-m+dp/hard\libc_nano.a(libc_a-malloc.o)
                0x0800826c                malloc
 .text.free     0x0800827c       0x10 C:/ST/STM32CubeIDE_1.15.1/STM32CubeIDE/plugins/com.st.stm32cube.ide.mcu.externaltools.gnu-tools-for-stm32.12.3.rel1.win32_1.0.100.202403111256/tools/bin/../lib/gcc/arm-none-eabi/12.3.1/../../../../arm-none-eabi/lib/thumb/v7e-m+dp/hard\libc_nano.a(libc_a-malloc.o)
                0x0800827c                free
 .text.sbrk_aligned
                0x0800828c       0x44 C:/ST/STM32CubeIDE_1.15.1/STM32CubeIDE/plugins/com.st.stm32cube.ide.mcu.externaltools.gnu-tools-for-stm32.12.3.rel1.win32_1.0.100.202403111256/tools/bin/../lib/gcc/arm-none-eabi/12.3.1/../../../../arm-none-eabi/lib/thumb/v7e-m+dp/hard\libc_nano.a(libc_a-mallocr.o)
 .text._malloc_r
                0x080082d0      0x100 C:/ST/STM32CubeIDE_1.15.1/STM32CubeIDE/plugins/com.st.stm32cube.ide.mcu.externaltools.gnu-tools-for-stm32.12.3.rel1.win32_1.0.100.202403111256/tools/bin/../lib/gcc/arm-none-eabi/12.3.1/../../../../arm-none-eabi/lib/thumb/v7e-m+dp/hard\libc_nano.a(libc_a-mallocr.o)
                0x080082d0                _malloc_r
 .text.__malloc_lock
                0x080083d0        0xc C:/ST/STM32CubeIDE_1.15.1/STM32CubeIDE/plugins/com.st.stm32cube.ide.mcu.externaltools.gnu-tools-for-stm32.12.3.rel1.win32_1.0.100.202403111256/tools/bin/../lib/gcc/arm-none-eabi/12.3.1/../../../../arm-none-eabi/lib/thumb/v7e-m+dp/hard\libc_nano.a(libc_a-mlock.o)
                0x080083d0                __malloc_lock
 .text.__malloc_unlock
                0x080083dc        0xc C:/ST/STM32CubeIDE_1.15.1/STM32CubeIDE/plugins/com.st.stm32cube.ide.mcu.externaltools.gnu-tools-for-stm32.12.3.rel1.win32_1.0.100.202403111256/tools/bin/../lib/gcc/arm-none-eabi/12.3.1/../../../../arm-none-eabi/lib/thumb/v7e-m+dp/hard\libc_nano.a(libc_a-mlock.o)
                0x080083dc                __malloc_unlock
 .text.memset   0x080083e8       0x10 C:/ST/STM32CubeIDE_1.15.1/STM32CubeIDE/plugins/com.st.stm32cube.ide.mcu.externaltools.gnu-tools-for-stm32.12.3.rel1.win32_1.0.100.202403111256/tools/bin/../lib/gcc/arm-none-eabi/12.3.1/../../../../arm-none-eabi/lib/thumb/v7e-m+dp/hard\libc_nano.a(libc_a-memset.o)
                0x080083e8                memset
 .text._sbrk_r  0x080083f8       0x20 C:/ST/STM32CubeIDE_1.15.1/STM32CubeIDE/plugins/com.st.stm32cube.ide.mcu.externaltools.gnu-tools-for-stm32.12.3.rel1.win32_1.0.100.202403111256/tools/bin/../lib/gcc/arm-none-eabi/12.3.1/../../../../arm-none-eabi/lib/thumb/v7e-m+dp/hard\libc_nano.a(libc_a-sbrkr.o)
                0x080083f8                _sbrk_r
 .text.__errno  0x08008418        0xc C:/ST/STM32CubeIDE_1.15.1/STM32CubeIDE/plugins/com.st.stm32cube.ide.mcu.externaltools.gnu-tools-for-stm32.12.3.rel1.win32_1.0.100.202403111256/tools/bin/../lib/gcc/arm-none-eabi/12.3.1/../../../../arm-none-eabi/lib/thumb/v7e-m+dp/hard\libc_nano.a(libc_a-errno.o)
                0x08008418                __errno
 .text.__libc_init_array
                0x08008424       0x48 C:/ST/STM32CubeIDE_1.15.1/STM32CubeIDE/plugins/com.st.stm32cube.ide.mcu.externaltools.gnu-tools-for-stm32.12.3.rel1.win32_1.0.100.202403111256/tools/bin/../lib/gcc/arm-none-eabi/12.3.1/../../../../arm-none-eabi/lib/thumb/v7e-m+dp/hard\libc_nano.a(libc_a-init.o)
                0x08008424                __libc_init_array
 .text.__retarget_lock_acquire_recursive
                0x0800846c        0x2 C:/ST/STM32CubeIDE_1.15.1/STM32CubeIDE/plugins/com.st.stm32cube.ide.mcu.externaltools.gnu-tools-for-stm32.12.3.rel1.win32_1.0.100.202403111256/tools/bin/../lib/gcc/arm-none-eabi/12.3.1/../../../../arm-none-eabi/lib/thumb/v7e-m+dp/hard\libc_nano.a(libc_a-lock.o)
                0x0800846c                __retarget_lock_acquire_recursive
 .text.__retarget_lock_release_recursive
                0x0800846e        0x2 C:/ST/STM32CubeIDE_1.15.1/STM32CubeIDE/plugins/com.st.stm32cube.ide.mcu.externaltools.gnu-tools-for-stm32.12.3.rel1.win32_1.0.100.202403111256/tools/bin/../lib/gcc/arm-none-eabi/12.3.1/../../../../arm-none-eabi/lib/thumb/v7e-m+dp/hard\libc_nano.a(libc_a-lock.o)
                0x0800846e                __retarget_lock_release_recursive
 .text._free_r  0x08008470       0x94 C:/ST/STM32CubeIDE_1.15.1/STM32CubeIDE/plugins/com.st.stm32cube.ide.mcu.externaltools.gnu-tools-for-stm32.12.3.rel1.win32_1.0.100.202403111256/tools/bin/../lib/gcc/arm-none-eabi/12.3.1/../../../../arm-none-eabi/lib/thumb/v7e-m+dp/hard\libc_nano.a(libc_a-freer.o)
                0x08008470                _free_r
 *(.glue_7)
 .glue_7        0x08008504        0x0 linker stubs
 *(.glue_7t)
 .glue_7t       0x08008504        0x0 linker stubs
 *(.eh_frame)
 .eh_frame      0x08008504        0x0 C:/ST/STM32CubeIDE_1.15.1/STM32CubeIDE/plugins/com.st.stm32cube.ide.mcu.externaltools.gnu-tools-for-stm32.12.3.rel1.win32_1.0.100.202403111256/tools/bin/../lib/gcc/arm-none-eabi/12.3.1/thumb/v7e-m+dp/hard/crtbegin.o
 *(.init)
 .init          0x08008504        0x4 C:/ST/STM32CubeIDE_1.15.1/STM32CubeIDE/plugins/com.st.stm32cube.ide.mcu.externaltools.gnu-tools-for-stm32.12.3.rel1.win32_1.0.100.202403111256/tools/bin/../lib/gcc/arm-none-eabi/12.3.1/thumb/v7e-m+dp/hard/crti.o
                0x08008504                _init
 .init          0x08008508        0x8 C:/ST/STM32CubeIDE_1.15.1/STM32CubeIDE/plugins/com.st.stm32cube.ide.mcu.externaltools.gnu-tools-for-stm32.12.3.rel1.win32_1.0.100.202403111256/tools/bin/../lib/gcc/arm-none-eabi/12.3.1/thumb/v7e-m+dp/hard/crtn.o
 *(.fini)
 .fini          0x08008510        0x4 C:/ST/STM32CubeIDE_1.15.1/STM32CubeIDE/plugins/com.st.stm32cube.ide.mcu.externaltools.gnu-tools-for-stm32.12.3.rel1.win32_1.0.100.202403111256/tools/bin/../lib/gcc/arm-none-eabi/12.3.1/thumb/v7e-m+dp/hard/crti.o
                0x08008510                _fini
 .fini          0x08008514        0x8 C:/ST/STM32CubeIDE_1.15.1/STM32CubeIDE/plugins/com.st.stm32cube.ide.mcu.externaltools.gnu-tools-for-stm32.12.3.rel1.win32_1.0.100.202403111256/tools/bin/../lib/gcc/arm-none-eabi/12.3.1/thumb/v7e-m+dp/hard/crtn.o
                0x0800851c                        . = ALIGN (0x4)
                0x0800851c                        _etext = .

.vfp11_veneer   0x0800851c        0x0
 .vfp11_veneer  0x0800851c        0x0 linker stubs

.v4_bx          0x0800851c        0x0
 .v4_bx         0x0800851c        0x0 linker stubs

.iplt           0x0800851c        0x0
 .iplt          0x0800851c        0x0 C:/ST/STM32CubeIDE_1.15.1/STM32CubeIDE/plugins/com.st.stm32cube.ide.mcu.externaltools.gnu-tools-for-stm32.12.3.rel1.win32_1.0.100.202403111256/tools/bin/../lib/gcc/arm-none-eabi/12.3.1/thumb/v7e-m+dp/hard/crtbegin.o

.rodata         0x0800851c     0x51b8
                0x0800851c                        . = ALIGN (0x4)
 *(.rodata)
 *(.rodata*)
 .rodata._ZTV5Codec
                0x0800851c       0x10 ./Core/Src/Codec.o
                0x0800851c                vtable for Codec
 .rodata._ZL11pitch_table
                0x0800852c      0x190 ./Core/Src/main.o
 .rodata._ZL6square
                0x080086bc     0x1000 ./Core/Src/synth.o
 .rodata._ZL8triangle
                0x080096bc     0x1000 ./Core/Src/synth.o
 .rodata._ZL8sawtooth
                0x0800a6bc     0x1000 ./Core/Src/synth.o
 .rodata._ZL9distosine
                0x0800b6bc     0x1000 ./Core/Src/synth.o
 .rodata._ZL8sinewave
                0x0800c6bc     0x1000 ./Core/Src/synth.o
 .rodata.D1CorePrescTable
                0x0800d6bc       0x10 ./Core/Src/system_stm32h7xx.o
                0x0800d6bc                D1CorePrescTable
 .rodata.flagBitshiftOffset.0
                0x0800d6cc        0x8 ./Drivers/STM32H7xx_HAL_Driver/Src/stm32h7xx_hal_dma.o
                0x0800d6d4                        . = ALIGN (0x4)

.ARM.extab
 *(.ARM.extab* .gnu.linkonce.armextab.*)

.ARM            0x0800d6d4        0x0
                0x0800d6d4                        __exidx_start = .
 *(.ARM.exidx*)
                0x0800d6d4                        __exidx_end = .

.preinit_array  0x0800d6d4        0x0
                0x0800d6d4                        PROVIDE (__preinit_array_start = .)
 *(.preinit_array*)
                0x0800d6d4                        PROVIDE (__preinit_array_end = .)

.init_array     0x0800d6d4        0x8
                0x0800d6d4                        PROVIDE (__init_array_start = .)
 *(SORT_BY_NAME(.init_array.*))
 *(.init_array*)
 .init_array    0x0800d6d4        0x4 C:/ST/STM32CubeIDE_1.15.1/STM32CubeIDE/plugins/com.st.stm32cube.ide.mcu.externaltools.gnu-tools-for-stm32.12.3.rel1.win32_1.0.100.202403111256/tools/bin/../lib/gcc/arm-none-eabi/12.3.1/thumb/v7e-m+dp/hard/crtbegin.o
 .init_array    0x0800d6d8        0x4 ./Core/Src/main.o
                0x0800d6dc                        PROVIDE (__init_array_end = .)

.fini_array     0x0800d6dc        0x8
                [!provide]                        PROVIDE (__fini_array_start = .)
 *(SORT_BY_NAME(.fini_array.*))
 *(.fini_array*)
 .fini_array    0x0800d6dc        0x4 C:/ST/STM32CubeIDE_1.15.1/STM32CubeIDE/plugins/com.st.stm32cube.ide.mcu.externaltools.gnu-tools-for-stm32.12.3.rel1.win32_1.0.100.202403111256/tools/bin/../lib/gcc/arm-none-eabi/12.3.1/thumb/v7e-m+dp/hard/crtbegin.o
 .fini_array    0x0800d6e0        0x4 ./Core/Src/main.o
                [!provide]                        PROVIDE (__fini_array_end = .)
                0x0800d6e4                        _sidata = LOADADDR (.data)

.rel.dyn        0x0800d6e4        0x0
 .rel.iplt      0x0800d6e4        0x0 C:/ST/STM32CubeIDE_1.15.1/STM32CubeIDE/plugins/com.st.stm32cube.ide.mcu.externaltools.gnu-tools-for-stm32.12.3.rel1.win32_1.0.100.202403111256/tools/bin/../lib/gcc/arm-none-eabi/12.3.1/thumb/v7e-m+dp/hard/crtbegin.o

.data           0x24000000       0x60 load address 0x0800d6e4
                0x24000000                        . = ALIGN (0x4)
                0x24000000                        _sdata = .
 *(.data)
 *(.data*)
 .data.SystemCoreClock
                0x24000000        0x4 ./Core/Src/system_stm32h7xx.o
                0x24000000                SystemCoreClock
 .data.SystemD2Clock
                0x24000004        0x4 ./Core/Src/system_stm32h7xx.o
                0x24000004                SystemD2Clock
 .data.uwTickPrio
                0x24000008        0x4 ./Drivers/STM32H7xx_HAL_Driver/Src/stm32h7xx_hal.o
                0x24000008                uwTickPrio
 .data.uwTickFreq
                0x2400000c        0x1 ./Drivers/STM32H7xx_HAL_Driver/Src/stm32h7xx_hal.o
                0x2400000c                uwTickFreq
 *fill*         0x2400000d        0x3 
 .data._impure_ptr
                0x24000010        0x4 C:/ST/STM32CubeIDE_1.15.1/STM32CubeIDE/plugins/com.st.stm32cube.ide.mcu.externaltools.gnu-tools-for-stm32.12.3.rel1.win32_1.0.100.202403111256/tools/bin/../lib/gcc/arm-none-eabi/12.3.1/../../../../arm-none-eabi/lib/thumb/v7e-m+dp/hard\libc_nano.a(libc_a-impure.o)
                0x24000010                _impure_ptr
 .data._impure_data
                0x24000014       0x4c C:/ST/STM32CubeIDE_1.15.1/STM32CubeIDE/plugins/com.st.stm32cube.ide.mcu.externaltools.gnu-tools-for-stm32.12.3.rel1.win32_1.0.100.202403111256/tools/bin/../lib/gcc/arm-none-eabi/12.3.1/../../../../arm-none-eabi/lib/thumb/v7e-m+dp/hard\libc_nano.a(libc_a-impure.o)
                0x24000014                _impure_data
 *(.RamFunc)
 *(.RamFunc*)
                0x24000060                        . = ALIGN (0x4)
                0x24000060                        _edata = .

.igot.plt       0x24000060        0x0 load address 0x0800d744
 .igot.plt      0x24000060        0x0 C:/ST/STM32CubeIDE_1.15.1/STM32CubeIDE/plugins/com.st.stm32cube.ide.mcu.externaltools.gnu-tools-for-stm32.12.3.rel1.win32_1.0.100.202403111256/tools/bin/../lib/gcc/arm-none-eabi/12.3.1/thumb/v7e-m+dp/hard/crtbegin.o
                0x24000060                        . = ALIGN (0x4)

.bss            0x24000060      0x864 load address 0x0800d744
                0x24000060                        _sbss = .
                0x24000060                        __bss_start__ = _sbss
 *(.bss)
 .bss           0x24000060       0x1c C:/ST/STM32CubeIDE_1.15.1/STM32CubeIDE/plugins/com.st.stm32cube.ide.mcu.externaltools.gnu-tools-for-stm32.12.3.rel1.win32_1.0.100.202403111256/tools/bin/../lib/gcc/arm-none-eabi/12.3.1/thumb/v7e-m+dp/hard/crtbegin.o
 *(.bss*)
 .bss.hi2c1     0x2400007c       0x54 ./Core/Src/i2c.o
                0x2400007c                hi2c1
 .bss.hi2s3     0x240000d0       0x54 ./Core/Src/i2s.o
                0x240000d0                hi2s3
 .bss.hdma_spi3_tx
                0x24000124       0x78 ./Core/Src/i2s.o
                0x24000124                hdma_spi3_tx
 .bss.tickStart.0
                0x2400019c        0x4 ./Core/Src/led.o
 .bss.codec     0x240001a0        0x4 ./Core/Src/main.o
                0x240001a0                codec
 .bss.audiobuff
                0x240001a4      0x500 ./Core/Src/main.o
                0x240001a4                audiobuff
 .bss.note_list
                0x240006a4        0x4 ./Core/Src/main.o
                0x240006a4                note_list
 .bss.params    0x240006a8       0x58 ./Core/Src/main.o
                0x240006a8                params
 .bss.trig      0x24000700        0x1 ./Core/Src/main.o
                0x24000700                trig
 .bss.new_note_event
                0x24000701        0x1 ./Core/Src/main.o
                0x24000701                new_note_event
 *fill*         0x24000702        0x2 
 .bss._ZZ10Make_SoundtE17osc_1_wtb_pointer
                0x24000704        0x4 ./Core/Src/synth.o
 .bss._ZZ10Make_SoundtE17osc_2_wtb_pointer
                0x24000708        0x4 ./Core/Src/synth.o
 .bss._ZZ10Make_SoundtE5osc_1
                0x2400070c        0x4 ./Core/Src/synth.o
 .bss._ZZ10Make_SoundtE5osc_2
                0x24000710        0x4 ./Core/Src/synth.o
 .bss._ZZ10Make_SoundtE1f
                0x24000714        0x4 ./Core/Src/synth.o
 .bss._ZZ10Make_SoundtE2fb
                0x24000718        0x4 ./Core/Src/synth.o
 .bss._ZZ10Make_SoundtE3in1
                0x2400071c        0x4 ./Core/Src/synth.o
 .bss._ZZ10Make_SoundtE3in2
                0x24000720        0x4 ./Core/Src/synth.o
 .bss._ZZ10Make_SoundtE3in3
                0x24000724        0x4 ./Core/Src/synth.o
 .bss._ZZ10Make_SoundtE3in4
                0x24000728        0x4 ./Core/Src/synth.o
 .bss._ZZ10Make_SoundtE4out1
                0x2400072c        0x4 ./Core/Src/synth.o
 .bss._ZZ10Make_SoundtE4out2
                0x24000730        0x4 ./Core/Src/synth.o
 .bss._ZZ10Make_SoundtE4out3
                0x24000734        0x4 ./Core/Src/synth.o
 .bss._ZZ10Make_SoundtE4out4
                0x24000738        0x4 ./Core/Src/synth.o
 .bss._ZZ10Make_SoundtE6signal
                0x2400073c        0x4 ./Core/Src/synth.o
 .bss._ZZ10Make_SoundtE9signal_pf
                0x24000740        0x4 ./Core/Src/synth.o
 .bss._ZZ10Make_SoundtE12adsr1_output
                0x24000744        0x4 ./Core/Src/synth.o
 .bss._ZZ10Make_SoundtE11adsr1_state
                0x24000748        0x1 ./Core/Src/synth.o
 *fill*         0x24000749        0x3 
 .bss._ZZ10Make_SoundtE12attack1_incr
                0x2400074c        0x4 ./Core/Src/synth.o
 .bss._ZZ10Make_SoundtE11decay1_incr
                0x24000750        0x4 ./Core/Src/synth.o
 .bss._ZZ10Make_SoundtE13release1_incr
                0x24000754        0x4 ./Core/Src/synth.o
 .bss._ZZ10Make_SoundtE12adsr2_output
                0x24000758        0x4 ./Core/Src/synth.o
 .bss._ZZ10Make_SoundtE11adsr2_state
                0x2400075c        0x1 ./Core/Src/synth.o
 *fill*         0x2400075d        0x3 
 .bss._ZZ10Make_SoundtE12attack2_incr
                0x24000760        0x4 ./Core/Src/synth.o
 .bss._ZZ10Make_SoundtE11decay2_incr
                0x24000764        0x4 ./Core/Src/synth.o
 .bss._ZZ10Make_SoundtE13release2_incr
                0x24000768        0x4 ./Core/Src/synth.o
 .bss._ZZ10Make_SoundtE16lfo1_wtb_pointer
                0x2400076c        0x4 ./Core/Src/synth.o
 .bss._ZZ10Make_SoundtE16lfo2_wtb_pointer
                0x24000770        0x4 ./Core/Src/synth.o
 .bss.__sbrk_heap_end
                0x24000774        0x4 ./Core/Src/sysmem.o
 .bss.uwTick    0x24000778        0x4 ./Drivers/STM32H7xx_HAL_Driver/Src/stm32h7xx_hal.o
                0x24000778                uwTick
 .bss.__malloc_sbrk_start
                0x2400077c        0x4 C:/ST/STM32CubeIDE_1.15.1/STM32CubeIDE/plugins/com.st.stm32cube.ide.mcu.externaltools.gnu-tools-for-stm32.12.3.rel1.win32_1.0.100.202403111256/tools/bin/../lib/gcc/arm-none-eabi/12.3.1/../../../../arm-none-eabi/lib/thumb/v7e-m+dp/hard\libc_nano.a(libc_a-mallocr.o)
                0x2400077c                __malloc_sbrk_start
 .bss.__malloc_free_list
                0x24000780        0x4 C:/ST/STM32CubeIDE_1.15.1/STM32CubeIDE/plugins/com.st.stm32cube.ide.mcu.externaltools.gnu-tools-for-stm32.12.3.rel1.win32_1.0.100.202403111256/tools/bin/../lib/gcc/arm-none-eabi/12.3.1/../../../../arm-none-eabi/lib/thumb/v7e-m+dp/hard\libc_nano.a(libc_a-mallocr.o)
                0x24000780                __malloc_free_list
 .bss.__sf      0x24000784      0x138 C:/ST/STM32CubeIDE_1.15.1/STM32CubeIDE/plugins/com.st.stm32cube.ide.mcu.externaltools.gnu-tools-for-stm32.12.3.rel1.win32_1.0.100.202403111256/tools/bin/../lib/gcc/arm-none-eabi/12.3.1/../../../../arm-none-eabi/lib/thumb/v7e-m+dp/hard\libc_nano.a(libc_a-findfp.o)
                0x24000784                __sf
 .bss.errno     0x240008bc        0x4 C:/ST/STM32CubeIDE_1.15.1/STM32CubeIDE/plugins/com.st.stm32cube.ide.mcu.externaltools.gnu-tools-for-stm32.12.3.rel1.win32_1.0.100.202403111256/tools/bin/../lib/gcc/arm-none-eabi/12.3.1/../../../../arm-none-eabi/lib/thumb/v7e-m+dp/hard\libc_nano.a(libc_a-reent.o)
                0x240008bc                errno
 .bss.__lock___malloc_recursive_mutex
                0x240008c0        0x1 C:/ST/STM32CubeIDE_1.15.1/STM32CubeIDE/plugins/com.st.stm32cube.ide.mcu.externaltools.gnu-tools-for-stm32.12.3.rel1.win32_1.0.100.202403111256/tools/bin/../lib/gcc/arm-none-eabi/12.3.1/../../../../arm-none-eabi/lib/thumb/v7e-m+dp/hard\libc_nano.a(libc_a-lock.o)
                0x240008c0                __lock___malloc_recursive_mutex
 *(COMMON)
                0x240008c4                        . = ALIGN (0x4)
 *fill*         0x240008c1        0x3 
                0x240008c4                        _ebss = .
                0x240008c4                        __bss_end__ = _ebss

._user_heap_stack
                0x240008c4      0x604 load address 0x0800d744
                0x240008c8                        . = ALIGN (0x8)
 *fill*         0x240008c4        0x4 
                [!provide]                        PROVIDE (end = .)
                0x240008c8                        PROVIDE (_end = .)
                0x24000ac8                        . = (. + _Min_Heap_Size)
 *fill*         0x240008c8      0x200 
                0x24000ec8                        . = (. + _Min_Stack_Size)
 *fill*         0x24000ac8      0x400 
                0x24000ec8                        . = ALIGN (0x8)

/DISCARD/
 libc.a(*)
 libm.a(*)
 libgcc.a(*)

.ARM.attributes
                0x00000000       0x2e
 *(.ARM.attributes)
 .ARM.attributes
                0x00000000       0x20 C:/ST/STM32CubeIDE_1.15.1/STM32CubeIDE/plugins/com.st.stm32cube.ide.mcu.externaltools.gnu-tools-for-stm32.12.3.rel1.win32_1.0.100.202403111256/tools/bin/../lib/gcc/arm-none-eabi/12.3.1/thumb/v7e-m+dp/hard/crti.o
 .ARM.attributes
                0x00000020       0x32 C:/ST/STM32CubeIDE_1.15.1/STM32CubeIDE/plugins/com.st.stm32cube.ide.mcu.externaltools.gnu-tools-for-stm32.12.3.rel1.win32_1.0.100.202403111256/tools/bin/../lib/gcc/arm-none-eabi/12.3.1/thumb/v7e-m+dp/hard/crtbegin.o
 .ARM.attributes
                0x00000052       0x32 ./Core/Src/Codec.o
 .ARM.attributes
                0x00000084       0x32 ./Core/Src/dma.o
 .ARM.attributes
                0x000000b6       0x32 ./Core/Src/gpio.o
 .ARM.attributes
                0x000000e8       0x32 ./Core/Src/i2c.o
 .ARM.attributes
                0x0000011a       0x32 ./Core/Src/i2s.o
 .ARM.attributes
                0x0000014c       0x32 ./Core/Src/led.o
 .ARM.attributes
                0x0000017e       0x32 ./Core/Src/llist.o
 .ARM.attributes
                0x000001b0       0x32 ./Core/Src/main.o
 .ARM.attributes
                0x000001e2       0x32 ./Core/Src/stm32h7xx_hal_msp.o
 .ARM.attributes
                0x00000214       0x32 ./Core/Src/stm32h7xx_it.o
 .ARM.attributes
                0x00000246       0x32 ./Core/Src/synth.o
 .ARM.attributes
                0x00000278       0x32 ./Core/Src/sysmem.o
 .ARM.attributes
                0x000002aa       0x32 ./Core/Src/system_stm32h7xx.o
 .ARM.attributes
                0x000002dc       0x21 ./Core/Startup/startup_stm32h723vgtx.o
 .ARM.attributes
                0x000002fd       0x32 ./Drivers/STM32H7xx_HAL_Driver/Src/stm32h7xx_hal.o
 .ARM.attributes
                0x0000032f       0x32 ./Drivers/STM32H7xx_HAL_Driver/Src/stm32h7xx_hal_cortex.o
 .ARM.attributes
                0x00000361       0x32 ./Drivers/STM32H7xx_HAL_Driver/Src/stm32h7xx_hal_dma.o
 .ARM.attributes
                0x00000393       0x32 ./Drivers/STM32H7xx_HAL_Driver/Src/stm32h7xx_hal_gpio.o
 .ARM.attributes
                0x000003c5       0x32 ./Drivers/STM32H7xx_HAL_Driver/Src/stm32h7xx_hal_i2c.o
 .ARM.attributes
                0x000003f7       0x32 ./Drivers/STM32H7xx_HAL_Driver/Src/stm32h7xx_hal_i2c_ex.o
 .ARM.attributes
                0x00000429       0x32 ./Drivers/STM32H7xx_HAL_Driver/Src/stm32h7xx_hal_i2s.o
 .ARM.attributes
                0x0000045b       0x32 ./Drivers/STM32H7xx_HAL_Driver/Src/stm32h7xx_hal_pwr_ex.o
 .ARM.attributes
                0x0000048d       0x32 ./Drivers/STM32H7xx_HAL_Driver/Src/stm32h7xx_hal_rcc.o
 .ARM.attributes
                0x000004bf       0x32 ./Drivers/STM32H7xx_HAL_Driver/Src/stm32h7xx_hal_rcc_ex.o
 .ARM.attributes
                0x000004f1       0x32 C:/ST/STM32CubeIDE_1.15.1/STM32CubeIDE/plugins/com.st.stm32cube.ide.mcu.externaltools.gnu-tools-for-stm32.12.3.rel1.win32_1.0.100.202403111256/tools/bin/../lib/gcc/arm-none-eabi/12.3.1/../../../../arm-none-eabi/lib/thumb/v7e-m+dp/hard\libstdc++_nano.a(del_ops.o)
 .ARM.attributes
                0x00000523       0x32 C:/ST/STM32CubeIDE_1.15.1/STM32CubeIDE/plugins/com.st.stm32cube.ide.mcu.externaltools.gnu-tools-for-stm32.12.3.rel1.win32_1.0.100.202403111256/tools/bin/../lib/gcc/arm-none-eabi/12.3.1/../../../../arm-none-eabi/lib/thumb/v7e-m+dp/hard\libstdc++_nano.a(del_op.o)
 .ARM.attributes
                0x00000555       0x32 C:/ST/STM32CubeIDE_1.15.1/STM32CubeIDE/plugins/com.st.stm32cube.ide.mcu.externaltools.gnu-tools-for-stm32.12.3.rel1.win32_1.0.100.202403111256/tools/bin/../lib/gcc/arm-none-eabi/12.3.1/../../../../arm-none-eabi/lib/thumb/v7e-m+dp/hard\libc_nano.a(libc_a-malloc.o)
 .ARM.attributes
                0x00000587       0x32 C:/ST/STM32CubeIDE_1.15.1/STM32CubeIDE/plugins/com.st.stm32cube.ide.mcu.externaltools.gnu-tools-for-stm32.12.3.rel1.win32_1.0.100.202403111256/tools/bin/../lib/gcc/arm-none-eabi/12.3.1/../../../../arm-none-eabi/lib/thumb/v7e-m+dp/hard\libc_nano.a(libc_a-mallocr.o)
 .ARM.attributes
                0x000005b9       0x32 C:/ST/STM32CubeIDE_1.15.1/STM32CubeIDE/plugins/com.st.stm32cube.ide.mcu.externaltools.gnu-tools-for-stm32.12.3.rel1.win32_1.0.100.202403111256/tools/bin/../lib/gcc/arm-none-eabi/12.3.1/../../../../arm-none-eabi/lib/thumb/v7e-m+dp/hard\libc_nano.a(libc_a-mlock.o)
 .ARM.attributes
                0x000005eb       0x32 C:/ST/STM32CubeIDE_1.15.1/STM32CubeIDE/plugins/com.st.stm32cube.ide.mcu.externaltools.gnu-tools-for-stm32.12.3.rel1.win32_1.0.100.202403111256/tools/bin/../lib/gcc/arm-none-eabi/12.3.1/../../../../arm-none-eabi/lib/thumb/v7e-m+dp/hard\libc_nano.a(libc_a-findfp.o)
 .ARM.attributes
                0x0000061d       0x32 C:/ST/STM32CubeIDE_1.15.1/STM32CubeIDE/plugins/com.st.stm32cube.ide.mcu.externaltools.gnu-tools-for-stm32.12.3.rel1.win32_1.0.100.202403111256/tools/bin/../lib/gcc/arm-none-eabi/12.3.1/../../../../arm-none-eabi/lib/thumb/v7e-m+dp/hard\libc_nano.a(libc_a-memset.o)
 .ARM.attributes
                0x0000064f       0x32 C:/ST/STM32CubeIDE_1.15.1/STM32CubeIDE/plugins/com.st.stm32cube.ide.mcu.externaltools.gnu-tools-for-stm32.12.3.rel1.win32_1.0.100.202403111256/tools/bin/../lib/gcc/arm-none-eabi/12.3.1/../../../../arm-none-eabi/lib/thumb/v7e-m+dp/hard\libc_nano.a(libc_a-reent.o)
 .ARM.attributes
                0x00000681       0x32 C:/ST/STM32CubeIDE_1.15.1/STM32CubeIDE/plugins/com.st.stm32cube.ide.mcu.externaltools.gnu-tools-for-stm32.12.3.rel1.win32_1.0.100.202403111256/tools/bin/../lib/gcc/arm-none-eabi/12.3.1/../../../../arm-none-eabi/lib/thumb/v7e-m+dp/hard\libc_nano.a(libc_a-impure.o)
 .ARM.attributes
                0x000006b3       0x32 C:/ST/STM32CubeIDE_1.15.1/STM32CubeIDE/plugins/com.st.stm32cube.ide.mcu.externaltools.gnu-tools-for-stm32.12.3.rel1.win32_1.0.100.202403111256/tools/bin/../lib/gcc/arm-none-eabi/12.3.1/../../../../arm-none-eabi/lib/thumb/v7e-m+dp/hard\libc_nano.a(libc_a-sbrkr.o)
 .ARM.attributes
                0x000006e5       0x32 C:/ST/STM32CubeIDE_1.15.1/STM32CubeIDE/plugins/com.st.stm32cube.ide.mcu.externaltools.gnu-tools-for-stm32.12.3.rel1.win32_1.0.100.202403111256/tools/bin/../lib/gcc/arm-none-eabi/12.3.1/../../../../arm-none-eabi/lib/thumb/v7e-m+dp/hard\libc_nano.a(libc_a-errno.o)
 .ARM.attributes
                0x00000717       0x32 C:/ST/STM32CubeIDE_1.15.1/STM32CubeIDE/plugins/com.st.stm32cube.ide.mcu.externaltools.gnu-tools-for-stm32.12.3.rel1.win32_1.0.100.202403111256/tools/bin/../lib/gcc/arm-none-eabi/12.3.1/../../../../arm-none-eabi/lib/thumb/v7e-m+dp/hard\libc_nano.a(libc_a-init.o)
 .ARM.attributes
                0x00000749       0x32 C:/ST/STM32CubeIDE_1.15.1/STM32CubeIDE/plugins/com.st.stm32cube.ide.mcu.externaltools.gnu-tools-for-stm32.12.3.rel1.win32_1.0.100.202403111256/tools/bin/../lib/gcc/arm-none-eabi/12.3.1/../../../../arm-none-eabi/lib/thumb/v7e-m+dp/hard\libc_nano.a(libc_a-lock.o)
 .ARM.attributes
                0x0000077b       0x32 C:/ST/STM32CubeIDE_1.15.1/STM32CubeIDE/plugins/com.st.stm32cube.ide.mcu.externaltools.gnu-tools-for-stm32.12.3.rel1.win32_1.0.100.202403111256/tools/bin/../lib/gcc/arm-none-eabi/12.3.1/../../../../arm-none-eabi/lib/thumb/v7e-m+dp/hard\libc_nano.a(libc_a-freer.o)
 .ARM.attributes
                0x000007ad       0x20 C:/ST/STM32CubeIDE_1.15.1/STM32CubeIDE/plugins/com.st.stm32cube.ide.mcu.externaltools.gnu-tools-for-stm32.12.3.rel1.win32_1.0.100.202403111256/tools/bin/../lib/gcc/arm-none-eabi/12.3.1/thumb/v7e-m+dp/hard/crtn.o
OUTPUT(basic_synth.elf elf32-littlearm)
LOAD linker stubs
LOAD C:/ST/STM32CubeIDE_1.15.1/STM32CubeIDE/plugins/com.st.stm32cube.ide.mcu.externaltools.gnu-tools-for-stm32.12.3.rel1.win32_1.0.100.202403111256/tools/bin/../lib/gcc/arm-none-eabi/12.3.1/../../../../arm-none-eabi/lib/thumb/v7e-m+dp/hard\libc.a
LOAD C:/ST/STM32CubeIDE_1.15.1/STM32CubeIDE/plugins/com.st.stm32cube.ide.mcu.externaltools.gnu-tools-for-stm32.12.3.rel1.win32_1.0.100.202403111256/tools/bin/../lib/gcc/arm-none-eabi/12.3.1/../../../../arm-none-eabi/lib/thumb/v7e-m+dp/hard\libm.a
LOAD C:/ST/STM32CubeIDE_1.15.1/STM32CubeIDE/plugins/com.st.stm32cube.ide.mcu.externaltools.gnu-tools-for-stm32.12.3.rel1.win32_1.0.100.202403111256/tools/bin/../lib/gcc/arm-none-eabi/12.3.1/thumb/v7e-m+dp/hard\libgcc.a

.debug_info     0x00000000    0x153f8
 .debug_info    0x00000000     0x1e63 ./Core/Src/Codec.o
 .debug_info    0x00001e63      0x817 ./Core/Src/dma.o
 .debug_info    0x0000267a      0x64b ./Core/Src/gpio.o
 .debug_info    0x00002cc5      0xfd7 ./Core/Src/i2c.o
 .debug_info    0x00003c9c     0x10ac ./Core/Src/i2s.o
 .debug_info    0x00004d48      0x137 ./Core/Src/led.o
 .debug_info    0x00004e7f      0x2d3 ./Core/Src/llist.o
 .debug_info    0x00005152     0x2540 ./Core/Src/main.o
 .debug_info    0x00007692      0x464 ./Core/Src/stm32h7xx_hal_msp.o
 .debug_info    0x00007af6      0x449 ./Core/Src/stm32h7xx_it.o
 .debug_info    0x00007f3f     0x1aaa ./Core/Src/synth.o
 .debug_info    0x000099e9      0x168 ./Core/Src/sysmem.o
 .debug_info    0x00009b51      0xb2e ./Core/Src/system_stm32h7xx.o
 .debug_info    0x0000a67f       0x30 ./Core/Startup/startup_stm32h723vgtx.o
 .debug_info    0x0000a6af     0x1698 ./Drivers/STM32H7xx_HAL_Driver/Src/stm32h7xx_hal.o
 .debug_info    0x0000bd47     0x10a0 ./Drivers/STM32H7xx_HAL_Driver/Src/stm32h7xx_hal_cortex.o
 .debug_info    0x0000cde7      0xb67 ./Drivers/STM32H7xx_HAL_Driver/Src/stm32h7xx_hal_dma.o
 .debug_info    0x0000d94e      0xc5c ./Drivers/STM32H7xx_HAL_Driver/Src/stm32h7xx_hal_gpio.o
 .debug_info    0x0000e5aa     0x22a1 ./Drivers/STM32H7xx_HAL_Driver/Src/stm32h7xx_hal_i2c.o
 .debug_info    0x0001084b      0xd95 ./Drivers/STM32H7xx_HAL_Driver/Src/stm32h7xx_hal_i2c_ex.o
 .debug_info    0x000115e0     0x10e5 ./Drivers/STM32H7xx_HAL_Driver/Src/stm32h7xx_hal_i2s.o
 .debug_info    0x000126c5      0xdc4 ./Drivers/STM32H7xx_HAL_Driver/Src/stm32h7xx_hal_pwr_ex.o
 .debug_info    0x00013489      0xd73 ./Drivers/STM32H7xx_HAL_Driver/Src/stm32h7xx_hal_rcc.o
 .debug_info    0x000141fc     0x11fc ./Drivers/STM32H7xx_HAL_Driver/Src/stm32h7xx_hal_rcc_ex.o

.debug_abbrev   0x00000000     0x2fb4
 .debug_abbrev  0x00000000      0x361 ./Core/Src/Codec.o
 .debug_abbrev  0x00000361      0x11e ./Core/Src/dma.o
 .debug_abbrev  0x0000047f      0x182 ./Core/Src/gpio.o
 .debug_abbrev  0x00000601      0x245 ./Core/Src/i2c.o
 .debug_abbrev  0x00000846      0x23b ./Core/Src/i2s.o
 .debug_abbrev  0x00000a81       0xa7 ./Core/Src/led.o
 .debug_abbrev  0x00000b28      0x174 ./Core/Src/llist.o
 .debug_abbrev  0x00000c9c      0x452 ./Core/Src/main.o
 .debug_abbrev  0x000010ee       0xdb ./Core/Src/stm32h7xx_hal_msp.o
 .debug_abbrev  0x000011c9      0x16d ./Core/Src/stm32h7xx_it.o
 .debug_abbrev  0x00001336      0x203 ./Core/Src/synth.o
 .debug_abbrev  0x00001539       0xbc ./Core/Src/sysmem.o
 .debug_abbrev  0x000015f5      0x13a ./Core/Src/system_stm32h7xx.o
 .debug_abbrev  0x0000172f       0x24 ./Core/Startup/startup_stm32h723vgtx.o
 .debug_abbrev  0x00001753      0x29e ./Drivers/STM32H7xx_HAL_Driver/Src/stm32h7xx_hal.o
 .debug_abbrev  0x000019f1      0x339 ./Drivers/STM32H7xx_HAL_Driver/Src/stm32h7xx_hal_cortex.o
 .debug_abbrev  0x00001d2a      0x248 ./Drivers/STM32H7xx_HAL_Driver/Src/stm32h7xx_hal_dma.o
 .debug_abbrev  0x00001f72      0x1fe ./Drivers/STM32H7xx_HAL_Driver/Src/stm32h7xx_hal_gpio.o
 .debug_abbrev  0x00002170      0x25d ./Drivers/STM32H7xx_HAL_Driver/Src/stm32h7xx_hal_i2c.o
 .debug_abbrev  0x000023cd      0x1f5 ./Drivers/STM32H7xx_HAL_Driver/Src/stm32h7xx_hal_i2c_ex.o
 .debug_abbrev  0x000025c2      0x243 ./Drivers/STM32H7xx_HAL_Driver/Src/stm32h7xx_hal_i2s.o
 .debug_abbrev  0x00002805      0x295 ./Drivers/STM32H7xx_HAL_Driver/Src/stm32h7xx_hal_pwr_ex.o
 .debug_abbrev  0x00002a9a      0x2b1 ./Drivers/STM32H7xx_HAL_Driver/Src/stm32h7xx_hal_rcc.o
 .debug_abbrev  0x00002d4b      0x269 ./Drivers/STM32H7xx_HAL_Driver/Src/stm32h7xx_hal_rcc_ex.o

.debug_aranges  0x00000000      0xdc0
 .debug_aranges
                0x00000000       0x40 ./Core/Src/Codec.o
 .debug_aranges
                0x00000040       0x20 ./Core/Src/dma.o
 .debug_aranges
                0x00000060       0x20 ./Core/Src/gpio.o
 .debug_aranges
                0x00000080       0x30 ./Core/Src/i2c.o
 .debug_aranges
                0x000000b0       0x30 ./Core/Src/i2s.o
 .debug_aranges
                0x000000e0       0x40 ./Core/Src/led.o
 .debug_aranges
                0x00000120       0x40 ./Core/Src/llist.o
 .debug_aranges
                0x00000160       0x60 ./Core/Src/main.o
 .debug_aranges
                0x000001c0       0x20 ./Core/Src/stm32h7xx_hal_msp.o
 .debug_aranges
                0x000001e0       0x68 ./Core/Src/stm32h7xx_it.o
 .debug_aranges
                0x00000248       0x20 ./Core/Src/synth.o
 .debug_aranges
                0x00000268       0x20 ./Core/Src/sysmem.o
 .debug_aranges
                0x00000288       0x28 ./Core/Src/system_stm32h7xx.o
 .debug_aranges
                0x000002b0       0x28 ./Core/Startup/startup_stm32h723vgtx.o
 .debug_aranges
                0x000002d8      0x1c8 ./Drivers/STM32H7xx_HAL_Driver/Src/stm32h7xx_hal.o
 .debug_aranges
                0x000004a0      0x130 ./Drivers/STM32H7xx_HAL_Driver/Src/stm32h7xx_hal_cortex.o
 .debug_aranges
                0x000005d0       0xa0 ./Drivers/STM32H7xx_HAL_Driver/Src/stm32h7xx_hal_dma.o
 .debug_aranges
                0x00000670       0x58 ./Drivers/STM32H7xx_HAL_Driver/Src/stm32h7xx_hal_gpio.o
 .debug_aranges
                0x000006c8      0x2a0 ./Drivers/STM32H7xx_HAL_Driver/Src/stm32h7xx_hal_i2c.o
 .debug_aranges
                0x00000968       0x48 ./Drivers/STM32H7xx_HAL_Driver/Src/stm32h7xx_hal_i2c_ex.o
 .debug_aranges
                0x000009b0      0x148 ./Drivers/STM32H7xx_HAL_Driver/Src/stm32h7xx_hal_i2s.o
 .debug_aranges
                0x00000af8      0x148 ./Drivers/STM32H7xx_HAL_Driver/Src/stm32h7xx_hal_pwr_ex.o
 .debug_aranges
                0x00000c40       0x88 ./Drivers/STM32H7xx_HAL_Driver/Src/stm32h7xx_hal_rcc.o
 .debug_aranges
                0x00000cc8       0xf8 ./Drivers/STM32H7xx_HAL_Driver/Src/stm32h7xx_hal_rcc_ex.o

.debug_rnglists
                0x00000000      0xa58
 .debug_rnglists
                0x00000000       0x2b ./Core/Src/Codec.o
 .debug_rnglists
                0x0000002b       0x13 ./Core/Src/dma.o
 .debug_rnglists
                0x0000003e       0x14 ./Core/Src/gpio.o
 .debug_rnglists
                0x00000052       0x21 ./Core/Src/i2c.o
 .debug_rnglists
                0x00000073       0x20 ./Core/Src/i2s.o
 .debug_rnglists
                0x00000093       0x2b ./Core/Src/led.o
 .debug_rnglists
                0x000000be       0x2b ./Core/Src/llist.o
 .debug_rnglists
                0x000000e9       0x45 ./Core/Src/main.o
 .debug_rnglists
                0x0000012e       0x13 ./Core/Src/stm32h7xx_hal_msp.o
 .debug_rnglists
                0x00000141       0x49 ./Core/Src/stm32h7xx_it.o
 .debug_rnglists
                0x0000018a       0x14 ./Core/Src/synth.o
 .debug_rnglists
                0x0000019e       0x13 ./Core/Src/sysmem.o
 .debug_rnglists
                0x000001b1       0x1b ./Core/Src/system_stm32h7xx.o
 .debug_rnglists
                0x000001cc       0x19 ./Core/Startup/startup_stm32h723vgtx.o
 .debug_rnglists
                0x000001e5      0x155 ./Drivers/STM32H7xx_HAL_Driver/Src/stm32h7xx_hal.o
 .debug_rnglists
                0x0000033a       0xe0 ./Drivers/STM32H7xx_HAL_Driver/Src/stm32h7xx_hal_cortex.o
 .debug_rnglists
                0x0000041a       0x82 ./Drivers/STM32H7xx_HAL_Driver/Src/stm32h7xx_hal_dma.o
 .debug_rnglists
                0x0000049c       0x3f ./Drivers/STM32H7xx_HAL_Driver/Src/stm32h7xx_hal_gpio.o
 .debug_rnglists
                0x000004db      0x22a ./Drivers/STM32H7xx_HAL_Driver/Src/stm32h7xx_hal_i2c.o
 .debug_rnglists
                0x00000705       0x35 ./Drivers/STM32H7xx_HAL_Driver/Src/stm32h7xx_hal_i2c_ex.o
 .debug_rnglists
                0x0000073a      0x101 ./Drivers/STM32H7xx_HAL_Driver/Src/stm32h7xx_hal_i2s.o
 .debug_rnglists
                0x0000083b       0xf5 ./Drivers/STM32H7xx_HAL_Driver/Src/stm32h7xx_hal_pwr_ex.o
 .debug_rnglists
                0x00000930       0x68 ./Drivers/STM32H7xx_HAL_Driver/Src/stm32h7xx_hal_rcc.o
 .debug_rnglists
                0x00000998       0xc0 ./Drivers/STM32H7xx_HAL_Driver/Src/stm32h7xx_hal_rcc_ex.o

.debug_macro    0x00000000    0x35e7e
 .debug_macro   0x00000000      0x353 ./Core/Src/Codec.o
 .debug_macro   0x00000353      0xba4 ./Core/Src/Codec.o
 .debug_macro   0x00000ef7      0x232 ./Core/Src/Codec.o
 .debug_macro   0x00001129       0x2e ./Core/Src/Codec.o
 .debug_macro   0x00001157       0x3b ./Core/Src/Codec.o
 .debug_macro   0x00001192       0x1c ./Core/Src/Codec.o
 .debug_macro   0x000011ae       0x22 ./Core/Src/Codec.o
 .debug_macro   0x000011d0       0x8e ./Core/Src/Codec.o
 .debug_macro   0x0000125e       0x51 ./Core/Src/Codec.o
 .debug_macro   0x000012af      0x103 ./Core/Src/Codec.o
 .debug_macro   0x000013b2       0x6a ./Core/Src/Codec.o
 .debug_macro   0x0000141c      0x1df ./Core/Src/Codec.o
 .debug_macro   0x000015fb       0x1c ./Core/Src/Codec.o
 .debug_macro   0x00001617       0x22 ./Core/Src/Codec.o
 .debug_macro   0x00001639       0xfb ./Core/Src/Codec.o
 .debug_macro   0x00001734     0x1305 ./Core/Src/Codec.o
 .debug_macro   0x00002a39      0x11f ./Core/Src/Codec.o
 .debug_macro   0x00002b58       0x27 ./Core/Src/Codec.o
 .debug_macro   0x00002b7f    0x2127f ./Core/Src/Codec.o
 .debug_macro   0x00023dfe       0x6d ./Core/Src/Codec.o
 .debug_macro   0x00023e6b     0x3d64 ./Core/Src/Codec.o
 .debug_macro   0x00027bcf      0x190 ./Core/Src/Codec.o
 .debug_macro   0x00027d5f      0x1d6 ./Core/Src/Codec.o
 .debug_macro   0x00027f35       0x10 ./Core/Src/Codec.o
 .debug_macro   0x00027f45      0x417 ./Core/Src/Codec.o
 .debug_macro   0x0002835c       0x18 ./Core/Src/Codec.o
 .debug_macro   0x00028374       0x61 ./Core/Src/Codec.o
 .debug_macro   0x000283d5       0x29 ./Core/Src/Codec.o
 .debug_macro   0x000283fe       0x43 ./Core/Src/Codec.o
 .debug_macro   0x00028441       0x34 ./Core/Src/Codec.o
 .debug_macro   0x00028475       0x16 ./Core/Src/Codec.o
 .debug_macro   0x0002848b       0x43 ./Core/Src/Codec.o
 .debug_macro   0x000284ce       0x34 ./Core/Src/Codec.o
 .debug_macro   0x00028502       0x10 ./Core/Src/Codec.o
 .debug_macro   0x00028512       0x58 ./Core/Src/Codec.o
 .debug_macro   0x0002856a       0x8e ./Core/Src/Codec.o
 .debug_macro   0x000285f8       0x16 ./Core/Src/Codec.o
 .debug_macro   0x0002860e      0x177 ./Core/Src/Codec.o
 .debug_macro   0x00028785      0x38c ./Core/Src/Codec.o
 .debug_macro   0x00028b11      0x194 ./Core/Src/Codec.o
 .debug_macro   0x00028ca5       0x10 ./Core/Src/Codec.o
 .debug_macro   0x00028cb5       0x16 ./Core/Src/Codec.o
 .debug_macro   0x00028ccb       0x35 ./Core/Src/Codec.o
 .debug_macro   0x00028d00       0x16 ./Core/Src/Codec.o
 .debug_macro   0x00028d16       0x29 ./Core/Src/Codec.o
 .debug_macro   0x00028d3f       0x10 ./Core/Src/Codec.o
 .debug_macro   0x00028d4f      0x3c7 ./Core/Src/Codec.o
 .debug_macro   0x00029116       0x5d ./Core/Src/Codec.o
 .debug_macro   0x00029173     0x2462 ./Core/Src/Codec.o
 .debug_macro   0x0002b5d5     0x1079 ./Core/Src/Codec.o
 .debug_macro   0x0002c64e      0x154 ./Core/Src/Codec.o
 .debug_macro   0x0002c7a2      0x114 ./Core/Src/Codec.o
 .debug_macro   0x0002c8b6      0x3fc ./Core/Src/Codec.o
 .debug_macro   0x0002ccb2       0xac ./Core/Src/Codec.o
 .debug_macro   0x0002cd5e      0x788 ./Core/Src/Codec.o
 .debug_macro   0x0002d4e6      0x228 ./Core/Src/Codec.o
 .debug_macro   0x0002d70e       0x66 ./Core/Src/Codec.o
 .debug_macro   0x0002d774      0x3a6 ./Core/Src/Codec.o
 .debug_macro   0x0002db1a      0x3f9 ./Core/Src/Codec.o
 .debug_macro   0x0002df13      0x275 ./Core/Src/Codec.o
 .debug_macro   0x0002e188      0x3ca ./Core/Src/Codec.o
 .debug_macro   0x0002e552      0x45c ./Core/Src/Codec.o
 .debug_macro   0x0002e9ae       0x3c ./Core/Src/Codec.o
 .debug_macro   0x0002e9ea       0x4a ./Core/Src/Codec.o
 .debug_macro   0x0002ea34      0x22c ./Core/Src/Codec.o
 .debug_macro   0x0002ec60       0x67 ./Core/Src/Codec.o
 .debug_macro   0x0002ecc7       0xa5 ./Core/Src/Codec.o
 .debug_macro   0x0002ed6c      0x25d ./Core/Src/Codec.o
 .debug_macro   0x0002efc9      0x1c4 ./Core/Src/Codec.o
 .debug_macro   0x0002f18d      0x22a ./Core/Src/Codec.o
 .debug_macro   0x0002f3b7       0x35 ./Core/Src/Codec.o
 .debug_macro   0x0002f3ec      0x5e6 ./Core/Src/Codec.o
 .debug_macro   0x0002f9d2       0x16 ./Core/Src/Codec.o
 .debug_macro   0x0002f9e8      0x2a3 ./Core/Src/dma.o
 .debug_macro   0x0002fc8b      0xacc ./Core/Src/dma.o
 .debug_macro   0x00030757     0x1305 ./Core/Src/dma.o
 .debug_macro   0x00031a5c      0x189 ./Core/Src/dma.o
 .debug_macro   0x00031be5       0x34 ./Core/Src/dma.o
 .debug_macro   0x00031c19       0x43 ./Core/Src/dma.o
 .debug_macro   0x00031c5c       0x1c ./Core/Src/dma.o
 .debug_macro   0x00031c78      0x369 ./Core/Src/dma.o
 .debug_macro   0x00031fe1      0x19b ./Core/Src/dma.o
 .debug_macro   0x0003217c       0x10 ./Core/Src/dma.o
 .debug_macro   0x0003218c      0x2a3 ./Core/Src/gpio.o
 .debug_macro   0x0003242f      0x2a3 ./Core/Src/i2c.o
 .debug_macro   0x000326d2      0x2a3 ./Core/Src/i2s.o
 .debug_macro   0x00032975      0x2b8 ./Core/Src/led.o
 .debug_macro   0x00032c2d      0x16b ./Core/Src/llist.o
 .debug_macro   0x00032d98       0x3c ./Core/Src/llist.o
 .debug_macro   0x00032dd4       0x1c ./Core/Src/llist.o
 .debug_macro   0x00032df0       0x10 ./Core/Src/llist.o
 .debug_macro   0x00032e00       0x1c ./Core/Src/llist.o
 .debug_macro   0x00032e1c       0x16 ./Core/Src/llist.o
 .debug_macro   0x00032e32      0x138 ./Core/Src/llist.o
 .debug_macro   0x00032f6a      0x3dc ./Core/Src/main.o
 .debug_macro   0x00033346       0x10 ./Core/Src/main.o
 .debug_macro   0x00033356       0x3a ./Core/Src/main.o
 .debug_macro   0x00033390       0x16 ./Core/Src/main.o
 .debug_macro   0x000333a6      0x299 ./Core/Src/stm32h7xx_hal_msp.o
 .debug_macro   0x0003363f      0x2a3 ./Core/Src/stm32h7xx_it.o
 .debug_macro   0x000338e2      0x359 ./Core/Src/synth.o
 .debug_macro   0x00033c3b       0x5b ./Core/Src/synth.o
 .debug_macro   0x00033c96       0x94 ./Core/Src/synth.o
 .debug_macro   0x00033d2a       0x57 ./Core/Src/synth.o
 .debug_macro   0x00033d81       0xff ./Core/Src/sysmem.o
 .debug_macro   0x00033e80      0x23c ./Core/Src/sysmem.o
 .debug_macro   0x000340bc      0x28a ./Core/Src/system_stm32h7xx.o
 .debug_macro   0x00034346      0x2b4 ./Drivers/STM32H7xx_HAL_Driver/Src/stm32h7xx_hal.o
 .debug_macro   0x000345fa      0x28a ./Drivers/STM32H7xx_HAL_Driver/Src/stm32h7xx_hal_cortex.o
 .debug_macro   0x00034884      0x2de ./Drivers/STM32H7xx_HAL_Driver/Src/stm32h7xx_hal_dma.o
 .debug_macro   0x00034b62      0x291 ./Drivers/STM32H7xx_HAL_Driver/Src/stm32h7xx_hal_gpio.o
 .debug_macro   0x00034df3      0x356 ./Drivers/STM32H7xx_HAL_Driver/Src/stm32h7xx_hal_i2c.o
 .debug_macro   0x00035149      0x28a ./Drivers/STM32H7xx_HAL_Driver/Src/stm32h7xx_hal_i2c_ex.o
 .debug_macro   0x000353d3      0x292 ./Drivers/STM32H7xx_HAL_Driver/Src/stm32h7xx_hal_i2s.o
 .debug_macro   0x00035665      0x2c3 ./Drivers/STM32H7xx_HAL_Driver/Src/stm32h7xx_hal_pwr_ex.o
 .debug_macro   0x00035928      0x2ae ./Drivers/STM32H7xx_HAL_Driver/Src/stm32h7xx_hal_rcc.o
 .debug_macro   0x00035bd6      0x2a8 ./Drivers/STM32H7xx_HAL_Driver/Src/stm32h7xx_hal_rcc_ex.o

.debug_line     0x00000000    0x177ee
 .debug_line    0x00000000      0xdf9 ./Core/Src/Codec.o
 .debug_line    0x00000df9      0x893 ./Core/Src/dma.o
 .debug_line    0x0000168c      0x8a8 ./Core/Src/gpio.o
 .debug_line    0x00001f34      0x926 ./Core/Src/i2c.o
 .debug_line    0x0000285a      0x973 ./Core/Src/i2s.o
 .debug_line    0x000031cd      0x919 ./Core/Src/led.o
 .debug_line    0x00003ae6      0x666 ./Core/Src/llist.o
 .debug_line    0x0000414c     0x1003 ./Core/Src/main.o
 .debug_line    0x0000514f      0x896 ./Core/Src/stm32h7xx_hal_msp.o
 .debug_line    0x000059e5      0x972 ./Core/Src/stm32h7xx_it.o
 .debug_line    0x00006357     0x1221 ./Core/Src/synth.o
 .debug_line    0x00007578      0x583 ./Core/Src/sysmem.o
 .debug_line    0x00007afb      0xa48 ./Core/Src/system_stm32h7xx.o
 .debug_line    0x00008543       0x7a ./Core/Startup/startup_stm32h723vgtx.o
 .debug_line    0x000085bd      0xed9 ./Drivers/STM32H7xx_HAL_Driver/Src/stm32h7xx_hal.o
 .debug_line    0x00009496      0xe77 ./Drivers/STM32H7xx_HAL_Driver/Src/stm32h7xx_hal_cortex.o
 .debug_line    0x0000a30d     0x27ae ./Drivers/STM32H7xx_HAL_Driver/Src/stm32h7xx_hal_dma.o
 .debug_line    0x0000cabb      0xd0c ./Drivers/STM32H7xx_HAL_Driver/Src/stm32h7xx_hal_gpio.o
 .debug_line    0x0000d7c7     0x3eb4 ./Drivers/STM32H7xx_HAL_Driver/Src/stm32h7xx_hal_i2c.o
 .debug_line    0x0001167b      0xab5 ./Drivers/STM32H7xx_HAL_Driver/Src/stm32h7xx_hal_i2c_ex.o
 .debug_line    0x00012130     0x184b ./Drivers/STM32H7xx_HAL_Driver/Src/stm32h7xx_hal_i2s.o
 .debug_line    0x0001397b      0xec6 ./Drivers/STM32H7xx_HAL_Driver/Src/stm32h7xx_hal_pwr_ex.o
 .debug_line    0x00014841     0x136f ./Drivers/STM32H7xx_HAL_Driver/Src/stm32h7xx_hal_rcc.o
 .debug_line    0x00015bb0     0x1c3e ./Drivers/STM32H7xx_HAL_Driver/Src/stm32h7xx_hal_rcc_ex.o

.debug_str      0x00000000   0x13ed12
 .debug_str     0x00000000   0x13896a ./Core/Src/Codec.o
                             0x13904a (size before relaxing)
 .debug_str     0x0013896a      0xcc3 ./Core/Src/dma.o
                             0x136482 (size before relaxing)
 .debug_str     0x0013962d       0x5f ./Core/Src/gpio.o
                             0x135d40 (size before relaxing)
 .debug_str     0x0013968c      0x36d ./Core/Src/i2c.o
                             0x1366c0 (size before relaxing)
 .debug_str     0x001399f9      0x225 ./Core/Src/i2s.o
                             0x136655 (size before relaxing)
 .debug_str     0x00139c1e      0x18d ./Core/Src/led.o
                             0x135b6b (size before relaxing)
 .debug_str     0x00139dab      0x764 ./Core/Src/llist.o
                               0x7e3c (size before relaxing)
 .debug_str     0x0013a50f      0x78c ./Core/Src/main.o
                             0x139d8c (size before relaxing)
 .debug_str     0x0013ac9b       0x2c ./Core/Src/stm32h7xx_hal_msp.o
                             0x135c75 (size before relaxing)
 .debug_str     0x0013acc7       0xf4 ./Core/Src/stm32h7xx_it.o
                             0x135e2f (size before relaxing)
 .debug_str     0x0013adbb      0x1a7 ./Core/Src/synth.o
                             0x138cb8 (size before relaxing)
 .debug_str     0x0013af62      0x4d7 ./Core/Src/sysmem.o
                               0x611a (size before relaxing)
 .debug_str     0x0013b439      0x2a6 ./Core/Src/system_stm32h7xx.o
                             0x135edf (size before relaxing)
 .debug_str     0x0013b6df       0x44 ./Core/Startup/startup_stm32h723vgtx.o
                                 0x84 (size before relaxing)
 .debug_str     0x0013b723      0x948 ./Drivers/STM32H7xx_HAL_Driver/Src/stm32h7xx_hal.o
                             0x136f69 (size before relaxing)
 .debug_str     0x0013c06b      0x2c4 ./Drivers/STM32H7xx_HAL_Driver/Src/stm32h7xx_hal_cortex.o
                             0x136883 (size before relaxing)
 .debug_str     0x0013c32f      0x8ad ./Drivers/STM32H7xx_HAL_Driver/Src/stm32h7xx_hal_dma.o
                             0x136694 (size before relaxing)
 .debug_str     0x0013cbdc       0xec ./Drivers/STM32H7xx_HAL_Driver/Src/stm32h7xx_hal_gpio.o
                             0x135f2a (size before relaxing)
 .debug_str     0x0013ccc8      0xdb5 ./Drivers/STM32H7xx_HAL_Driver/Src/stm32h7xx_hal_i2c.o
                             0x136fc0 (size before relaxing)
 .debug_str     0x0013da7d       0xb8 ./Drivers/STM32H7xx_HAL_Driver/Src/stm32h7xx_hal_i2c_ex.o
                             0x13636f (size before relaxing)
 .debug_str     0x0013db35      0x3a3 ./Drivers/STM32H7xx_HAL_Driver/Src/stm32h7xx_hal_i2s.o
                             0x1363e1 (size before relaxing)
 .debug_str     0x0013ded8      0x5ee ./Drivers/STM32H7xx_HAL_Driver/Src/stm32h7xx_hal_pwr_ex.o
                             0x136332 (size before relaxing)
 .debug_str     0x0013e4c6      0x22e ./Drivers/STM32H7xx_HAL_Driver/Src/stm32h7xx_hal_rcc.o
                             0x1362ad (size before relaxing)
 .debug_str     0x0013e6f4      0x61e ./Drivers/STM32H7xx_HAL_Driver/Src/stm32h7xx_hal_rcc_ex.o
                             0x1367c5 (size before relaxing)

.comment        0x00000000       0x43
 .comment       0x00000000       0x43 ./Core/Src/Codec.o
                                 0x44 (size before relaxing)
 .comment       0x00000043       0x44 ./Core/Src/dma.o
 .comment       0x00000043       0x44 ./Core/Src/gpio.o
 .comment       0x00000043       0x44 ./Core/Src/i2c.o
 .comment       0x00000043       0x44 ./Core/Src/i2s.o
 .comment       0x00000043       0x44 ./Core/Src/led.o
 .comment       0x00000043       0x44 ./Core/Src/llist.o
 .comment       0x00000043       0x44 ./Core/Src/main.o
 .comment       0x00000043       0x44 ./Core/Src/stm32h7xx_hal_msp.o
 .comment       0x00000043       0x44 ./Core/Src/stm32h7xx_it.o
 .comment       0x00000043       0x44 ./Core/Src/synth.o
 .comment       0x00000043       0x44 ./Core/Src/sysmem.o
 .comment       0x00000043       0x44 ./Core/Src/system_stm32h7xx.o
 .comment       0x00000043       0x44 ./Drivers/STM32H7xx_HAL_Driver/Src/stm32h7xx_hal.o
 .comment       0x00000043       0x44 ./Drivers/STM32H7xx_HAL_Driver/Src/stm32h7xx_hal_cortex.o
 .comment       0x00000043       0x44 ./Drivers/STM32H7xx_HAL_Driver/Src/stm32h7xx_hal_dma.o
 .comment       0x00000043       0x44 ./Drivers/STM32H7xx_HAL_Driver/Src/stm32h7xx_hal_gpio.o
 .comment       0x00000043       0x44 ./Drivers/STM32H7xx_HAL_Driver/Src/stm32h7xx_hal_i2c.o
 .comment       0x00000043       0x44 ./Drivers/STM32H7xx_HAL_Driver/Src/stm32h7xx_hal_i2c_ex.o
 .comment       0x00000043       0x44 ./Drivers/STM32H7xx_HAL_Driver/Src/stm32h7xx_hal_i2s.o
 .comment       0x00000043       0x44 ./Drivers/STM32H7xx_HAL_Driver/Src/stm32h7xx_hal_pwr_ex.o
 .comment       0x00000043       0x44 ./Drivers/STM32H7xx_HAL_Driver/Src/stm32h7xx_hal_rcc.o
 .comment       0x00000043       0x44 ./Drivers/STM32H7xx_HAL_Driver/Src/stm32h7xx_hal_rcc_ex.o

.debug_frame    0x00000000     0x3988
 .debug_frame   0x00000000       0xcc ./Core/Src/Codec.o
 .debug_frame   0x000000cc       0x34 ./Core/Src/dma.o
 .debug_frame   0x00000100       0x34 ./Core/Src/gpio.o
 .debug_frame   0x00000134       0x78 ./Core/Src/i2c.o
 .debug_frame   0x000001ac       0x78 ./Core/Src/i2s.o
 .debug_frame   0x00000224       0xb4 ./Core/Src/led.o
 .debug_frame   0x000002d8       0xc8 ./Core/Src/llist.o
 .debug_frame   0x000003a0      0x134 ./Core/Src/main.o
 .debug_frame   0x000004d4       0x38 ./Core/Src/stm32h7xx_hal_msp.o
 .debug_frame   0x0000050c      0x120 ./Core/Src/stm32h7xx_it.o
 .debug_frame   0x0000062c       0x38 ./Core/Src/synth.o
 .debug_frame   0x00000664       0x34 ./Core/Src/sysmem.o
 .debug_frame   0x00000698       0x58 ./Core/Src/system_stm32h7xx.o
 .debug_frame   0x000006f0      0x760 ./Drivers/STM32H7xx_HAL_Driver/Src/stm32h7xx_hal.o
 .debug_frame   0x00000e50      0x508 ./Drivers/STM32H7xx_HAL_Driver/Src/stm32h7xx_hal_cortex.o
 .debug_frame   0x00001358      0x2b4 ./Drivers/STM32H7xx_HAL_Driver/Src/stm32h7xx_hal_dma.o
 .debug_frame   0x0000160c      0x14c ./Drivers/STM32H7xx_HAL_Driver/Src/stm32h7xx_hal_gpio.o
 .debug_frame   0x00001758      0xc40 ./Drivers/STM32H7xx_HAL_Driver/Src/stm32h7xx_hal_i2c.o
 .debug_frame   0x00002398      0x100 ./Drivers/STM32H7xx_HAL_Driver/Src/stm32h7xx_hal_i2c_ex.o
 .debug_frame   0x00002498      0x5b4 ./Drivers/STM32H7xx_HAL_Driver/Src/stm32h7xx_hal_i2s.o
 .debug_frame   0x00002a4c      0x540 ./Drivers/STM32H7xx_HAL_Driver/Src/stm32h7xx_hal_pwr_ex.o
 .debug_frame   0x00002f8c      0x1fc ./Drivers/STM32H7xx_HAL_Driver/Src/stm32h7xx_hal_rcc.o
 .debug_frame   0x00003188      0x414 ./Drivers/STM32H7xx_HAL_Driver/Src/stm32h7xx_hal_rcc_ex.o
 .debug_frame   0x0000359c       0x20 C:/ST/STM32CubeIDE_1.15.1/STM32CubeIDE/plugins/com.st.stm32cube.ide.mcu.externaltools.gnu-tools-for-stm32.12.3.rel1.win32_1.0.100.202403111256/tools/bin/../lib/gcc/arm-none-eabi/12.3.1/../../../../arm-none-eabi/lib/thumb/v7e-m+dp/hard\libstdc++_nano.a(del_ops.o)
 .debug_frame   0x000035bc       0x20 C:/ST/STM32CubeIDE_1.15.1/STM32CubeIDE/plugins/com.st.stm32cube.ide.mcu.externaltools.gnu-tools-for-stm32.12.3.rel1.win32_1.0.100.202403111256/tools/bin/../lib/gcc/arm-none-eabi/12.3.1/../../../../arm-none-eabi/lib/thumb/v7e-m+dp/hard\libstdc++_nano.a(del_op.o)
 .debug_frame   0x000035dc       0x30 C:/ST/STM32CubeIDE_1.15.1/STM32CubeIDE/plugins/com.st.stm32cube.ide.mcu.externaltools.gnu-tools-for-stm32.12.3.rel1.win32_1.0.100.202403111256/tools/bin/../lib/gcc/arm-none-eabi/12.3.1/../../../../arm-none-eabi/lib/thumb/v7e-m+dp/hard\libc_nano.a(libc_a-malloc.o)
 .debug_frame   0x0000360c       0x50 C:/ST/STM32CubeIDE_1.15.1/STM32CubeIDE/plugins/com.st.stm32cube.ide.mcu.externaltools.gnu-tools-for-stm32.12.3.rel1.win32_1.0.100.202403111256/tools/bin/../lib/gcc/arm-none-eabi/12.3.1/../../../../arm-none-eabi/lib/thumb/v7e-m+dp/hard\libc_nano.a(libc_a-mallocr.o)
 .debug_frame   0x0000365c       0x30 C:/ST/STM32CubeIDE_1.15.1/STM32CubeIDE/plugins/com.st.stm32cube.ide.mcu.externaltools.gnu-tools-for-stm32.12.3.rel1.win32_1.0.100.202403111256/tools/bin/../lib/gcc/arm-none-eabi/12.3.1/../../../../arm-none-eabi/lib/thumb/v7e-m+dp/hard\libc_nano.a(libc_a-mlock.o)
 .debug_frame   0x0000368c      0x144 C:/ST/STM32CubeIDE_1.15.1/STM32CubeIDE/plugins/com.st.stm32cube.ide.mcu.externaltools.gnu-tools-for-stm32.12.3.rel1.win32_1.0.100.202403111256/tools/bin/../lib/gcc/arm-none-eabi/12.3.1/../../../../arm-none-eabi/lib/thumb/v7e-m+dp/hard\libc_nano.a(libc_a-findfp.o)
 .debug_frame   0x000037d0       0x20 C:/ST/STM32CubeIDE_1.15.1/STM32CubeIDE/plugins/com.st.stm32cube.ide.mcu.externaltools.gnu-tools-for-stm32.12.3.rel1.win32_1.0.100.202403111256/tools/bin/../lib/gcc/arm-none-eabi/12.3.1/../../../../arm-none-eabi/lib/thumb/v7e-m+dp/hard\libc_nano.a(libc_a-memset.o)
 .debug_frame   0x000037f0       0x38 C:/ST/STM32CubeIDE_1.15.1/STM32CubeIDE/plugins/com.st.stm32cube.ide.mcu.externaltools.gnu-tools-for-stm32.12.3.rel1.win32_1.0.100.202403111256/tools/bin/../lib/gcc/arm-none-eabi/12.3.1/../../../../arm-none-eabi/lib/thumb/v7e-m+dp/hard\libc_nano.a(libc_a-reent.o)
 .debug_frame   0x00003828       0x2c C:/ST/STM32CubeIDE_1.15.1/STM32CubeIDE/plugins/com.st.stm32cube.ide.mcu.externaltools.gnu-tools-for-stm32.12.3.rel1.win32_1.0.100.202403111256/tools/bin/../lib/gcc/arm-none-eabi/12.3.1/../../../../arm-none-eabi/lib/thumb/v7e-m+dp/hard\libc_nano.a(libc_a-sbrkr.o)
 .debug_frame   0x00003854       0x20 C:/ST/STM32CubeIDE_1.15.1/STM32CubeIDE/plugins/com.st.stm32cube.ide.mcu.externaltools.gnu-tools-for-stm32.12.3.rel1.win32_1.0.100.202403111256/tools/bin/../lib/gcc/arm-none-eabi/12.3.1/../../../../arm-none-eabi/lib/thumb/v7e-m+dp/hard\libc_nano.a(libc_a-errno.o)
 .debug_frame   0x00003874       0x2c C:/ST/STM32CubeIDE_1.15.1/STM32CubeIDE/plugins/com.st.stm32cube.ide.mcu.externaltools.gnu-tools-for-stm32.12.3.rel1.win32_1.0.100.202403111256/tools/bin/../lib/gcc/arm-none-eabi/12.3.1/../../../../arm-none-eabi/lib/thumb/v7e-m+dp/hard\libc_nano.a(libc_a-init.o)
 .debug_frame   0x000038a0       0xb0 C:/ST/STM32CubeIDE_1.15.1/STM32CubeIDE/plugins/com.st.stm32cube.ide.mcu.externaltools.gnu-tools-for-stm32.12.3.rel1.win32_1.0.100.202403111256/tools/bin/../lib/gcc/arm-none-eabi/12.3.1/../../../../arm-none-eabi/lib/thumb/v7e-m+dp/hard\libc_nano.a(libc_a-lock.o)
 .debug_frame   0x00003950       0x38 C:/ST/STM32CubeIDE_1.15.1/STM32CubeIDE/plugins/com.st.stm32cube.ide.mcu.externaltools.gnu-tools-for-stm32.12.3.rel1.win32_1.0.100.202403111256/tools/bin/../lib/gcc/arm-none-eabi/12.3.1/../../../../arm-none-eabi/lib/thumb/v7e-m+dp/hard\libc_nano.a(libc_a-freer.o)

.debug_line_str
                0x00000000       0x68
 .debug_line_str
                0x00000000       0x68 ./Core/Startup/startup_stm32h723vgtx.o
