C:\ST\STM32CubeIDE_1.15.1\STM32CubeIDE\plugins\com.st.stm32cube.ide.mcu.externaltools.gnu-tools-for-stm32.12.3.rel1.win32_1.0.100.202403111256\tools\bin/../lib/gcc/arm-none-eabi/12.3.1/../../../../arm-none-eabi/include/c++/12.3.1/bits/stl_tree.h:1931:5:void std::_Rb_tree<_Key, _Val, _KeyOfValue, _Compare, _Alloc>::_M_erase(_Link_type) [with _Key = unsigned char; _Val = std::pair<const unsigned char, unsigned int>; _KeyOfValue = std::_Select1st<std::pair<const unsigned char, unsigned int> >; _Compare = std::less<unsigned char>; _Alloc = std::allocator<std::pair<const unsigned char, unsigned int> >]	16	static
../Core/Src/Parameter.h:21:6:void set_parameter_value(Parameter&, double)	0	static
../Core/Src/Parameter.h:32:6:void increase_value(Parameter&)	0	static
../Core/Src/Parameter.h:40:6:void decrease_value(Parameter&)	0	static
../Core/Src/Parameter.h:51:6:void update_parameter(Parameter&)	0	static
../Core/Src/EnvelopeADSR.h:26:12:double EnvelopeADSR::GetAmplitude(double) const	0	static
../Core/Src/MidiManager.h:33:6:bool is_vibrato_controller(uint8_t)	0	static
../Core/Src/Synth.cpp:26:8:double organGenerateSample(unsigned int, double)	56	static
../Core/Src/Synth.cpp:42:6:void generateSamples(void*, uint32_t, uint32_t)	72	static
../Core/Src/Synth.cpp:94:6:void clearSilencedNotes()	24	static
../Core/Src/Synth.cpp:112:6:void getSamples(void*, uint32_t, uint32_t)	16	static
C:\ST\STM32CubeIDE_1.15.1\STM32CubeIDE\plugins\com.st.stm32cube.ide.mcu.externaltools.gnu-tools-for-stm32.12.3.rel1.win32_1.0.100.202403111256\tools\bin/../lib/gcc/arm-none-eabi/12.3.1/../../../../arm-none-eabi/include/c++/12.3.1/bits/stl_tree.h:2530:5:std::_Rb_tree<_Key, _Val, _KeyOfValue, _Compare, _Alloc>::iterator std::_Rb_tree<_Key, _Val, _KeyOfValue, _Compare, _Alloc>::find(const _Key&) [with _Key = unsigned char; _Val = std::pair<const unsigned char, unsigned int>; _KeyOfValue = std::_Select1st<std::pair<const unsigned char, unsigned int> >; _Compare = std::less<unsigned char>; _Alloc = std::allocator<std::pair<const unsigned char, unsigned int> >]	20	static
../Core/Src/MidiManager.h:20:6:bool is_drawbar_controller(uint8_t)	16	static
../Core/Src/MidiManager.h:28:14:unsigned int get_drawbar_id(uint8_t)	16	static
../Core/Src/Synth.cpp:118:6:void executeMidiMessage(uint8_t*, uint8_t)	80	static
C:\ST\STM32CubeIDE_1.15.1\STM32CubeIDE\plugins\com.st.stm32cube.ide.mcu.externaltools.gnu-tools-for-stm32.12.3.rel1.win32_1.0.100.202403111256\tools\bin/../lib/gcc/arm-none-eabi/12.3.1/../../../../arm-none-eabi/include/c++/12.3.1/bits/stl_tree.h:2109:5:std::pair<std::_Rb_tree_node_base*, std::_Rb_tree_node_base*> std::_Rb_tree<_Key, _Val, _KeyOfValue, _Compare, _Alloc>::_M_get_insert_unique_pos(const key_type&) [with _Key = unsigned char; _Val = std::pair<const unsigned char, unsigned int>; _KeyOfValue = std::_Select1st<std::pair<const unsigned char, unsigned int> >; _Compare = std::less<unsigned char>; _Alloc = std::allocator<std::pair<const unsigned char, unsigned int> >]	24	static
C:\ST\STM32CubeIDE_1.15.1\STM32CubeIDE\plugins\com.st.stm32cube.ide.mcu.externaltools.gnu-tools-for-stm32.12.3.rel1.win32_1.0.100.202403111256\tools\bin/../lib/gcc/arm-none-eabi/12.3.1/../../../../arm-none-eabi/include/c++/12.3.1/bits/stl_map.h:238:7:std::map<_Key, _Tp, _Compare, _Alloc>::map(std::initializer_list<std::pair<const _Key, _Tp> >, const _Compare&, const allocator_type&) [with _Key = unsigned char; _Tp = unsigned int; _Compare = std::less<unsigned char>; _Alloc = std::allocator<std::pair<const unsigned char, unsigned int> >]	48	static
../Core/Src/Synth.cpp:182:1:cpp)	104	static
../Core/Src/Synth.cpp:182:1:cpp)	16	static
